Component: ARM Compiler 5.06 update 6 (build 750) Tool: armlink [4d35ed]

==============================================================================

Section Cross References

    main.o(i.main) refers to rt_memcpy_w.o(.text) for __aeabi_memcpy4
    main.o(i.main) refers to bsp.o(i.bsp_Init) for bsp_Init
    main.o(i.main) refers to misc.o(i.NVIC_PriorityGroupConfig) for NVIC_PriorityGroupConfig
    main.o(i.main) refers to usart.o(i.Usart1_Init) for Usart1_Init
    main.o(i.main) refers to usart.o(i.Usart2_Init) for Usart2_Init
    main.o(i.main) refers to usart.o(i.Usart3_Init) for Usart3_Init
    main.o(i.main) refers to usart.o(i.UsartPrintf) for UsartPrintf
    main.o(i.main) refers to oled.o(i.Lora_TH_Display) for Lora_TH_Display
    main.o(i.main) refers to esp8266.o(i.ESP8266_Init) for ESP8266_Init
    main.o(i.main) refers to bsp.o(i.delay_ms) for delay_ms
    main.o(i.main) refers to onenet.o(i.OneNet_DevLink) for OneNet_DevLink
    main.o(i.main) refers to bsp_led.o(i.bsp_BeepOn) for bsp_BeepOn
    main.o(i.main) refers to bsp_led.o(i.bsp_BeepOff) for bsp_BeepOff
    main.o(i.main) refers to onenet.o(i.OneNet_Subscribe) for OneNet_Subscribe
    main.o(i.main) refers to bsp_date.o(i.clrStruct) for clrStruct
    main.o(i.main) refers to bsp_date.o(i.BasisDate_Analysis) for BasisDate_Analysis
    main.o(i.main) refers to onenet.o(i.OneNet_Publish) for OneNet_Publish
    main.o(i.main) refers to bsp_date.o(i.AllDate_Analysis) for AllDate_Analysis
    main.o(i.main) refers to esp8266.o(i.ESP8266_Clear) for ESP8266_Clear
    main.o(i.main) refers to esp8266.o(i.ESP8266_GetIPD) for ESP8266_GetIPD
    main.o(i.main) refers to onenet.o(i.OneNet_RevPro) for OneNet_RevPro
    main.o(i.main) refers to main.o(.constdata) for .constdata
    main.o(i.main) refers to bsp_date.o(.data) for Lora_rxd_flag
    main.o(i.main) refers to bsp_date.o(.bss) for buffer_basisdate
    main.o(.constdata) refers to main.o(.conststring) for .conststring
    bsp_led.o(i.bsp_InitBeep) refers to stm32f10x_rcc.o(i.RCC_APB2PeriphClockCmd) for RCC_APB2PeriphClockCmd
    bsp_led.o(i.bsp_InitBeep) refers to stm32f10x_gpio.o(i.GPIO_Init) for GPIO_Init
    bsp_led.o(i.bsp_InitLed) refers to stm32f10x_rcc.o(i.RCC_APB2PeriphClockCmd) for RCC_APB2PeriphClockCmd
    bsp_led.o(i.bsp_InitLed) refers to stm32f10x_gpio.o(i.GPIO_Init) for GPIO_Init
    bsp_timer.o(i.SysTick_Handler) refers to bsp_timer.o(i.SysTick_ISR) for SysTick_ISR
    bsp_timer.o(i.SysTick_ISR) refers to bsp_timer.o(i.bsp_SoftTimerDec) for bsp_SoftTimerDec
    bsp_timer.o(i.SysTick_ISR) refers to bsp.o(i.bsp_RunPer1ms) for bsp_RunPer1ms
    bsp_timer.o(i.SysTick_ISR) refers to bsp.o(i.bsp_RunPer10ms) for bsp_RunPer10ms
    bsp_timer.o(i.SysTick_ISR) refers to bsp_timer.o(.data) for s_uiDelayCount
    bsp_timer.o(i.SysTick_ISR) refers to bsp_timer.o(.bss) for s_tTmr
    bsp_timer.o(i.bsp_CheckRunTime) refers to bsp_timer.o(i.__set_PRIMASK) for __set_PRIMASK
    bsp_timer.o(i.bsp_CheckRunTime) refers to bsp_timer.o(.data) for g_iRunTime
    bsp_timer.o(i.bsp_CheckTimer) refers to bsp_timer.o(.bss) for s_tTmr
    bsp_timer.o(i.bsp_DelayMS) refers to bsp_timer.o(i.__set_PRIMASK) for __set_PRIMASK
    bsp_timer.o(i.bsp_DelayMS) refers to bsp.o(i.bsp_Idle) for bsp_Idle
    bsp_timer.o(i.bsp_DelayMS) refers to bsp_timer.o(.data) for s_uiDelayCount
    bsp_timer.o(i.bsp_DelayUS) refers to system_stm32f10x.o(.data) for SystemCoreClock
    bsp_timer.o(i.bsp_GetRunTime) refers to bsp_timer.o(i.__set_PRIMASK) for __set_PRIMASK
    bsp_timer.o(i.bsp_GetRunTime) refers to bsp_timer.o(.data) for g_iRunTime
    bsp_timer.o(i.bsp_InitTimer) refers to bsp_timer.o(.bss) for s_tTmr
    bsp_timer.o(i.bsp_InitTimer) refers to system_stm32f10x.o(.data) for SystemCoreClock
    bsp_timer.o(i.bsp_StartAutoTimer) refers to bsp_timer.o(i.__set_PRIMASK) for __set_PRIMASK
    bsp_timer.o(i.bsp_StartAutoTimer) refers to bsp_timer.o(.bss) for s_tTmr
    bsp_timer.o(i.bsp_StartTimer) refers to bsp_timer.o(i.__set_PRIMASK) for __set_PRIMASK
    bsp_timer.o(i.bsp_StartTimer) refers to bsp_timer.o(.bss) for s_tTmr
    bsp_timer.o(i.bsp_StopTimer) refers to bsp_timer.o(i.__set_PRIMASK) for __set_PRIMASK
    bsp_timer.o(i.bsp_StopTimer) refers to bsp_timer.o(.bss) for s_tTmr
    bsp.o(i.bsp_Init) refers to misc.o(i.NVIC_PriorityGroupConfig) for NVIC_PriorityGroupConfig
    bsp.o(i.bsp_Init) refers to bsp_led.o(i.bsp_InitLed) for bsp_InitLed
    bsp.o(i.bsp_Init) refers to oled.o(i.OLED_Init) for OLED_Init
    bsp.o(i.bsp_Init) refers to bsp_timer.o(i.bsp_InitTimer) for bsp_InitTimer
    bsp.o(i.delay_ms) refers to bsp_timer.o(i.bsp_DelayMS) for bsp_DelayMS
    bsp.o(i.delay_us) refers to bsp_timer.o(i.bsp_DelayUS) for bsp_DelayUS
    esp8266.o(i.ESP8266_Clear) refers to rt_memclr.o(.text) for __aeabi_memclr
    esp8266.o(i.ESP8266_Clear) refers to esp8266.o(.bss) for esp8266_buf
    esp8266.o(i.ESP8266_Clear) refers to esp8266.o(.data) for esp8266_cnt
[...]
    _printf_a                                0x080001bf   Thumb Code     0  _printf_a.o(.ARM.Collect$$_printf_percent$$00000006)
    _printf_ll                               0x080001c5   Thumb Code     0  _printf_ll.o(.ARM.Collect$$_printf_percent$$00000007)
    _printf_i                                0x080001cf   Thumb Code     0  _printf_i.o(.ARM.Collect$$_printf_percent$$00000008)
    _printf_d                                0x080001d5   Thumb Code     0  _printf_d.o(.ARM.Collect$$_printf_percent$$00000009)
    _printf_u                                0x080001db   Thumb Code     0  _printf_u.o(.ARM.Collect$$_printf_percent$$0000000A)
    _printf_o                                0x080001e1   Thumb Code     0  _printf_o.o(.ARM.Collect$$_printf_percent$$0000000B)
    _printf_x                                0x080001e7   Thumb Code     0  _printf_x.o(.ARM.Collect$$_printf_percent$$0000000C)
    _printf_lli                              0x080001ed   Thumb Code     0  _printf_lli.o(.ARM.Collect$$_printf_percent$$0000000D)
    _printf_lld                              0x080001f3   Thumb Code     0  _printf_lld.o(.ARM.Collect$$_printf_percent$$0000000E)
    _printf_llu                              0x080001f9   Thumb Code     0  _printf_llu.o(.ARM.Collect$$_printf_percent$$0000000F)
    _printf_llo                              0x080001ff   Thumb Code     0  _printf_llo.o(.ARM.Collect$$_printf_percent$$00000010)
    _printf_llx                              0x08000205   Thumb Code     0  _printf_llx.o(.ARM.Collect$$_printf_percent$$00000011)
    _printf_l                                0x0800020b   Thumb Code     0  _printf_l.o(.ARM.Collect$$_printf_percent$$00000012)
    _printf_c                                0x08000215   Thumb Code     0  _printf_c.o(.ARM.Collect$$_printf_percent$$00000013)
    _printf_s                                0x0800021b   Thumb Code     0  _printf_s.o(.ARM.Collect$$_printf_percent$$00000014)
    _printf_lc                               0x08000221   Thumb Code     0  _printf_lc.o(.ARM.Collect$$_printf_percent$$00000015)
    _printf_ls                               0x08000227   Thumb Code     0  _printf_ls.o(.ARM.Collect$$_printf_percent$$00000016)
    _printf_percent_end                      0x0800022d   Thumb Code     0  _printf_percent_end.o(.ARM.Collect$$_printf_percent$$00000017)
    __rt_lib_init                            0x08000231   Thumb Code     0  libinit.o(.ARM.Collect$$libinit$$00000000)
    __rt_lib_init_fp_1                       0x08000233   Thumb Code     0  libinit2.o(.ARM.Collect$$libinit$$00000002)
    __rt_lib_init_heap_2                     0x08000233   Thumb Code     0  libinit2.o(.ARM.Collect$$libinit$$00000005)
    __rt_lib_init_preinit_1                  0x08000233   Thumb Code     0  libinit2.o(.ARM.Collect$$libinit$$00000004)
    __rt_lib_init_heap_1                     0x0800023b   Thumb Code     0  libinit2.o(.ARM.Collect$$libinit$$0000000A)
    __rt_lib_init_lc_common                  0x0800023b   Thumb Code     0  libinit2.o(.ARM.Collect$$libinit$$0000000F)
    __rt_lib_init_rand_1                     0x0800023b   Thumb Code     0  libinit2.o(.ARM.Collect$$libinit$$0000000E)
    __rt_lib_init_user_alloc_1               0x0800023b   Thumb Code     0  libinit2.o(.ARM.Collect$$libinit$$0000000C)
    __rt_lib_init_lc_collate_1               0x08000241   Thumb Code     0  libinit2.o(.ARM.Collect$$libinit$$00000011)
    __rt_lib_init_lc_ctype_2                 0x08000241   Thumb Code     0  libinit2.o(.ARM.Collect$$libinit$$00000012)
    __rt_lib_init_lc_ctype_1                 0x0800024d   Thumb Code     0  libinit2.o(.ARM.Collect$$libinit$$00000013)
    __rt_lib_init_lc_monetary_1              0x0800024d   Thumb Code     0  libinit2.o(.ARM.Collect$$libinit$$00000015)
    __rt_lib_init_lc_numeric_2               0x0800024d   Thumb Code     0  libinit2.o(.ARM.Collect$$libinit$$00000016)
    __rt_lib_init_alloca_1                   0x08000257   Thumb Code     0  libinit2.o(.ARM.Collect$$libinit$$0000002E)
    __rt_lib_init_argv_1                     0x08000257   Thumb Code     0  libinit2.o(.ARM.Collect$$libinit$$0000002C)
    __rt_lib_init_atexit_1                   0x08000257   Thumb Code     0  libinit2.o(.ARM.Collect$$libinit$$0000001B)
    __rt_lib_init_clock_1                    0x08000257   Thumb Code     0  libinit2.o(.ARM.Collect$$libinit$$00000021)
    __rt_lib_init_cpp_1                      0x08000257   Thumb Code     0  libinit2.o(.ARM.Collect$$libinit$$00000032)
    __rt_lib_init_exceptions_1               0x08000257   Thumb Code     0  libinit2.o(.ARM.Collect$$libinit$$00000030)
    __rt_lib_init_fp_trap_1                  0x08000257   Thumb Code     0  libinit2.o(.ARM.Collect$$libinit$$0000001F)
    __rt_lib_init_getenv_1                   0x08000257   Thumb Code     0  libinit2.o(.ARM.Collect$$libinit$$00000023)
    __rt_lib_init_lc_numeric_1               0x08000257   Thumb Code     0  libinit2.o(.ARM.Collect$$libinit$$00000017)
    __rt_lib_init_lc_time_1                  0x08000257   Thumb Code     0  libinit2.o(.ARM.Collect$$libinit$$00000019)
    __rt_lib_init_return                     0x08000257   Thumb Code     0  libinit2.o(.ARM.Collect$$libinit$$00000033)
    __rt_lib_init_signal_1                   0x08000257   Thumb Code     0  libinit2.o(.ARM.Collect$$libinit$$0000001D)
    __rt_lib_init_stdio_1                    0x08000257   Thumb Code     0  libinit2.o(.ARM.Collect$$libinit$$00000025)
    __rt_lib_shutdown                        0x08000259   Thumb Code     0  libshutdown.o(.ARM.Collect$$libshutdown$$00000000)
    __rt_lib_shutdown_cpp_1                  0x0800025b   Thumb Code     0  libshutdown2.o(.ARM.Collect$$libshutdown$$00000002)
    __rt_lib_shutdown_fp_trap_1              0x0800025b   Thumb Code     0  libshutdown2.o(.ARM.Collect$$libshutdown$$00000007)
    __rt_lib_shutdown_heap_1                 0x0800025b   Thumb Code     0  libshutdown2.o(.ARM.Collect$$libshutdown$$0000000F)
    __rt_lib_shutdown_return                 0x0800025b   Thumb Code     0  libshutdown2.o(.ARM.Collect$$libshutdown$$00000010)
    __rt_lib_shutdown_signal_1               0x0800025b   Thumb Code     0  libshutdown2.o(.ARM.Collect$$libshutdown$$0000000A)
    __rt_lib_shutdown_stdio_1                0x0800025b   Thumb Code     0  libshutdown2.o(.ARM.Collect$$libshutdown$$00000004)
    __rt_lib_shutdown_user_alloc_1           0x0800025b   Thumb Code     0  libshutdown2.o(.ARM.Collect$$libshutdown$$0000000C)
    __rt_entry                               0x0800025d   Thumb Code     0  __rtentry.o(.ARM.Collect$$rtentry$$00000000)
    __rt_entry_presh_1                       0x0800025d   Thumb Code     0  __rtentry2.o(.ARM.Collect$$rtentry$$00000002)
    __rt_entry_sh                            0x0800025d   Thumb Code     0  __rtentry4.o(.ARM.Collect$$rtentry$$00000004)
    __rt_entry_li                            0x08000263   Thumb Code     0  __rtentry2.o(.ARM.Collect$$rtentry$$0000000A)
    __rt_entry_postsh_1                      0x08000263   Thumb Code     0  __rtentry2.o(.ARM.Collect$$rtentry$$00000009)
    __rt_entry_main                          0x08000267   Thumb Code     0  __rtentry2.o(.ARM.Collect$$rtentry$$0000000D)
    __rt_entry_postli_1                      0x08000267   Thumb Code     0  __rtentry2.o(.ARM.Collect$$rtentry$$0000000C)
    __rt_exit                                0x0800026f   Thumb Code     0  rtexit.o(.ARM.Collect$$rtexit$$00000000)
    __rt_exit_ls                             0x08000271   Thumb Code     0  rtexit2.o(.ARM.Collect$$rtexit$$00000003)
    __rt_exit_prels_1                        0x08000271   Thumb Code     0  rtexit2.o(.ARM.Collect$$rtexit$$00000002)
    __rt_exit_exit                           0x08000275   Thumb Code     0  rtexit2.o(.ARM.Collect$$rtexit$$00000004)
    Reset_Handler                            0x0800027d   Thumb Code     8  startup_stm32f10x_md.o(.text)
    _maybe_terminate_alloc                   0x0800027d   Thumb Code     0  maybetermalloc1.o(.emb_text)
    ADC1_2_IRQHandler                        0x08000297   Thumb Code     0  startup_stm32f10x_md.o(.text)
    CAN1_RX1_IRQHandler                      0x08000297   Thumb Code     0  startup_stm32f10x_md.o(.text)
    CAN1_SCE_IRQHandler                      0x08000297   Thumb Code     0  startup_stm32f10x_md.o(.text)
    DMA1_Channel1_IRQHandler                 0x08000297   Thumb Code     0  startup_stm32f10x_md.o(.text)
    DMA1_Channel2_IRQHandler                 0x08000297   Thumb Code     0  startup_stm32f10x_md.o(.text)
    DMA1_Channel3_IRQHandler                 0x08000297   Thumb Code     0  startup_stm32f10x_md.o(.text)
    DMA1_Channel4_IRQHandler                 0x08000297   Thumb Code     0  startup_stm32f10x_md.o(.text)
    DMA1_Channel5_IRQHandler                 0x08000297   Thumb Code     0  startup_stm32f10x_md.o(.text)
    DMA1_Channel6_IRQHandler                 0x08000297   Thumb Code     0  startup_stm32f10x_md.o(.text)
    DMA1_Channel7_IRQHandler                 0x08000297   Thumb Code     0  startup_stm32f10x_md.o(.text)
    EXTI0_IRQHandler                         0x08000297   Thumb Code     0  startup_stm32f10x_md.o(.text)
    EXTI15_10_IRQHandler                     0x08000297   Thumb Code     0  startup_stm32f10x_md.o(.text)
    EXTI1_IRQHandler                         0x08000297   Thumb Code     0  startup_stm32f10x_md.o(.text)
    EXTI2_IRQHandler                         0x08000297   Thumb Code     0  startup_stm32f10x_md.o(.text)
    EXTI3_IRQHandler                         0x08000297   Thumb Code     0  startup_stm32f10x_md.o(.text)
    EXTI4_IRQHandler                         0x08000297   Thumb Code     0  startup_stm32f10x_md.o(.text)
    EXTI9_5_IRQHandler                       0x08000297   Thumb Code     0  startup_stm32f10x_md.o(.text)
    FLASH_IRQHandler                         0x08000297   Thumb Code     0  startup_stm32f10x_md.o(.text)
    I2C1_ER_IRQHandler                       0x08000297   Thumb Code     0  startup_stm32f10x_md.o(.text)
    I2C1_EV_IRQHandler                       0x08000297   Thumb Code     0  startup_stm32f10x_md.o(.text)
    I2C2_ER_IRQHandler                       0x08000297   Thumb Code     0  startup_stm32f10x_md.o(.text)
    I2C2_EV_IRQHandler                       0x08000297   Thumb Code     0  startup_stm32f10x_md.o(.text)
    PVD_IRQHandler                           0x08000297   Thumb Code     0  startup_stm32f10x_md.o(.text)
    RCC_IRQHandler                           0x08000297   Thumb Code     0  startup_stm32f10x_md.o(.text)
    RTCAlarm_IRQHandler                      0x08000297   Thumb Code     0  startup_stm32f10x_md.o(.text)
    RTC_IRQHandler                           0x08000297   Thumb Code     0  startup_stm32f10x_md.o(.text)
    SPI1_IRQHandler                          0x08000297   Thumb Code     0  startup_stm32f10x_md.o(.text)
    SPI2_IRQHandler                          0x08000297   Thumb Code     0  startup_stm32f10x_md.o(.text)
    TAMPER_IRQHandler                        0x08000297   Thumb Code     0  startup_stm32f10x_md.o(.text)
    TIM1_BRK_IRQHandler                      0x08000297   Thumb Code     0  startup_stm32f10x_md.o(.text)
    TIM1_CC_IRQHandler                       0x08000297   Thumb Code     0  startup_stm32f10x_md.o(.text)
    TIM1_TRG_COM_IRQHandler                  0x08000297   Thumb Code     0  startup_stm32f10x_md.o(.text)
    TIM1_UP_IRQHandler                       0x08000297   Thumb Code     0  startup_stm32f10x_md.o(.text)
    TIM2_IRQHandler                          0x08000297   Thumb Code     0  startup_stm32f10x_md.o(.text)
    TIM3_IRQHandler                          0x08000297   Thumb Code     0  startup_stm32f10x_md.o(.text)
    TIM4_IRQHandler                          0x08000297   Thumb Code     0  startup_stm32f10x_md.o(.text)
    USBWakeUp_IRQHandler                     0x08000297   Thumb Code     0  startup_stm32f10x_md.o(.text)
    USB_HP_CAN1_TX_IRQHandler                0x08000297   Thumb Code     0  startup_stm32f10x_md.o(.text)
    USB_LP_CAN1_RX0_IRQHandler               0x08000297   Thumb Code     0  startup_stm32f10x_md.o(.text)
    WWDG_IRQHandler                          0x08000297   Thumb Code     0  startup_stm32f10x_md.o(.text)
    __user_initial_stackheap                 0x08000299   Thumb Code     0  startup_stm32f10x_md.o(.text)
    __use_no_semihosting                     0x080002bd   Thumb Code     2  use_no_semi_2.o(.text)
    malloc                                   0x080002bf   Thumb Code    94  h1_alloc.o(.text)
    free                                     0x0800031d   Thumb Code    78  h1_free.o(.text)
    tolower                                  0x0800036b   Thumb Code    26  tolower.o(.text)
    __c89vsnprintf                           0x08000385   Thumb Code    48  c89vsnprintf.o(.text)
    __2printf                                0x080003b9   Thumb Code    20  __2printf.o(.text)
    __2sprintf                               0x080003d1   Thumb Code    38  __2sprintf.o(.text)
    _printf_pre_padding                      0x080003fd   Thumb Code    44  _printf_pad.o(.text)
    _printf_post_padding                     0x08000429   Thumb Code    34  _printf_pad.o(.text)
    _printf_str                              0x0800044b   Thumb Code    82  _printf_str.o(.text)
    _printf_int_dec                          0x0800049d   Thumb Code   104  _printf_dec.o(.text)
    _printf_longlong_hex                     0x08000515   Thumb Code    86  _printf_hex_int_ll_ptr.o(.text)
    _printf_int_hex                          0x0800056b   Thumb Code    28  _printf_hex_int_ll_ptr.o(.text)
    _printf_ll_hex                           0x08000587   Thumb Code    12  _printf_hex_int_ll_ptr.o(.text)
    _printf_hex_ptr                          0x08000593   Thumb Code    18  _printf_hex_int_ll_ptr.o(.text)
    __printf                                 0x080005a9   Thumb Code   388  __printf_flags_ss_wp.o(.text)
    atoi                                     0x08000731   Thumb Code    26  atoi.o(.text)
    strchr                                   0x0800074b   Thumb Code    20  strchr.o(.text)
    strncat                                  0x0800075f   Thumb Code    36  strncat.o(.text)
    strstr                                   0x08000783   Thumb Code    36  strstr.o(.text)
    strlen                                   0x080007a7   Thumb Code    62  strlen.o(.text)
    strncmp                                  0x080007e5   Thumb Code   150  strncmp.o(.text)
    __aeabi_memcpy                           0x0800087b   Thumb Code     0  rt_memcpy_v6.o(.text)
    __rt_memcpy                              0x0800087b   Thumb Code   138  rt_memcpy_v6.o(.text)
    _memcpy_lastbytes                        0x080008e1   Thumb Code     0  rt_memcpy_v6.o(.text)
    __aeabi_memcpy4                          0x08000905   Thumb Code     0  rt_memcpy_w.o(.text)
    __aeabi_memcpy8                          0x08000905   Thumb Code     0  rt_memcpy_w.o(.text)
    __rt_memcpy_w                            0x08000905   Thumb Code   100  rt_memcpy_w.o(.text)
    _memcpy_lastbytes_aligned                0x0800094d   Thumb Code     0  rt_memcpy_w.o(.text)
    __aeabi_memclr                           0x08000969   Thumb Code     0  rt_memclr.o(.text)
    __rt_memclr                              0x08000969   Thumb Code    68  rt_memclr.o(.text)
    _memset                                  0x0800096d   Thumb Code     0  rt_memclr.o(.text)
    __aeabi_memclr4                          0x080009ad   Thumb Code     0  rt_memclr_w.o(.text)
    __aeabi_memclr8                          0x080009ad   Thumb Code     0  rt_memclr_w.o(.text)
    __rt_memclr_w                            0x080009ad   Thumb Code    78  rt_memclr_w.o(.text)
    _memset_w                                0x080009b1   Thumb Code     0  rt_memclr_w.o(.text)
    __use_two_region_memory                  0x080009fb   Thumb Code     2  heapauxi.o(.text)
    __rt_heap_escrow                         0x080009fd   Thumb Code     2  heapauxi.o(.text)
    __rt_heap_expand                         0x080009ff   Thumb Code     2  heapauxi.o(.text)
    __I$use$semihosting                      0x08000a01   Thumb Code     0  use_no_semi.o(.text)
    __use_no_semihosting_swi                 0x08000a01   Thumb Code     2  use_no_semi.o(.text)
    __rt_ctype_table                         0x08000a05   Thumb Code    16  rt_ctype_table.o(.text)
    __rt_heap_descriptor                     0x08000a15   Thumb Code     8  rt_heap_descriptor_intlibspace.o(.text)
    __aeabi_errno_addr                       0x08000a1d   Thumb Code     8  rt_errno_addr_intlibspace.o(.text)
    __errno$intlibspace                      0x08000a1d   Thumb Code     0  rt_errno_addr_intlibspace.o(.text)
    __rt_errno_addr$intlibspace              0x08000a1d   Thumb Code     0  rt_errno_addr_intlibspace.o(.text)
    __use_no_heap                            0x08000a25   Thumb Code     2  hguard.o(.text)
    __heap$guard                             0x08000a27   Thumb Code     2  hguard.o(.text)
    _terminate_user_alloc                    0x08000a29   Thumb Code     2  init_alloc.o(.text)
    _init_user_alloc                         0x08000a2b   Thumb Code     2  init_alloc.o(.text)
    __Heap_Full                              0x08000a2d   Thumb Code    34  init_alloc.o(.text)
    __Heap_Broken                            0x08000a4f   Thumb Code     6  init_alloc.o(.text)
    _init_alloc                              0x08000a55   Thumb Code    94  init_alloc.o(.text)
    __Heap_Initialize                        0x08000ab3   Thumb Code    10  h1_init.o(.text)
    __Heap_DescSize                          0x08000abd   Thumb Code     4  h1_init.o(.text)
    __read_errno                             0x08000ac1   Thumb Code    10  _rserrno.o(.text)
    __set_errno                              0x08000acb   Thumb Code    12  _rserrno.o(.text)
    _printf_truncate_signed                  0x08000ad7   Thumb Code    18  _printf_truncate.o(.text)
    _printf_truncate_unsigned                0x08000ae9   Thumb Code    18  _printf_truncate.o(.text)
    _printf_int_common                       0x08000afb   Thumb Code   178  _printf_intcommon.o(.text)
    _printf_charcount                        0x08000bad   Thumb Code    40  _printf_charcount.o(.text)
    __lib_sel_fp_printf                      0x08000bd5   Thumb Code     2  _printf_fp_dec.o(.text)
    _printf_fp_dec_real                      0x08000d87   Thumb Code   620  _printf_fp_dec.o(.text)
    _printf_char_common                      0x08000fff   Thumb Code    32  _printf_char_common.o(.text)
    _sputc                                   0x08001025   Thumb Code    10  _sputc.o(.text)
    _snputc                                  0x0800102f   Thumb Code    16  _snputc.o(.text)
    _printf_cs_common                        0x0800103f   Thumb Code    20  _printf_char.o(.text)
    _printf_char                             0x08001053   Thumb Code    16  _printf_char.o(.text)
    _printf_string                           0x08001063   Thumb Code     8  _printf_char.o(.text)
    _printf_char_file                        0x0800106d   Thumb Code    32  _printf_char_file.o(.text)
    _printf_wctomb                           0x08001091   Thumb Code   182  _printf_wctomb.o(.text)
    _printf_longlong_dec                     0x0800114d   Thumb Code   108  _printf_longlong_dec.o(.text)
    _printf_longlong_oct                     0x080011c9   Thumb Code    66  _printf_oct_int_ll.o(.text)
    _printf_int_oct                          0x0800120b   Thumb Code    24  _printf_oct_int_ll.o(.text)
    _printf_ll_oct                           0x08001223   Thumb Code    12  _printf_oct_int_ll.o(.text)
    strtol                                   0x08001239   Thumb Code   112  strtol.o(.text)
    __user_libspace                          0x080012a9   Thumb Code     8  libspace.o(.text)
    __user_perproc_libspace                  0x080012a9   Thumb Code     0  libspace.o(.text)
    __user_perthread_libspace                0x080012a9   Thumb Code     0  libspace.o(.text)
    __rt_locale                              0x080012b1   Thumb Code     8  rt_locale_intlibspace.o(.text)
    __Heap_ProvideMemory                     0x080012b9   Thumb Code    52  h1_extend.o(.text)
    _ll_udiv10                               0x080012ed   Thumb Code   138  lludiv10.o(.text)
    _printf_fp_infnan                        0x08001379   Thumb Code   112  _printf_fp_infnan.o(.text)
    _printf_lcs_common                       0x080013f9   Thumb Code    20  _printf_wchar.o(.text)
    _printf_wchar                            0x0800140d   Thumb Code    16  _printf_wchar.o(.text)
    _printf_wstring                          0x0800141d   Thumb Code     8  _printf_wchar.o(.text)
    _strtoul                                 0x08001425   Thumb Code   158  _strtoul.o(.text)
    _btod_etento                             0x080014c5   Thumb Code   224  bigflt0.o(.text)
    ferror                                   0x080015a9   Thumb Code     8  ferror.o(.text)
    _wcrtomb                                 0x080015b1   Thumb Code    64  _wcrtomb.o(.text)
    __rt_SIGRTMEM                            0x080015f1   Thumb Code    14  defsig_rtmem_outer.o(.text)
    __user_setup_stackheap                   0x080015ff   Thumb Code    74  sys_stackheap_outer.o(.text)
    _chval                                   0x08001649   Thumb Code    28  _chval.o(.text)
    exit                                     0x08001665   Thumb Code    18  exit.o(.text)
    __sig_exit                               0x08001677   Thumb Code    10  defsig_exit.o(.text)
    __rt_SIGRTMEM_inner                      0x08001681   Thumb Code    22  defsig_rtmem_inner.o(.text)
    strcmp                                   0x080016d1   Thumb Code   128  strcmpv7m.o(.text)
    __default_signal_display                 0x08001751   Thumb Code    50  defsig_general.o(.text)
    _btod_d2e                                0x08001783   Thumb Code    62  btod.o(CL$$btod_d2e)
    _d2e_denorm_low                          0x080017c1   Thumb Code    70  btod.o(CL$$btod_d2e_denorm_low)
    _d2e_norm_op1                            0x08001807   Thumb Code    96  btod.o(CL$$btod_d2e_norm_op1)
    __btod_div_common                        0x08001867   Thumb Code   696  btod.o(CL$$btod_div_common)
    _e2e                                     0x08001b9f   Thumb Code   220  btod.o(CL$$btod_e2e)
    _btod_ediv                               0x08001c7b   Thumb Code    42  btod.o(CL$$btod_ediv)
    _btod_emul                               0x08001ca5   Thumb Code    42  btod.o(CL$$btod_emul)
    __btod_mult_common                       0x08001ccf   Thumb Code   580  btod.o(CL$$btod_mult_common)
    AllDate_Analysis                         0x08001f15   Thumb Code   340  bsp_date.o(i.AllDate_Analysis)
    BasisDate_Analysis                       0x080020e1   Thumb Code   340  bsp_date.o(i.BasisDate_Analysis)
    BusFault_Handler                         0x080022c9   Thumb Code     4  stm32f10x_it.o(i.BusFault_Handler)
    DebugMon_Handler                         0x080022cd   Thumb Code     2  stm32f10x_it.o(i.DebugMon_Handler)
    ESP8266_Clear                            0x080022d1   Thumb Code    18  esp8266.o(i.ESP8266_Clear)
    ESP8266_GetIPD                           0x080022ed   Thumb Code    66  esp8266.o(i.ESP8266_GetIPD)
    ESP8266_Init                             0x0800233d   Thumb Code   288  esp8266.o(i.ESP8266_Init)
    ESP8266_SendCmd                          0x0800256d   Thumb Code    76  esp8266.o(i.ESP8266_SendCmd)
    ESP8266_SendData                         0x080025c1   Thumb Code    46  esp8266.o(i.ESP8266_SendData)
    ESP8266_WaitRecive                       0x08002609   Thumb Code    42  esp8266.o(i.ESP8266_WaitRecive)
    GPIO_Init                                0x0800263d   Thumb Code   278  stm32f10x_gpio.o(i.GPIO_Init)
    GPIO_WriteBit                            0x08002753   Thumb Code    10  stm32f10x_gpio.o(i.GPIO_WriteBit)
    HardFault_Handler                        0x0800275d   Thumb Code    34  stm32f10x_it.o(i.HardFault_Handler)
    Lora_TH_Display                          0x08002785   Thumb Code   446  oled.o(i.Lora_TH_Display)
    MQTT_DeleteBuffer                        0x08002959   Thumb Code    28  mqttkit.o(i.MQTT_DeleteBuffer)
    MQTT_DumpLength                          0x08002975   Thumb Code    46  mqttkit.o(i.MQTT_DumpLength)
    MQTT_NewBuffer                           0x080029a3   Thumb Code    88  mqttkit.o(i.MQTT_NewBuffer)
    MQTT_PacketCmdResp                       0x080029fd   Thumb Code   132  mqttkit.o(i.MQTT_PacketCmdResp)
    MQTT_PacketConnect                       0x08002a89   Thumb Code   666  mqttkit.o(i.MQTT_PacketConnect)
    MQTT_PacketPublish                       0x08002d29   Thumb Code   440  mqttkit.o(i.MQTT_PacketPublish)
    MQTT_PacketPublishComp                   0x08002ee1   Thumb Code    72  mqttkit.o(i.MQTT_PacketPublishComp)
    MQTT_PacketPublishRel                    0x08002f29   Thumb Code    72  mqttkit.o(i.MQTT_PacketPublishRel)
    MQTT_PacketSubscribe                     0x08002f71   Thumb Code   254  mqttkit.o(i.MQTT_PacketSubscribe)
    MQTT_ReadLength                          0x0800306f   Thumb Code    70  mqttkit.o(i.MQTT_ReadLength)
    MQTT_UnPacketCmd                         0x080030b5   Thumb Code   140  mqttkit.o(i.MQTT_UnPacketCmd)
    MQTT_UnPacketConnectAck                  0x08003141   Thumb Code    30  mqttkit.o(i.MQTT_UnPacketConnectAck)
    MQTT_UnPacketPublish                     0x08003161   Thumb Code   438  mqttkit.o(i.MQTT_UnPacketPublish)
    MQTT_UnPacketPublishAck                  0x08003321   Thumb Code    30  mqttkit.o(i.MQTT_UnPacketPublishAck)
    MQTT_UnPacketPublishComp                 0x0800333f   Thumb Code    30  mqttkit.o(i.MQTT_UnPacketPublishComp)
    MQTT_UnPacketPublishRec                  0x0800335d   Thumb Code    30  mqttkit.o(i.MQTT_UnPacketPublishRec)
    MQTT_UnPacketPublishRel                  0x0800337b   Thumb Code    36  mqttkit.o(i.MQTT_UnPacketPublishRel)
    MQTT_UnPacketRecv                        0x080033a1   Thumb Code   106  mqttkit.o(i.MQTT_UnPacketRecv)
    MQTT_UnPacketSubscribe                   0x08003415   Thumb Code    52  mqttkit.o(i.MQTT_UnPacketSubscribe)
    MQTT_UnPacketUnSubscribe                 0x08003449   Thumb Code    18  mqttkit.o(i.MQTT_UnPacketUnSubscribe)
    MemManage_Handler                        0x0800345b   Thumb Code     4  stm32f10x_it.o(i.MemManage_Handler)
    NMI_Handler                              0x0800345f   Thumb Code     2  stm32f10x_it.o(i.NMI_Handler)
    NVIC_Init                                0x08003461   Thumb Code   100  misc.o(i.NVIC_Init)
    NVIC_PriorityGroupConfig                 0x080034d1   Thumb Code    10  misc.o(i.NVIC_PriorityGroupConfig)
    OLED_Clear                               0x080034e5   Thumb Code    42  oled.o(i.OLED_Clear)
    OLED_I2C_Init                            0x08003511   Thumb Code    76  oled.o(i.OLED_I2C_Init)
    OLED_I2C_SendByte                        0x08003561   Thumb Code    80  oled.o(i.OLED_I2C_SendByte)
    OLED_I2C_Start                           0x080035b5   Thumb Code    48  oled.o(i.OLED_I2C_Start)
    OLED_I2C_Stop                            0x080035e9   Thumb Code    36  oled.o(i.OLED_I2C_Stop)
    OLED_Init                                0x08003611   Thumb Code   174  oled.o(i.OLED_Init)
    OLED_SetCursor                           0x080036bf   Thumb Code    34  oled.o(i.OLED_SetCursor)
    OLED_WriteCommand                        0x080036e1   Thumb Code    32  oled.o(i.OLED_WriteCommand)
    OLED_WriteData                           0x08003701   Thumb Code    32  oled.o(i.OLED_WriteData)
    OLED_Write_Display                       0x08003721   Thumb Code    82  oled.o(i.OLED_Write_Display)
    OLED_Write_Number                        0x08003775   Thumb Code    34  oled.o(i.OLED_Write_Number)
    OneNet_DevLink                           0x0800379d   Thumb Code   212  onenet.o(i.OneNet_DevLink)
    OneNet_Publish                           0x080039d1   Thumb Code    86  onenet.o(i.OneNet_Publish)
    OneNet_RevPro                            0x08003a4d   Thumb Code   634  onenet.o(i.OneNet_RevPro)
    OneNet_Subscribe                         0x08003e9d   Thumb Code    80  onenet.o(i.OneNet_Subscribe)
    PendSV_Handler                           0x08003f09   Thumb Code     2  stm32f10x_it.o(i.PendSV_Handler)
    RCC_APB1PeriphClockCmd                   0x08003f0d   Thumb Code    26  stm32f10x_rcc.o(i.RCC_APB1PeriphClockCmd)
    RCC_APB2PeriphClockCmd                   0x08003f2d   Thumb Code    26  stm32f10x_rcc.o(i.RCC_APB2PeriphClockCmd)
    RCC_GetClocksFreq                        0x08003f4d   Thumb Code   192  stm32f10x_rcc.o(i.RCC_GetClocksFreq)
    SVC_Handler                              0x08004021   Thumb Code     2  stm32f10x_it.o(i.SVC_Handler)
    SysTick_Handler                          0x0800410d   Thumb Code     8  bsp_timer.o(i.SysTick_Handler)
    SysTick_ISR                              0x08004115   Thumb Code   110  bsp_timer.o(i.SysTick_ISR)
    SystemInit                               0x08004199   Thumb Code    78  system_stm32f10x.o(i.SystemInit)
    USART1_IRQHandler                        0x080041f9   Thumb Code    24  usart.o(i.USART1_IRQHandler)
    USART2_IRQHandler                        0x08004215   Thumb Code    62  esp8266.o(i.USART2_IRQHandler)
    USART3_IRQHandler                        0x08004261   Thumb Code   598  bsp_date.o(i.USART3_IRQHandler)
    USART_ClearFlag                          0x080044e5   Thumb Code    18  stm32f10x_usart.o(i.USART_ClearFlag)
    USART_ClearITPendingBit                  0x080044f7   Thumb Code    30  stm32f10x_usart.o(i.USART_ClearITPendingBit)
    USART_Cmd                                0x08004515   Thumb Code    24  stm32f10x_usart.o(i.USART_Cmd)
    USART_GetFlagStatus                      0x0800452d   Thumb Code    26  stm32f10x_usart.o(i.USART_GetFlagStatus)
    USART_GetITStatus                        0x08004547   Thumb Code    84  stm32f10x_usart.o(i.USART_GetITStatus)
    USART_ITConfig                           0x0800459b   Thumb Code    74  stm32f10x_usart.o(i.USART_ITConfig)
    USART_Init                               0x080045e5   Thumb Code   210  stm32f10x_usart.o(i.USART_Init)
    USART_ReceiveData                        0x080046bd   Thumb Code    10  stm32f10x_usart.o(i.USART_ReceiveData)
    USART_SendData                           0x080046c7   Thumb Code     8  stm32f10x_usart.o(i.USART_SendData)
    UsageFault_Handler                       0x080046cf   Thumb Code     4  stm32f10x_it.o(i.UsageFault_Handler)
    Usart1_Init                              0x080046d5   Thumb Code   166  usart.o(i.Usart1_Init)
    Usart2_Init                              0x08004785   Thumb Code   164  usart.o(i.Usart2_Init)
    Usart3_Init                              0x08004831   Thumb Code   166  usart.o(i.Usart3_Init)
    UsartPrintf                              0x080048e1   Thumb Code    72  usart.o(i.UsartPrintf)
    Usart_SendString                         0x08004929   Thumb Code    50  usart.o(i.Usart_SendString)
    __ARM_fpclassify                         0x0800495b   Thumb Code    40  fpclassify.o(i.__ARM_fpclassify)
    __kernel_poly                            0x08004983   Thumb Code   170  poly.o(i.__kernel_poly)
    __mathlib_dbl_divzero                    0x08004a2d   Thumb Code    12  dunder.o(i.__mathlib_dbl_divzero)
    __mathlib_dbl_infnan2                    0x08004a3d   Thumb Code     4  dunder.o(i.__mathlib_dbl_infnan2)
    __mathlib_dbl_invalid                    0x08004a41   Thumb Code    12  dunder.o(i.__mathlib_dbl_invalid)
    __mathlib_dbl_overflow                   0x08004a4d   Thumb Code    14  dunder.o(i.__mathlib_dbl_overflow)
    __mathlib_dbl_underflow                  0x08004a5d   Thumb Code    10  dunder.o(i.__mathlib_dbl_underflow)
    _is_digit                                0x08004a73   Thumb Code    14  __printf_wp.o(i._is_digit)
    _sys_exit                                0x08004a81   Thumb Code     4  usart.o(i._sys_exit)
    _ttywrch                                 0x08004a85   Thumb Code     4  usart.o(i._ttywrch)
    bsp_BeepOff                              0x08004a89   Thumb Code     8  bsp_led.o(i.bsp_BeepOff)
    bsp_BeepOn                               0x08004a95   Thumb Code     8  bsp_led.o(i.bsp_BeepOn)
    bsp_DelayMS                              0x08004aa1   Thumb Code    58  bsp_timer.o(i.bsp_DelayMS)
    bsp_Idle                                 0x08004ae5   Thumb Code     2  bsp.o(i.bsp_Idle)
    bsp_Init                                 0x08004ae7   Thumb Code    24  bsp.o(i.bsp_Init)
    bsp_InitLed                              0x08004b01   Thumb Code    40  bsp_led.o(i.bsp_InitLed)
    bsp_InitTimer                            0x08004b2d   Thumb Code   138  bsp_timer.o(i.bsp_InitTimer)
    bsp_RunPer10ms                           0x08004bc9   Thumb Code     2  bsp.o(i.bsp_RunPer10ms)
    bsp_RunPer1ms                            0x08004bcb   Thumb Code     2  bsp.o(i.bsp_RunPer1ms)
    cJSON_Delete                             0x08004be9   Thumb Code    82  cjson.o(i.cJSON_Delete)
    cJSON_GetErrorPtr                        0x08004c41   Thumb Code     6  cjson.o(i.cJSON_GetErrorPtr)
    cJSON_GetObjectItem                      0x08004c4d   Thumb Code    30  cjson.o(i.cJSON_GetObjectItem)
    cJSON_Parse                              0x08004c8d   Thumb Code    16  cjson.o(i.cJSON_Parse)
    cJSON_ParseWithOpts                      0x08004c9d   Thumb Code    96  cjson.o(i.cJSON_ParseWithOpts)
    clrStruct                                0x08004d4d   Thumb Code   110  bsp_date.o(i.clrStruct)
    delay_ms                                 0x08004dc5   Thumb Code    12  bsp.o(i.delay_ms)
    fputc                                    0x08004dd1   Thumb Code    24  usart.o(i.fputc)
    main                                     0x08004ded   Thumb Code   222  main.o(i.main)
    pow                                      0x08005621   Thumb Code  2512  pow.o(i.pow)
    sqrt                                     0x0800600b   Thumb Code    76  sqrt.o(i.sqrt)
    _get_lc_ctype                            0x08006059   Thumb Code    44  lc_ctype_c.o(locale$$code)
    _get_lc_numeric                          0x08006085   Thumb Code    44  lc_numeric_c.o(locale$$code)
    __aeabi_dadd                             0x080060b1   Thumb Code     0  daddsub_clz.o(x$fpl$dadd)
    _dadd                                    0x080060b1   Thumb Code   332  daddsub_clz.o(x$fpl$dadd)
    __fpl_dcheck_NaN1                        0x08006201   Thumb Code    10  dcheck1.o(x$fpl$dcheck1)
    __fpl_dcmp_Inf                           0x08006211   Thumb Code    24  dcmpi.o(x$fpl$dcmpinf)
    __aeabi_ddiv                             0x08006229   Thumb Code     0  ddiv.o(x$fpl$ddiv)
    _ddiv                                    0x08006229   Thumb Code   552  ddiv.o(x$fpl$ddiv)
    __aeabi_d2iz                             0x080064d9   Thumb Code     0  dfix.o(x$fpl$dfix)
    _dfix                                    0x080064d9   Thumb Code    94  dfix.o(x$fpl$dfix)
    __aeabi_i2d                              0x08006537   Thumb Code     0  dflt_clz.o(x$fpl$dflt)
    _dflt                                    0x08006537   Thumb Code    46  dflt_clz.o(x$fpl$dflt)
    __aeabi_cdcmple                          0x08006565   Thumb Code     0  dleqf.o(x$fpl$dleqf)
    _dcmple                                  0x08006565   Thumb Code   120  dleqf.o(x$fpl$dleqf)
    __fpl_dcmple_InfNaN                      0x080065c7   Thumb Code     0  dleqf.o(x$fpl$dleqf)
    __aeabi_dmul                             0x080065dd   Thumb Code     0  dmul.o(x$fpl$dmul)
    _dmul                                    0x080065dd   Thumb Code   332  dmul.o(x$fpl$dmul)
    __fpl_dnaninf                            0x08006731   Thumb Code   156  dnaninf.o(x$fpl$dnaninf)
    __fpl_dretinf                            0x080067cd   Thumb Code    12  dretinf.o(x$fpl$dretinf)
    __aeabi_cdrcmple                         0x080067d9   Thumb Code     0  drleqf.o(x$fpl$drleqf)
    _drcmple                                 0x080067d9   Thumb Code   108  drleqf.o(x$fpl$drleqf)
    __aeabi_drsub                            0x08006845   Thumb Code     0  daddsub_clz.o(x$fpl$drsb)
    _drsb                                    0x08006845   Thumb Code    22  daddsub_clz.o(x$fpl$drsb)
    _dsqrt                                   0x0800685d   Thumb Code   456  dsqrt_noumaal.o(x$fpl$dsqrt)
    __aeabi_dsub                             0x08006a29   Thumb Code     0  daddsub_clz.o(x$fpl$dsub)
    _dsub                                    0x08006a29   Thumb Code   464  daddsub_clz.o(x$fpl$dsub)
    __aeabi_f2d                              0x08006bfd   Thumb Code     0  f2d.o(x$fpl$f2d)
    _f2d                                     0x08006bfd   Thumb Code    86  f2d.o(x$fpl$f2d)
    __aeabi_f2iz                             0x08006c55   Thumb Code     0  ffix.o(x$fpl$ffix)
    _ffix                                    0x08006c55   Thumb Code    54  ffix.o(x$fpl$ffix)
    __aeabi_fmul                             0x08006c8d   Thumb Code     0  fmul.o(x$fpl$fmul)
    _fmul                                    0x08006c8d   Thumb Code   258  fmul.o(x$fpl$fmul)
    __fpl_fnaninf                            0x08006d8f   Thumb Code   140  fnaninf.o(x$fpl$fnaninf)
    __fpl_fretinf                            0x08006e1b   Thumb Code    10  fretinf.o(x$fpl$fretinf)
    _printf_fp_dec                           0x08006e25   Thumb Code     4  printf1.o(x$fpl$printf1)
    __fpl_return_NaN                         0x08006e29   Thumb Code   100  retnan.o(x$fpl$retnan)
    __ARM_scalbn                             0x08006e8d   Thumb Code    92  scalbn.o(x$fpl$scalbn)
    __fpl_cmpreturn                          0x08006ee9   Thumb Code    48  trapv.o(x$fpl$trapveneer)
    __I$use$fp                               0x08006f18   Number         0  usenofp.o(x$fpl$usenofp)
    __mathlib_zero                           0x08006ff0   Data           8  qnan.o(.constdata)
    Region$$Table$$Base                      0x080070e4   Number         0  anon$$obj.o(Region$$Table)
    Region$$Table$$Limit                     0x08007104   Number         0  anon$$obj.o(Region$$Table)
    __ctype                                  0x08007111   Data           0  lc_ctype_c.o(locale$$data)
    g_iRunTime                               0x20000008   Data           4  bsp_timer.o(.data)
    esp8266_cnt                              0x2000000e   Data           2  esp8266.o(.data)
    esp8266_cntPre                           0x20000010   Data           2  esp8266.o(.data)
    rxd_cnt                                  0x20000014   Data           2  usart.o(.data)
    txd_buf                                  0x20000016   Data           4  usart.o(.data)
    rxd_flag                                 0x2000001a   Data           1  usart.o(.data)
    rxd_index                                0x2000001b   Data           1  usart.o(.data)
    __stdout                                 0x2000001c   Data           4  usart.o(.data)
    testBuf                                  0x20000020   Data          10  bsp_date.o(.data)
    test1Buf                                 0x2000002a   Data          20  bsp_date.o(.data)
    test2Buf                                 0x2000003e   Data          15  bsp_date.o(.data)
    rxdatabufer                              0x2000004d   Data           1  bsp_date.o(.data)
    point1                                   0x2000004e   Data           2  bsp_date.o(.data)
    Lora_rxd_flag                            0x20000050   Data           1  bsp_date.o(.data)
    sensorDate                               0x20000054   Data           4  bsp_date.o(.data)
    USART3_RX_STA                            0x20000058   Data           2  bsp_date.o(.data)
    Temp_value                               0x2000005c   Data           4  bsp_date.o(.data)
    Hum_value                                0x20000060   Data           4  bsp_date.o(.data)
    CO2_value                                0x20000064   Data           4  bsp_date.o(.data)
    LT_value                                 0x20000068   Data           4  bsp_date.o(.data)
    DC_value                                 0x2000006c   Data           4  bsp_date.o(.data)
    TIME_value                               0x20000070   Data           4  bsp_date.o(.data)
    latitude_value                           0x20000074   Data           4  bsp_date.o(.data)
    longitude_value                          0x20000078   Data           4  bsp_date.o(.data)
    altitude_value                           0x2000007c   Data           4  bsp_date.o(.data)
    currentState                             0x20000080   Data           1  bsp_date.o(.data)
    dataIndex1                               0x20000081   Data           1  bsp_date.o(.data)
    dataIndex2                               0x20000082   Data           1  bsp_date.o(.data)
    currentBuffer                            0x20000084   Data           4  bsp_date.o(.data)
    nonVolatileBuffer1                       0x20000088   Data           4  bsp_date.o(.data)
    nonVolatileBuffer2                       0x2000008c   Data           4  bsp_date.o(.data)
    OLED_F8x16                               0x20000090   Data        1520  oled.o(.data)
    T_text                                   0x20000680   Data         320  oled.o(.data)
    Tep_text                                 0x200007c0   Data         340  oled.o(.data)
    Tep_char                                 0x20000914   Data         180  oled.o(.data)
    T_number                                 0x200009c8   Data         180  oled.o(.data)
    SystemCoreClock                          0x20000a7c   Data           4  system_stm32f10x.o(.data)
    AHBPrescTable                            0x20000a80   Data          16  system_stm32f10x.o(.data)
    esp8266_buf                              0x20000ae0   Data         128  esp8266.o(.bss)
    Save_Data                                0x20000b60   Data         541  bsp_date.o(.bss)
    USART3_RX_BUF                            0x20000d7d   Data         100  bsp_date.o(.bss)
    buffer_basisdate                         0x20000de1   Data          80  bsp_date.o(.bss)
    buffer_alldate                           0x20000e31   Data          80  bsp_date.o(.bss)
    buffer_dc                                0x20000e81   Data          30  bsp_date.o(.bss)
    buffer_lt                                0x20000e9f   Data          30  bsp_date.o(.bss)
    rxBuffer1                                0x20000ebd   Data          55  bsp_date.o(.bss)
    rxBuffer2                                0x20000ef4   Data          55  bsp_date.o(.bss)
    __libspace_start                         0x20000f2c   Data          96  libspace.o(.bss)
    __temporary_stack_top$libspace           0x20000f8c   Data           0  libspace.o(.bss)



==============================================================================

Memory Map of the image

  Image Entry point : 0x080000ed

  Load Region LR_IROM1 (Base: 0x08000000, Size: 0x00007ce0, Max: 0x00010000, ABSOLUTE, COMPRESSED[0x000077f8])

    Execution Region ER_IROM1 (Exec base: 0x08000000, Load base: 0x08000000, Size: 0x00007230, Max: 0x00010000, ABSOLUTE)

    Exec Addr    Load Addr    Size         Type   Attr      Idx    E Section Name        Object

    0x08000000   0x08000000   0x000000ec   Data   RO         1175    RESET               startup_stm32f10x_md.o
    0x080000ec   0x080000ec   0x00000008   Code   RO         3504  * !!!main             c_w.l(__main.o)
    0x080000f4   0x080000f4   0x00000034   Code   RO         3973    !!!scatter          c_w.l(__scatter.o)
    0x08000128   0x08000128   0x0000005a   Code   RO         3971    !!dczerorl2         c_w.l(__dczerorl2.o)
    0x08000182   0x08000182   0x00000002   PAD
    0x08000184   0x08000184   0x0000001c   Code   RO         3975    !!handler_zi        c_w.l(__scatter_zi.o)
    0x080001a0   0x080001a0   0x00000000   Code   RO         3479    .ARM.Collect$$_printf_percent$$00000000  c_w.l(_printf_percent.o)
    0x080001a0   0x080001a0   0x00000006   Code   RO         3629    .ARM.Collect$$_printf_percent$$00000001  c_w.l(_printf_n.o)
    0x080001a6   0x080001a6   0x00000006   Code   RO         3630    .ARM.Collect$$_printf_percent$$00000002  c_w.l(_printf_p.o)
    0x080001ac   0x080001ac   0x00000006   Code   RO         3477    .ARM.Collect$$_printf_percent$$00000003  c_w.l(_printf_f.o)
    0x080001b2   0x080001b2   0x00000006   Code   RO         3478    .ARM.Collect$$_printf_percent$$00000004  c_w.l(_printf_e.o)
    0x080001b8   0x080001b8   0x00000006   Code   RO         3634    .ARM.Collect$$_printf_percent$$00000005  c_w.l(_printf_g.o)
    0x080001be   0x080001be   0x00000006   Code   RO         3635    .ARM.Collect$$_printf_percent$$00000006  c_w.l(_printf_a.o)
    0x080001c4   0x080001c4   0x0000000a   Code   RO         3640    .ARM.Collect$$_printf_percent$$00000007  c_w.l(_printf_ll.o)
    0x080001ce   0x080001ce   0x00000006   Code   RO         3632    .ARM.Collect$$_printf_percent$$00000008  c_w.l(_printf_i.o)
    0x080001d4   0x080001d4   0x00000006   Code   RO         3476    .ARM.Collect$$_printf_percent$$00000009  c_w.l(_printf_d.o)
    0x080001da   0x080001da   0x00000006   Code   RO         3633    .ARM.Collect$$_printf_percent$$0000000A  c_w.l(_printf_u.o)
    0x080001e0   0x080001e0   0x00000006   Code   RO         3631    .ARM.Collect$$_printf_percent$$0000000B  c_w.l(_printf_o.o)
    0x080001e6   0x080001e6   0x00000006   Code   RO         3475    .ARM.Collect$$_printf_percent$$0000000C  c_w.l(_printf_x.o)
    0x080001ec   0x080001ec   0x00000006   Code   RO         3637    .ARM.Collect$$_printf_percent$$0000000D  c_w.l(_printf_lli.o)
    0x080001f2   0x080001f2   0x00000006   Code   RO         3638    .ARM.Collect$$_printf_percent$$0000000E  c_w.l(_printf_lld.o)
    0x080001f8   0x080001f8   0x00000006   Code   RO         3639    .ARM.Collect$$_printf_percent$$0000000F  c_w.l(_printf_llu.o)
    0x080001fe   0x080001fe   0x00000006   Code   RO         3644    .ARM.Collect$$_printf_percent$$00000010  c_w.l(_printf_llo.o)
    0x08000204   0x08000204   0x00000006   Code   RO         3645    .ARM.Collect$$_printf_percent$$00000011  c_w.l(_printf_llx.o)
    0x0800020a   0x0800020a   0x0000000a   Code   RO         3641    .ARM.Collect$$_printf_percent$$00000012  c_w.l(_printf_l.o)
    0x08000214   0x08000214   0x00000006   Code   RO         3628    .ARM.Collect$$_printf_percent$$00000013  c_w.l(_printf_c.o)
    0x0800021a   0x0800021a   0x00000006   Code   RO         3474    .ARM.Collect$$_printf_percent$$00000014  c_w.l(_printf_s.o)
    0x08000220   0x08000220   0x00000006   Code   RO         3642    .ARM.Collect$$_printf_percent$$00000015  c_w.l(_printf_lc.o)
    0x08000226   0x08000226   0x00000006   Code   RO         3643    .ARM.Collect$$_printf_percent$$00000016  c_w.l(_printf_ls.o)
    0x0800022c   0x0800022c   0x00000004   Code   RO         3636    .ARM.Collect$$_printf_percent$$00000017  c_w.l(_printf_percent_end.o)
    0x08000230   0x08000230   0x00000002   Code   RO         3872    .ARM.Collect$$libinit$$00000000  c_w.l(libinit.o)
    0x08000232   0x08000232   0x00000000   Code   RO         3653    .ARM.Collect$$libinit$$00000002  c_w.l(libinit2.o)
    0x08000232   0x08000232   0x00000000   Code   RO         3655    .ARM.Collect$$libinit$$00000004  c_w.l(libinit2.o)
    0x08000232   0x08000232   0x00000008   Code   RO         3656    .ARM.Collect$$libinit$$00000005  c_w.l(libinit2.o)
    0x0800023a   0x0800023a   0x00000000   Code   RO         3658    .ARM.Collect$$libinit$$0000000A  c_w.l(libinit2.o)
    0x0800023a   0x0800023a   0x00000000   Code   RO         3660    .ARM.Collect$$libinit$$0000000C  c_w.l(libinit2.o)
    0x0800023a   0x0800023a   0x00000000   Code   RO         3662    .ARM.Collect$$libinit$$0000000E  c_w.l(libinit2.o)
    0x0800023a   0x0800023a   0x00000006   Code   RO         3663    .ARM.Collect$$libinit$$0000000F  c_w.l(libinit2.o)
    0x08000240   0x08000240   0x00000000   Code   RO         3665    .ARM.Collect$$libinit$$00000011  c_w.l(libinit2.o)
    0x08000240   0x08000240   0x0000000c   Code   RO         3666    .ARM.Collect$$libinit$$00000012  c_w.l(libinit2.o)
    0x0800024c   0x0800024c   0x00000000   Code   RO         3667    .ARM.Collect$$libinit$$00000013  c_w.l(libinit2.o)
    0x0800024c   0x0800024c   0x00000000   Code   RO         3669    .ARM.Collect$$libinit$$00000015  c_w.l(libinit2.o)
    0x0800024c   0x0800024c   0x0000000a   Code   RO         3670    .ARM.Collect$$libinit$$00000016  c_w.l(libinit2.o)
    0x08000256   0x08000256   0x00000000   Code   RO         3671    .ARM.Collect$$libinit$$00000017  c_w.l(libinit2.o)
    0x08000256   0x08000256   0x00000000   Code   RO         3673    .ARM.Collect$$libinit$$00000019  c_w.l(libinit2.o)
    0x08000256   0x08000256   0x00000000   Code   RO         3675    .ARM.Collect$$libinit$$0000001B  c_w.l(libinit2.o)
    0x08000256   0x08000256   0x00000000   Code   RO         3677    .ARM.Collect$$libinit$$0000001D  c_w.l(libinit2.o)
    0x08000256   0x08000256   0x00000000   Code   RO         3679    .ARM.Collect$$libinit$$0000001F  c_w.l(libinit2.o)
    0x08000256   0x08000256   0x00000000   Code   RO         3681    .ARM.Collect$$libinit$$00000021  c_w.l(libinit2.o)
    0x08000256   0x08000256   0x00000000   Code   RO         3683    .ARM.Collect$$libinit$$00000023  c_w.l(libinit2.o)
    0x08000256   0x08000256   0x00000000   Code   RO         3685    .ARM.Collect$$libinit$$00000025  c_w.l(libinit2.o)
    0x08000256   0x08000256   0x00000000   Code   RO         3689    .ARM.Collect$$libinit$$0000002C  c_w.l(libinit2.o)
    0x08000256   0x08000256   0x00000000   Code   RO         3691    .ARM.Collect$$libinit$$0000002E  c_w.l(libinit2.o)
    0x08000256   0x08000256   0x00000000   Code   RO         3693    .ARM.Collect$$libinit$$00000030  c_w.l(libinit2.o)
    0x08000256   0x08000256   0x00000000   Code   RO         3695    .ARM.Collect$$libinit$$00000032  c_w.l(libinit2.o)
    0x08000256   0x08000256   0x00000002   Code   RO         3696    .ARM.Collect$$libinit$$00000033  c_w.l(libinit2.o)
    0x08000258   0x08000258   0x00000002   Code   RO         3956    .ARM.Collect$$libshutdown$$00000000  c_w.l(libshutdown.o)
    0x0800025a   0x0800025a   0x00000000   Code   RO         3886    .ARM.Collect$$libshutdown$$00000002  c_w.l(libshutdown2.o)
    0x0800025a   0x0800025a   0x00000000   Code   RO         3888    .ARM.Collect$$libshutdown$$00000004  c_w.l(libshutdown2.o)
    0x0800025a   0x0800025a   0x00000000   Code   RO         3891    .ARM.Collect$$libshutdown$$00000007  c_w.l(libshutdown2.o)
    0x0800025a   0x0800025a   0x00000000   Code   RO         3894    .ARM.Collect$$libshutdown$$0000000A  c_w.l(libshutdown2.o)
    0x0800025a   0x0800025a   0x00000000   Code   RO         3896    .ARM.Collect$$libshutdown$$0000000C  c_w.l(libshutdown2.o)
    0x0800025a   0x0800025a   0x00000000   Code   RO         3899    .ARM.Collect$$libshutdown$$0000000F  c_w.l(libshutdown2.o)
    0x0800025a   0x0800025a   0x00000002   Code   RO         3900    .ARM.Collect$$libshutdown$$00000010  c_w.l(libshutdown2.o)
    0x0800025c   0x0800025c   0x00000000   Code   RO         3564    .ARM.Collect$$rtentry$$00000000  c_w.l(__rtentry.o)
    0x0800025c   0x0800025c   0x00000000   Code   RO         3747    .ARM.Collect$$rtentry$$00000002  c_w.l(__rtentry2.o)
    0x0800025c   0x0800025c   0x00000006   Code   RO         3759    .ARM.Collect$$rtentry$$00000004  c_w.l(__rtentry4.o)
    0x08000262   0x08000262   0x00000000   Code   RO         3749    .ARM.Collect$$rtentry$$00000009  c_w.l(__rtentry2.o)
    0x08000262   0x08000262   0x00000004   Code   RO         3750    .ARM.Collect$$rtentry$$0000000A  c_w.l(__rtentry2.o)
    0x08000266   0x08000266   0x00000000   Code   RO         3752    .ARM.Collect$$rtentry$$0000000C  c_w.l(__rtentry2.o)
    0x08000266   0x08000266   0x00000008   Code   RO         3753    .ARM.Collect$$rtentry$$0000000D  c_w.l(__rtentry2.o)
    0x0800026e   0x0800026e   0x00000002   Code   RO         3875    .ARM.Collect$$rtexit$$00000000  c_w.l(rtexit.o)
    0x08000270   0x08000270   0x00000000   Code   RO         3920    .ARM.Collect$$rtexit$$00000002  c_w.l(rtexit2.o)
    0x08000270   0x08000270   0x00000004   Code   RO         3921    .ARM.Collect$$rtexit$$00000003  c_w.l(rtexit2.o)
    0x08000274   0x08000274   0x00000006   Code   RO         3922    .ARM.Collect$$rtexit$$00000004  c_w.l(rtexit2.o)
    0x0800027a   0x0800027a   0x00000002   PAD
    0x0800027c   0x0800027c   0x00000000   Code   RO         3768    .emb_text           c_w.l(maybetermalloc1.o)
    0x0800027c   0x0800027c   0x00000040   Code   RO         1176    .text               startup_stm32f10x_md.o
    0x080002bc   0x080002bc   0x00000002   Code   RO         3349    .text               c_w.l(use_no_semi_2.o)
    0x080002be   0x080002be   0x0000005e   Code   RO         3355    .text               c_w.l(h1_alloc.o)
    0x0800031c   0x0800031c   0x0000004e   Code   RO         3357    .text               c_w.l(h1_free.o)
    0x0800036a   0x0800036a   0x0000001a   Code   RO         3413    .text               c_w.l(tolower.o)
    0x08000384   0x08000384   0x00000034   Code   RO         3415    .text               c_w.l(c89vsnprintf.o)
    0x080003b8   0x080003b8   0x00000018   Code   RO         3417    .text               c_w.l(__2printf.o)
    0x080003d0   0x080003d0   0x0000002c   Code   RO         3419    .text               c_w.l(__2sprintf.o)
    0x080003fc   0x080003fc   0x0000004e   Code   RO         3427    .text               c_w.l(_printf_pad.o)
    0x0800044a   0x0800044a   0x00000052   Code   RO         3429    .text               c_w.l(_printf_str.o)
    0x0800049c   0x0800049c   0x00000078   Code   RO         3431    .text               c_w.l(_printf_dec.o)
    0x08000514   0x08000514   0x00000094   Code   RO         3451    .text               c_w.l(_printf_hex_int_ll_ptr.o)
    0x080005a8   0x080005a8   0x00000188   Code   RO         3471    .text               c_w.l(__printf_flags_ss_wp.o)
    0x08000730   0x08000730   0x0000001a   Code   RO         3480    .text               c_w.l(atoi.o)
    0x0800074a   0x0800074a   0x00000014   Code   RO         3482    .text               c_w.l(strchr.o)
    0x0800075e   0x0800075e   0x00000024   Code   RO         3484    .text               c_w.l(strncat.o)
    0x08000782   0x08000782   0x00000024   Code   RO         3486    .text               c_w.l(strstr.o)
    0x080007a6   0x080007a6   0x0000003e   Code   RO         3490    .text               c_w.l(strlen.o)
    0x080007e4   0x080007e4   0x00000096   Code   RO         3492    .text               c_w.l(strncmp.o)
    0x0800087a   0x0800087a   0x0000008a   Code   RO         3494    .text               c_w.l(rt_memcpy_v6.o)
    0x08000904   0x08000904   0x00000064   Code   RO         3496    .text               c_w.l(rt_memcpy_w.o)
    0x08000968   0x08000968   0x00000044   Code   RO         3498    .text               c_w.l(rt_memclr.o)
    0x080009ac   0x080009ac   0x0000004e   Code   RO         3500    .text               c_w.l(rt_memclr_w.o)
    0x080009fa   0x080009fa   0x00000006   Code   RO         3502    .text               c_w.l(heapauxi.o)
    0x08000a00   0x08000a00   0x00000002   Code   RO         3560    .text               c_w.l(use_no_semi.o)
    0x08000a02   0x08000a02   0x00000002   PAD
    0x08000a04   0x08000a04   0x00000010   Code   RO         3565    .text               c_w.l(rt_ctype_table.o)
    0x08000a14   0x08000a14   0x00000008   Code   RO         3570    .text               c_w.l(rt_heap_descriptor_intlibspace.o)
    0x08000a1c   0x08000a1c   0x00000008   Code   RO         3575    .text               c_w.l(rt_errno_addr_intlibspace.o)
    0x08000a24   0x08000a24   0x00000004   Code   RO         3577    .text               c_w.l(hguard.o)
    0x08000a28   0x08000a28   0x0000008a   Code   RO         3579    .text               c_w.l(init_alloc.o)
    0x08000ab2   0x08000ab2   0x0000000e   Code   RO         3583    .text               c_w.l(h1_init.o)
    0x08000ac0   0x08000ac0   0x00000016   Code   RO         3597    .text               c_w.l(_rserrno.o)
    0x08000ad6   0x08000ad6   0x00000024   Code   RO         3599    .text               c_w.l(_printf_truncate.o)
    0x08000afa   0x08000afa   0x000000b2   Code   RO         3601    .text               c_w.l(_printf_intcommon.o)
    0x08000bac   0x08000bac   0x00000028   Code   RO         3603    .text               c_w.l(_printf_charcount.o)
    0x08000bd4   0x08000bd4   0x0000041e   Code   RO         3605    .text               c_w.l(_printf_fp_dec.o)
    0x08000ff2   0x08000ff2   0x00000002   PAD
    0x08000ff4   0x08000ff4   0x00000030   Code   RO         3607    .text               c_w.l(_printf_char_common.o)
    0x08001024   0x08001024   0x0000000a   Code   RO         3609    .text               c_w.l(_sputc.o)
    0x0800102e   0x0800102e   0x00000010   Code   RO         3611    .text               c_w.l(_snputc.o)
    0x0800103e   0x0800103e   0x0000002c   Code   RO         3613    .text               c_w.l(_printf_char.o)
    0x0800106a   0x0800106a   0x00000002   PAD
    0x0800106c   0x0800106c   0x00000024   Code   RO         3615    .text               c_w.l(_printf_char_file.o)
    0x08001090   0x08001090   0x000000bc   Code   RO         3617    .text               c_w.l(_printf_wctomb.o)
    0x0800114c   0x0800114c   0x0000007c   Code   RO         3620    .text               c_w.l(_printf_longlong_dec.o)
    0x080011c8   0x080011c8   0x00000070   Code   RO         3626    .text               c_w.l(_printf_oct_int_ll.o)
    0x08001238   0x08001238   0x00000070   Code   RO         3648    .text               c_w.l(strtol.o)
    0x080012a8   0x080012a8   0x00000008   Code   RO         3743    .text               c_w.l(libspace.o)
    0x080012b0   0x080012b0   0x00000008   Code   RO         3764    .text               c_w.l(rt_locale_intlibspace.o)
    0x080012b8   0x080012b8   0x00000034   Code   RO         3770    .text               c_w.l(h1_extend.o)
    0x080012ec   0x080012ec   0x0000008a   Code   RO         3774    .text               c_w.l(lludiv10.o)
    0x08001376   0x08001376   0x00000002   PAD
    0x08001378   0x08001378   0x00000080   Code   RO         3778    .text               c_w.l(_printf_fp_infnan.o)
    0x080013f8   0x080013f8   0x0000002c   Code   RO         3782    .text               c_w.l(_printf_wchar.o)
    0x08001424   0x08001424   0x0000009e   Code   RO         3786    .text               c_w.l(_strtoul.o)
    0x080014c2   0x080014c2   0x00000002   PAD
    0x080014c4   0x080014c4   0x000000e4   Code   RO         3788    .text               c_w.l(bigflt0.o)
    0x080015a8   0x080015a8   0x00000008   Code   RO         3813    .text               c_w.l(ferror.o)
    0x080015b0   0x080015b0   0x00000040   Code   RO         3817    .text               c_w.l(_wcrtomb.o)
    0x080015f0   0x080015f0   0x0000000e   Code   RO         3825    .text               c_w.l(defsig_rtmem_outer.o)
    0x080015fe   0x080015fe   0x0000004a   Code   RO         3845    .text               c_w.l(sys_stackheap_outer.o)
    0x08001648   0x08001648   0x0000001c   Code   RO         3851    .text               c_w.l(_chval.o)
    0x08001664   0x08001664   0x00000012   Code   RO         3855    .text               c_w.l(exit.o)
    0x08001676   0x08001676   0x0000000a   Code   RO         3857    .text               c_w.l(defsig_exit.o)
    0x08001680   0x08001680   0x00000050   Code   RO         3859    .text               c_w.l(defsig_rtmem_inner.o)
    0x080016d0   0x080016d0   0x00000080   Code   RO         3861    .text               c_w.l(strcmpv7m.o)
    0x08001750   0x08001750   0x00000032   Code   RO         3883    .text               c_w.l(defsig_general.o)
    0x08001782   0x08001782   0x0000003e   Code   RO         3791    CL$$btod_d2e        c_w.l(btod.o)
    0x080017c0   0x080017c0   0x00000046   Code   RO         3793    CL$$btod_d2e_denorm_low  c_w.l(btod.o)
    0x08001806   0x08001806   0x00000060   Code   RO         3792    CL$$btod_d2e_norm_op1  c_w.l(btod.o)
    0x08001866   0x08001866   0x00000338   Code   RO         3801    CL$$btod_div_common  c_w.l(btod.o)
    0x08001b9e   0x08001b9e   0x000000dc   Code   RO         3798    CL$$btod_e2e        c_w.l(btod.o)
    0x08001c7a   0x08001c7a   0x0000002a   Code   RO         3795    CL$$btod_ediv       c_w.l(btod.o)
    0x08001ca4   0x08001ca4   0x0000002a   Code   RO         3794    CL$$btod_emul       c_w.l(btod.o)
    0x08001cce   0x08001cce   0x00000244   Code   RO         3800    CL$$btod_mult_common  c_w.l(btod.o)
    0x08001f12   0x08001f12   0x00000002   PAD
    0x08001f14   0x08001f14   0x000001cc   Code   RO          743    i.AllDate_Analysis  bsp_date.o
    0x080020e0   0x080020e0   0x000001e8   Code   RO          744    i.BasisDate_Analysis  bsp_date.o
    0x080022c8   0x080022c8   0x00000004   Code   RO         1071    i.BusFault_Handler  stm32f10x_it.o
    0x080022cc   0x080022cc   0x00000002   Code   RO         1072    i.DebugMon_Handler  stm32f10x_it.o
    0x080022ce   0x080022ce   0x00000002   PAD
    0x080022d0   0x080022d0   0x0000001c   Code   RO          342    i.ESP8266_Clear     esp8266.o
    0x080022ec   0x080022ec   0x00000050   Code   RO          343    i.ESP8266_GetIPD    esp8266.o
    0x0800233c   0x0800233c   0x00000230   Code   RO          344    i.ESP8266_Init      esp8266.o
    0x0800256c   0x0800256c   0x00000054   Code   RO          345    i.ESP8266_SendCmd   esp8266.o
    0x080025c0   0x080025c0   0x00000048   Code   RO          346    i.ESP8266_SendData  esp8266.o
    0x08002608   0x08002608   0x00000034   Code   RO          347    i.ESP8266_WaitRecive  esp8266.o
    0x0800263c   0x0800263c   0x00000116   Code   RO         1222    i.GPIO_Init         stm32f10x_gpio.o
    0x08002752   0x08002752   0x0000000a   Code   RO         1233    i.GPIO_WriteBit     stm32f10x_gpio.o
    0x0800275c   0x0800275c   0x00000028   Code   RO         1073    i.HardFault_Handler  stm32f10x_it.o
    0x08002784   0x08002784   0x000001d4   Code   RO          942    i.Lora_TH_Display   oled.o
    0x08002958   0x08002958   0x0000001c   Code   RO          422    i.MQTT_DeleteBuffer  mqttkit.o
    0x08002974   0x08002974   0x0000002e   Code   RO          423    i.MQTT_DumpLength   mqttkit.o
    0x080029a2   0x080029a2   0x00000058   Code   RO          424    i.MQTT_NewBuffer    mqttkit.o
    0x080029fa   0x080029fa   0x00000002   PAD
    0x080029fc   0x080029fc   0x0000008c   Code   RO          425    i.MQTT_PacketCmdResp  mqttkit.o
    0x08002a88   0x08002a88   0x000002a0   Code   RO          426    i.MQTT_PacketConnect  mqttkit.o
    0x08002d28   0x08002d28   0x000001b8   Code   RO          429    i.MQTT_PacketPublish  mqttkit.o
    0x08002ee0   0x08002ee0   0x00000048   Code   RO          431    i.MQTT_PacketPublishComp  mqttkit.o
    0x08002f28   0x08002f28   0x00000048   Code   RO          433    i.MQTT_PacketPublishRel  mqttkit.o
    0x08002f70   0x08002f70   0x000000fe   Code   RO          436    i.MQTT_PacketSubscribe  mqttkit.o
    0x0800306e   0x0800306e   0x00000046   Code   RO          438    i.MQTT_ReadLength   mqttkit.o
    0x080030b4   0x080030b4   0x0000008c   Code   RO          439    i.MQTT_UnPacketCmd  mqttkit.o
    0x08003140   0x08003140   0x0000001e   Code   RO          440    i.MQTT_UnPacketConnectAck  mqttkit.o
    0x0800315e   0x0800315e   0x00000002   PAD
    0x08003160   0x08003160   0x000001c0   Code   RO          441    i.MQTT_UnPacketPublish  mqttkit.o
    0x08003320   0x08003320   0x0000001e   Code   RO          442    i.MQTT_UnPacketPublishAck  mqttkit.o
    0x0800333e   0x0800333e   0x0000001e   Code   RO          443    i.MQTT_UnPacketPublishComp  mqttkit.o
    0x0800335c   0x0800335c   0x0000001e   Code   RO          444    i.MQTT_UnPacketPublishRec  mqttkit.o
    0x0800337a   0x0800337a   0x00000024   Code   RO          445    i.MQTT_UnPacketPublishRel  mqttkit.o
    0x0800339e   0x0800339e   0x00000002   PAD
    0x080033a0   0x080033a0   0x00000074   Code   RO          446    i.MQTT_UnPacketRecv  mqttkit.o
    0x08003414   0x08003414   0x00000034   Code   RO          447    i.MQTT_UnPacketSubscribe  mqttkit.o
    0x08003448   0x08003448   0x00000012   Code   RO          448    i.MQTT_UnPacketUnSubscribe  mqttkit.o
    0x0800345a   0x0800345a   0x00000004   Code   RO         1074    i.MemManage_Handler  stm32f10x_it.o
    0x0800345e   0x0800345e   0x00000002   Code   RO         1075    i.NMI_Handler       stm32f10x_it.o
    0x08003460   0x08003460   0x00000070   Code   RO         1180    i.NVIC_Init         misc.o
    0x080034d0   0x080034d0   0x00000014   Code   RO         1181    i.NVIC_PriorityGroupConfig  misc.o
    0x080034e4   0x080034e4   0x0000002a   Code   RO          943    i.OLED_Clear        oled.o
    0x0800350e   0x0800350e   0x00000002   PAD
    0x08003510   0x08003510   0x00000050   Code   RO          944    i.OLED_I2C_Init     oled.o
    0x08003560   0x08003560   0x00000054   Code   RO          945    i.OLED_I2C_SendByte  oled.o
    0x080035b4   0x080035b4   0x00000034   Code   RO          946    i.OLED_I2C_Start    oled.o
    0x080035e8   0x080035e8   0x00000028   Code   RO          947    i.OLED_I2C_Stop     oled.o
    0x08003610   0x08003610   0x000000ae   Code   RO          948    i.OLED_Init         oled.o
    0x080036be   0x080036be   0x00000022   Code   RO          950    i.OLED_SetCursor    oled.o
    0x080036e0   0x080036e0   0x00000020   Code   RO          957    i.OLED_WriteCommand  oled.o
    0x08003700   0x08003700   0x00000020   Code   RO          958    i.OLED_WriteData    oled.o
    0x08003720   0x08003720   0x00000052   Code   RO          959    i.OLED_Write_Display  oled.o
    0x08003772   0x08003772   0x00000002   PAD
    0x08003774   0x08003774   0x00000028   Code   RO          960    i.OLED_Write_Number  oled.o
    0x0800379c   0x0800379c   0x00000234   Code   RO          606    i.OneNet_DevLink    onenet.o
    0x080039d0   0x080039d0   0x0000007c   Code   RO          607    i.OneNet_Publish    onenet.o
    0x08003a4c   0x08003a4c   0x00000450   Code   RO          608    i.OneNet_RevPro     onenet.o
    0x08003e9c   0x08003e9c   0x0000006c   Code   RO          609    i.OneNet_Subscribe  onenet.o
    0x08003f08   0x08003f08   0x00000002   Code   RO         1076    i.PendSV_Handler    stm32f10x_it.o
    0x08003f0a   0x08003f0a   0x00000002   PAD
    0x08003f0c   0x08003f0c   0x00000020   Code   RO         1332    i.RCC_APB1PeriphClockCmd  stm32f10x_rcc.o
    0x08003f2c   0x08003f2c   0x00000020   Code   RO         1334    i.RCC_APB2PeriphClockCmd  stm32f10x_rcc.o
    0x08003f4c   0x08003f4c   0x000000d4   Code   RO         1342    i.RCC_GetClocksFreq  stm32f10x_rcc.o
    0x08004020   0x08004020   0x00000002   Code   RO         1077    i.SVC_Handler       stm32f10x_it.o
    0x08004022   0x08004022   0x00000008   Code   RO         1139    i.SetSysClock       system_stm32f10x.o
    0x0800402a   0x0800402a   0x00000002   PAD
    0x0800402c   0x0800402c   0x000000e0   Code   RO         1140    i.SetSysClockTo72   system_stm32f10x.o
    0x0800410c   0x0800410c   0x00000008   Code   RO          210    i.SysTick_Handler   bsp_timer.o
    0x08004114   0x08004114   0x00000084   Code   RO          211    i.SysTick_ISR       bsp_timer.o
    0x08004198   0x08004198   0x00000060   Code   RO         1142    i.SystemInit        system_stm32f10x.o
    0x080041f8   0x080041f8   0x0000001c   Code   RO          657    i.USART1_IRQHandler  usart.o
    0x08004214   0x08004214   0x0000004c   Code   RO          348    i.USART2_IRQHandler  esp8266.o
    0x08004260   0x08004260   0x00000284   Code   RO          746    i.USART3_IRQHandler  bsp_date.o
    0x080044e4   0x080044e4   0x00000012   Code   RO         1530    i.USART_ClearFlag   stm32f10x_usart.o
    0x080044f6   0x080044f6   0x0000001e   Code   RO         1531    i.USART_ClearITPendingBit  stm32f10x_usart.o
    0x08004514   0x08004514   0x00000018   Code   RO         1534    i.USART_Cmd         stm32f10x_usart.o
    0x0800452c   0x0800452c   0x0000001a   Code   RO         1537    i.USART_GetFlagStatus  stm32f10x_usart.o
    0x08004546   0x08004546   0x00000054   Code   RO         1538    i.USART_GetITStatus  stm32f10x_usart.o
    0x0800459a   0x0800459a   0x0000004a   Code   RO         1540    i.USART_ITConfig    stm32f10x_usart.o
    0x080045e4   0x080045e4   0x000000d8   Code   RO         1541    i.USART_Init        stm32f10x_usart.o
    0x080046bc   0x080046bc   0x0000000a   Code   RO         1548    i.USART_ReceiveData  stm32f10x_usart.o
    0x080046c6   0x080046c6   0x00000008   Code   RO         1551    i.USART_SendData    stm32f10x_usart.o
    0x080046ce   0x080046ce   0x00000004   Code   RO         1078    i.UsageFault_Handler  stm32f10x_it.o
    0x080046d2   0x080046d2   0x00000002   PAD
    0x080046d4   0x080046d4   0x000000b0   Code   RO          658    i.Usart1_Init       usart.o
    0x08004784   0x08004784   0x000000ac   Code   RO          659    i.Usart2_Init       usart.o
    0x08004830   0x08004830   0x000000b0   Code   RO          660    i.Usart3_Init       usart.o
    0x080048e0   0x080048e0   0x00000048   Code   RO          661    i.UsartPrintf       usart.o
    0x08004928   0x08004928   0x00000032   Code   RO          662    i.Usart_SendString  usart.o
    0x0800495a   0x0800495a   0x00000028   Code   RO         3728    i.__ARM_fpclassify  m_ws.l(fpclassify.o)
    0x08004982   0x08004982   0x000000aa   Code   RO         3730    i.__kernel_poly     m_ws.l(poly.o)
    0x08004a2c   0x08004a2c   0x00000010   Code   RO         3714    i.__mathlib_dbl_divzero  m_ws.l(dunder.o)
    0x08004a3c   0x08004a3c   0x00000004   Code   RO         3716    i.__mathlib_dbl_infnan2  m_ws.l(dunder.o)
    0x08004a40   0x08004a40   0x0000000c   Code   RO         3717    i.__mathlib_dbl_invalid  m_ws.l(dunder.o)
    0x08004a4c   0x08004a4c   0x0000000e   Code   RO         3718    i.__mathlib_dbl_overflow  m_ws.l(dunder.o)
    0x08004a5a   0x08004a5a   0x00000002   PAD
    0x08004a5c   0x08004a5c   0x00000010   Code   RO         3720    i.__mathlib_dbl_underflow  m_ws.l(dunder.o)
    0x08004a6c   0x08004a6c   0x00000006   Code   RO          212    i.__set_PRIMASK     bsp_timer.o
    0x08004a72   0x08004a72   0x0000000e   Code   RO         3464    i._is_digit         c_w.l(__printf_wp.o)
    0x08004a80   0x08004a80   0x00000004   Code   RO          663    i._sys_exit         usart.o
    0x08004a84   0x08004a84   0x00000004   Code   RO          664    i._ttywrch          usart.o
    0x08004a88   0x08004a88   0x0000000c   Code   RO          156    i.bsp_BeepOff       bsp_led.o
    0x08004a94   0x08004a94   0x0000000c   Code   RO          157    i.bsp_BeepOn        bsp_led.o
    0x08004aa0   0x08004aa0   0x00000044   Code   RO          215    i.bsp_DelayMS       bsp_timer.o
    0x08004ae4   0x08004ae4   0x00000002   Code   RO          300    i.bsp_Idle          bsp.o
    0x08004ae6   0x08004ae6   0x00000018   Code   RO          301    i.bsp_Init          bsp.o
    0x08004afe   0x08004afe   0x00000002   PAD
    0x08004b00   0x08004b00   0x0000002c   Code   RO          160    i.bsp_InitLed       bsp_led.o
    0x08004b2c   0x08004b2c   0x0000009c   Code   RO          218    i.bsp_InitTimer     bsp_timer.o
    0x08004bc8   0x08004bc8   0x00000002   Code   RO          302    i.bsp_RunPer10ms    bsp.o
    0x08004bca   0x08004bca   0x00000002   Code   RO          303    i.bsp_RunPer1ms     bsp.o
    0x08004bcc   0x08004bcc   0x0000001c   Code   RO          219    i.bsp_SoftTimerDec  bsp_timer.o
    0x08004be8   0x08004be8   0x00000058   Code   RO         3001    i.cJSON_Delete      cjson.o
    0x08004c40   0x08004c40   0x0000000c   Code   RO         3009    i.cJSON_GetErrorPtr  cjson.o
    0x08004c4c   0x08004c4c   0x0000001e   Code   RO         3010    i.cJSON_GetObjectItem  cjson.o
    0x08004c6a   0x08004c6a   0x00000002   PAD
    0x08004c6c   0x08004c6c   0x00000020   Code   RO         3014    i.cJSON_New_Item    cjson.o
    0x08004c8c   0x08004c8c   0x00000010   Code   RO         3015    i.cJSON_Parse       cjson.o
    0x08004c9c   0x08004c9c   0x00000064   Code   RO         3016    i.cJSON_ParseWithOpts  cjson.o
    0x08004d00   0x08004d00   0x0000004c   Code   RO         3022    i.cJSON_strcasecmp  cjson.o
    0x08004d4c   0x08004d4c   0x00000078   Code   RO          747    i.clrStruct         bsp_date.o
    0x08004dc4   0x08004dc4   0x0000000c   Code   RO          304    i.delay_ms          bsp.o
    0x08004dd0   0x08004dd0   0x0000001c   Code   RO          665    i.fputc             usart.o
    0x08004dec   0x08004dec   0x0000011c   Code   RO            1    i.main              main.o
    0x08004f08   0x08004f08   0x000000ac   Code   RO         3026    i.parse_array       cjson.o
    0x08004fb4   0x08004fb4   0x00000114   Code   RO         3027    i.parse_hex4        cjson.o
    0x080050c8   0x080050c8   0x000001bc   Code   RO         3028    i.parse_number      cjson.o
    0x08005284   0x08005284   0x00000114   Code   RO         3029    i.parse_object      cjson.o
    0x08005398   0x08005398   0x000001cc   Code   RO         3030    i.parse_string      cjson.o
    0x08005564   0x08005564   0x000000bc   Code   RO         3031    i.parse_value       cjson.o
    0x08005620   0x08005620   0x000009d8   Code   RO         3551    i.pow               m_ws.l(pow.o)
    0x08005ff8   0x08005ff8   0x00000012   Code   RO         3039    i.skip              cjson.o
    0x0800600a   0x0800600a   0x0000004c   Code   RO         3734    i.sqrt              m_ws.l(sqrt.o)
    0x08006056   0x08006056   0x00000002   PAD
    0x08006058   0x08006058   0x0000002c   Code   RO         3820    locale$$code        c_w.l(lc_ctype_c.o)
    0x08006084   0x08006084   0x0000002c   Code   RO         3823    locale$$code        c_w.l(lc_numeric_c.o)
    0x080060b0   0x080060b0   0x00000150   Code   RO         3508    x$fpl$dadd          fz_ws.l(daddsub_clz.o)
    0x08006200   0x08006200   0x00000010   Code   RO         3834    x$fpl$dcheck1       fz_ws.l(dcheck1.o)
    0x08006210   0x08006210   0x00000018   Code   RO         3697    x$fpl$dcmpinf       fz_ws.l(dcmpi.o)
    0x08006228   0x08006228   0x000002b0   Code   RO         3700    x$fpl$ddiv          fz_ws.l(ddiv.o)
    0x080064d8   0x080064d8   0x0000005e   Code   RO         3516    x$fpl$dfix          fz_ws.l(dfix.o)
    0x08006536   0x08006536   0x0000002e   Code   RO         3521    x$fpl$dflt          fz_ws.l(dflt_clz.o)
    0x08006564   0x08006564   0x00000078   Code   RO         3526    x$fpl$dleqf         fz_ws.l(dleqf.o)
    0x080065dc   0x080065dc   0x00000154   Code   RO         3528    x$fpl$dmul          fz_ws.l(dmul.o)
    0x08006730   0x08006730   0x0000009c   Code   RO         3703    x$fpl$dnaninf       fz_ws.l(dnaninf.o)
    0x080067cc   0x080067cc   0x0000000c   Code   RO         3705    x$fpl$dretinf       fz_ws.l(dretinf.o)
    0x080067d8   0x080067d8   0x0000006c   Code   RO         3530    x$fpl$drleqf        fz_ws.l(drleqf.o)
    0x08006844   0x08006844   0x00000016   Code   RO         3509    x$fpl$drsb          fz_ws.l(daddsub_clz.o)
    0x0800685a   0x0800685a   0x00000002   PAD
    0x0800685c   0x0800685c   0x000001cc   Code   RO         3836    x$fpl$dsqrt         fz_ws.l(dsqrt_noumaal.o)
    0x08006a28   0x08006a28   0x000001d4   Code   RO         3510    x$fpl$dsub          fz_ws.l(daddsub_clz.o)
    0x08006bfc   0x08006bfc   0x00000056   Code   RO         3532    x$fpl$f2d           fz_ws.l(f2d.o)
    0x08006c52   0x08006c52   0x00000002   PAD
    0x08006c54   0x08006c54   0x00000036   Code   RO         3534    x$fpl$ffix          fz_ws.l(ffix.o)
    0x08006c8a   0x08006c8a   0x00000002   PAD
    0x08006c8c   0x08006c8c   0x00000102   Code   RO         3538    x$fpl$fmul          fz_ws.l(fmul.o)
    0x08006d8e   0x08006d8e   0x0000008c   Code   RO         3707    x$fpl$fnaninf       fz_ws.l(fnaninf.o)
    0x08006e1a   0x08006e1a   0x0000000a   Code   RO         3709    x$fpl$fretinf       fz_ws.l(fretinf.o)
    0x08006e24   0x08006e24   0x00000004   Code   RO         3540    x$fpl$printf1       fz_ws.l(printf1.o)
    0x08006e28   0x08006e28   0x00000064   Code   RO         3873    x$fpl$retnan        fz_ws.l(retnan.o)
    0x08006e8c   0x08006e8c   0x0000005c   Code   RO         3711    x$fpl$scalbn        fz_ws.l(scalbn.o)
    0x08006ee8   0x08006ee8   0x00000030   Code   RO         3911    x$fpl$trapveneer    fz_ws.l(trapv.o)
    0x08006f18   0x08006f18   0x00000000   Code   RO         3713    x$fpl$usenofp       fz_ws.l(usenofp.o)
    0x08006f18   0x08006f18   0x00000004   Data   RO            2    .constdata          main.o
    0x08006f1c   0x08006f1c   0x00000007   Data   RO         3042    .constdata          cjson.o
    0x08006f23   0x08006f23   0x00000028   Data   RO         3452    .constdata          c_w.l(_printf_hex_int_ll_ptr.o)
    0x08006f4b   0x08006f4b   0x00000011   Data   RO         3472    .constdata          c_w.l(__printf_flags_ss_wp.o)
    0x08006f5c   0x08006f5c   0x00000004   PAD
    0x08006f60   0x08006f60   0x00000088   Data   RO         3552    .constdata          m_ws.l(pow.o)
    0x08006fe8   0x08006fe8   0x00000008   Data   RO         3618    .constdata          c_w.l(_printf_wctomb.o)
    0x08006ff0   0x08006ff0   0x00000008   Data   RO         3732    .constdata          m_ws.l(qnan.o)
    0x08006ff8   0x08006ff8   0x00000094   Data   RO         3789    .constdata          c_w.l(bigflt0.o)
    0x0800708c   0x0800708c   0x00000011   Data   RO            3    .conststring        main.o
    0x0800709d   0x0800709d   0x00000003   PAD
    0x080070a0   0x080070a0   0x00000041   Data   RO          749    .conststring        bsp_date.o
    0x080070e1   0x080070e1   0x00000003   PAD
    0x080070e4   0x080070e4   0x00000020   Data   RO         3969    Region$$Table       anon$$obj.o
    0x08007104   0x08007104   0x00000110   Data   RO         3819    locale$$data        c_w.l(lc_ctype_c.o)
    0x08007214   0x08007214   0x0000001c   Data   RO         3822    locale$$data        c_w.l(lc_numeric_c.o)


    Execution Region RW_IRAM1 (Exec base: 0x20000000, Load base: 0x08007230, Size: 0x00001590, Max: 0x00005000, ABSOLUTE, COMPRESSED[0x000005c8])

    Exec Addr    Load Addr    Size         Type   Attr      Idx    E Section Name        Object

    0x20000000   COMPRESSED   0x0000000d   Data   RW          224    .data               bsp_timer.o
    0x2000000d   COMPRESSED   0x00000001   PAD
    0x2000000e   COMPRESSED   0x00000004   Data   RW          350    .data               esp8266.o
    0x20000012   COMPRESSED   0x00000002   Data   RW          610    .data               onenet.o
    0x20000014   COMPRESSED   0x0000000c   Data   RW          669    .data               usart.o
    0x20000020   COMPRESSED   0x00000070   Data   RW          750    .data               bsp_date.o
    0x20000090   COMPRESSED   0x000009ec   Data   RW          961    .data               oled.o
    0x20000a7c   COMPRESSED   0x00000014   Data   RW         1143    .data               system_stm32f10x.o
    0x20000a90   COMPRESSED   0x00000014   Data   RW         1362    .data               stm32f10x_rcc.o
    0x20000aa4   COMPRESSED   0x0000000c   Data   RW         3043    .data               cjson.o
    0x20000ab0        -       0x00000030   Zero   RW          223    .bss                bsp_timer.o
    0x20000ae0        -       0x00000080   Zero   RW          349    .bss                esp8266.o
    0x20000b60        -       0x000003cb   Zero   RW          748    .bss                bsp_date.o
    0x20000f2b   COMPRESSED   0x00000001   PAD
    0x20000f2c        -       0x00000060   Zero   RW         3744    .bss                c_w.l(libspace.o)
    0x20000f8c   COMPRESSED   0x00000004   PAD
    0x20000f90        -       0x00000200   Zero   RW         1174    HEAP                startup_stm32f10x_md.o
    0x20001190        -       0x00000400   Zero   RW         1173    STACK               startup_stm32f10x_md.o


==============================================================================

Image component sizes


      Code (inc. data)   RO Data    RW Data    ZI Data      Debug   Object Name

        42          0          0          0          0       2194   bsp.o
      1712        334         65        112        971       6330   bsp_date.o
        68         12          0          0          0       1381   bsp_led.o
       398         50          0         13         48      19058   bsp_timer.o
      2188         88          7         12          0      12973   cjson.o
         0          0          0          0          0         32   core_cm3.o
       952        354          0          4        128       5259   esp8266.o
       284         62         21          0          0     232587   main.o
       132         22          0          0          0       1695   misc.o
      2812         34          0          0          0      18641   mqttkit.o
      1160         44          0       2540          0       7658   oled.o
      1900        908          0          2          0       7599   onenet.o
        64         26        236          0       1536        832   startup_stm32f10x_md.o
       288          0          0          0          0       2704   stm32f10x_gpio.o
        60          6          0          0          0       3684   stm32f10x_it.o
       276         32          0         20          0       4670   stm32f10x_rcc.o
       490          6          0          0          0       7873   stm32f10x_usart.o
       328         28          0         20          0       2313   system_stm32f10x.o
       710         36          0         12          0       8151   usart.o

    ----------------------------------------------------------------------
     13886       2042        367       2736       2684     345634   Object Totals
         0          0         32          0          0          0   (incl. Generated)
        22          0          6          1          1          0   (incl. Padding)

    ----------------------------------------------------------------------

      Code (inc. data)   RO Data    RW Data    ZI Data      Debug   Library Member Name

        24          4          0          0          0         84   __2printf.o
        44          6          0          0          0         84   __2sprintf.o
        90          0          0          0          0          0   __dczerorl2.o
         8          0          0          0          0         68   __main.o
       392          4         17          0          0         92   __printf_flags_ss_wp.o
        14          0          0          0          0         68   __printf_wp.o
         0          0          0          0          0          0   __rtentry.o
        12          0          0          0          0          0   __rtentry2.o
         6          0          0          0          0          0   __rtentry4.o
        52          8          0          0          0          0   __scatter.o
        28          0          0          0          0          0   __scatter_zi.o
        28          0          0          0          0         68   _chval.o
         6          0          0          0          0          0   _printf_a.o
         6          0          0          0          0          0   _printf_c.o
        44          0          0          0          0        108   _printf_char.o
        48          6          0          0          0         96   _printf_char_common.o
        36          4          0          0          0         80   _printf_char_file.o
        40          0          0          0          0         68   _printf_charcount.o
         6          0          0          0          0          0   _printf_d.o
       120         16          0          0          0         92   _printf_dec.o
         6          0          0          0          0          0   _printf_e.o
         6          0          0          0          0          0   _printf_f.o
      1054          0          0          0          0        216   _printf_fp_dec.o
       128         16          0          0          0         84   _printf_fp_infnan.o
         6          0          0          0          0          0   _printf_g.o
       148          4         40          0          0        160   _printf_hex_int_ll_ptr.o
         6          0          0          0          0          0   _printf_i.o
       178          0          0          0          0         88   _printf_intcommon.o
        10          0          0          0          0          0   _printf_l.o
         6          0          0          0          0          0   _printf_lc.o
        10          0          0          0          0          0   _printf_ll.o
         6          0          0          0          0          0   _printf_lld.o
         6          0          0          0          0          0   _printf_lli.o
         6          0          0          0          0          0   _printf_llo.o
         6          0          0          0          0          0   _printf_llu.o
         6          0          0          0          0          0   _printf_llx.o
       124         16          0          0          0         92   _printf_longlong_dec.o
         6          0          0          0          0          0   _printf_ls.o
         6          0          0          0          0          0   _printf_n.o
         6          0          0          0          0          0   _printf_o.o
       112         10          0          0          0        124   _printf_oct_int_ll.o
         6          0          0          0          0          0   _printf_p.o
        78          0          0          0          0        108   _printf_pad.o
         0          0          0          0          0          0   _printf_percent.o
         4          0          0          0          0          0   _printf_percent_end.o
         6          0          0          0          0          0   _printf_s.o
        82          0          0          0          0         80   _printf_str.o
        36          0          0          0          0         84   _printf_truncate.o
         6          0          0          0          0          0   _printf_u.o
        44          0          0          0          0        108   _printf_wchar.o
       188          6          8          0          0         92   _printf_wctomb.o
         6          0          0          0          0          0   _printf_x.o
        22          0          0          0          0        100   _rserrno.o
        16          0          0          0          0         68   _snputc.o
        10          0          0          0          0         68   _sputc.o
       158          0          0          0          0         92   _strtoul.o
        64          0          0          0          0         92   _wcrtomb.o
        26          0          0          0          0         80   atoi.o
       228          4        148          0          0         96   bigflt0.o
      1936        128          0          0          0        672   btod.o
        52          4          0          0          0         80   c89vsnprintf.o
        10          0          0          0          0         68   defsig_exit.o
        50          0          0          0          0         88   defsig_general.o
        80         58          0          0          0         76   defsig_rtmem_inner.o
        14          0          0          0          0         80   defsig_rtmem_outer.o
        18          0          0          0          0         80   exit.o
         8          0          0          0          0         68   ferror.o
        94          0          0          0          0         80   h1_alloc.o
        52          0          0          0          0         68   h1_extend.o
        78          0          0          0          0         80   h1_free.o
        14          0          0          0          0         84   h1_init.o
         6          0          0          0          0        152   heapauxi.o
         4          0          0          0          0        136   hguard.o
       138          0          0          0          0        168   init_alloc.o
        44         10        272          0          0         76   lc_ctype_c.o
        44         10         28          0          0         76   lc_numeric_c.o
         2          0          0          0          0          0   libinit.o
        38          0          0          0          0          0   libinit2.o
         2          0          0          0          0          0   libshutdown.o
         2          0          0          0          0          0   libshutdown2.o
         8          4          0          0         96         68   libspace.o
       138          0          0          0          0         80   lludiv10.o
         0          0          0          0          0          0   maybetermalloc1.o
        16          4          0          0          0         76   rt_ctype_table.o
         8          4          0          0          0         68   rt_errno_addr_intlibspace.o
         8          4          0          0          0         68   rt_heap_descriptor_intlibspace.o
         8          4          0          0          0         68   rt_locale_intlibspace.o
        68          0          0          0          0         68   rt_memclr.o
        78          0          0          0          0         80   rt_memclr_w.o
       138          0          0          0          0         68   rt_memcpy_v6.o
       100          0          0          0          0         80   rt_memcpy_w.o
         2          0          0          0          0          0   rtexit.o
        10          0          0          0          0          0   rtexit2.o
        20          0          0          0          0         68   strchr.o
       128          0          0          0          0         68   strcmpv7m.o
        62          0          0          0          0         76   strlen.o
        36          0          0          0          0         76   strncat.o
       150          0          0          0          0         80   strncmp.o
        36          0          0          0          0         80   strstr.o
       112          0          0          0          0         88   strtol.o
        74          0          0          0          0         80   sys_stackheap_outer.o
        26          0          0          0          0         76   tolower.o
         2          0          0          0          0         68   use_no_semi.o
         2          0          0          0          0         68   use_no_semi_2.o
       826         16          0          0          0        348   daddsub_clz.o
        16          4          0          0          0         68   dcheck1.o
        24          0          0          0          0         68   dcmpi.o
       688        140          0          0          0        208   ddiv.o
        94          4          0          0          0         92   dfix.o
        46          0          0          0          0         68   dflt_clz.o
       120          4          0          0          0         92   dleqf.o
       340         12          0          0          0        104   dmul.o
       156          4          0          0          0         92   dnaninf.o
        12          0          0          0          0         68   dretinf.o
       108          0          0          0          0         80   drleqf.o
       460         56          0          0          0        120   dsqrt_noumaal.o
        86          4          0          0          0         84   f2d.o
        54          4          0          0          0         84   ffix.o
       258          4          0          0          0         84   fmul.o
       140          4          0          0          0         84   fnaninf.o
        10          0          0          0          0         68   fretinf.o
         4          0          0          0          0         68   printf1.o
       100          0          0          0          0         68   retnan.o
        92          0          0          0          0         68   scalbn.o
        48          0          0          0          0         68   trapv.o
         0          0          0          0          0          0   usenofp.o
        62         10          0          0          0        340   dunder.o
        40          0          0          0          0         68   fpclassify.o
       170          0          0          0          0         96   poly.o
      2520        190        136          0          0        324   pow.o
         0          0          8          0          0          0   qnan.o
        76          0          0          0          0         84   sqrt.o

    ----------------------------------------------------------------------
     14318        790        661          0        100       9420   Library Totals
        26          0          4          0          4          0   (incl. Padding)

    ----------------------------------------------------------------------

      Code (inc. data)   RO Data    RW Data    ZI Data      Debug   Library Name

      7742        334        513          0         96       6424   c_w.l
      3682        256          0          0          0       2084   fz_ws.l
      2868        200        144          0          0        912   m_ws.l

    ----------------------------------------------------------------------
     14318        790        661          0        100       9420   Library Totals

    ----------------------------------------------------------------------

==============================================================================


      Code (inc. data)   RO Data    RW Data    ZI Data      Debug   

     28204       2832       1028       2736       2784     344078   Grand Totals
     28204       2832       1028       1480       2784     344078   ELF Image Totals (compressed)
     28204       2832       1028       1480          0          0   ROM Totals

==============================================================================

    Total RO  Size (Code + RO Data)                29232 (  28.55kB)
    Total RW  Size (RW Data + ZI Data)              5520 (   5.39kB)
    Total ROM Size (Code + RO Data + RW Data)      30712 (  29.99kB)

==============================================================================

