Component: ARM Compiler 5.06 update 6 (build 750) Tool: armlink [4d35ed]

==============================================================================

Section Cross References

    system_stm32f10x.o(i.SetSysClock) refers to system_stm32f10x.o(i.SetSysClockTo72) for SetSysClockTo72
    system_stm32f10x.o(i.SystemCoreClockUpdate) refers to system_stm32f10x.o(.data) for SystemCoreClock
    system_stm32f10x.o(i.SystemInit) refers to system_stm32f10x.o(i.SetSysClock) for SetSysClock
    startup_stm32f10x_md.o(RESET) refers to startup_stm32f10x_md.o(STACK) for __initial_sp
    startup_stm32f10x_md.o(RESET) refers to startup_stm32f10x_md.o(.text) for Reset_Handler
    startup_stm32f10x_md.o(RESET) refers to stm32f10x_it.o(i.NMI_Handler) for NMI_Handler
    startup_stm32f10x_md.o(RESET) refers to stm32f10x_it.o(i.HardFault_Handler) for HardFault_Handler
    startup_stm32f10x_md.o(RESET) refers to stm32f10x_it.o(i.MemManage_Handler) for MemManage_Handler
    startup_stm32f10x_md.o(RESET) refers to stm32f10x_it.o(i.BusFault_Handler) for BusFault_Handler
    startup_stm32f10x_md.o(RESET) refers to stm32f10x_it.o(i.UsageFault_Handler) for UsageFault_Handler
    startup_stm32f10x_md.o(RESET) refers to stm32f10x_it.o(i.SVC_Handler) for SVC_Handler
    startup_stm32f10x_md.o(RESET) refers to stm32f10x_it.o(i.DebugMon_Handler) for DebugMon_Handler
    startup_stm32f10x_md.o(RESET) refers to stm32f10x_it.o(i.PendSV_Handler) for PendSV_Handler
    startup_stm32f10x_md.o(RESET) refers to stm32f10x_it.o(i.SysTick_Handler) for SysTick_Handler
    startup_stm32f10x_md.o(RESET) refers to uart1.o(i.USART1_IRQHandler) for USART1_IRQHandler
    startup_stm32f10x_md.o(RESET) refers to usart2.o(i.USART2_IRQHandler) for USART2_IRQHandler
    startup_stm32f10x_md.o(RESET) refers to usart3.o(i.USART3_IRQHandler) for USART3_IRQHandler
    startup_stm32f10x_md.o(.text) refers to system_stm32f10x.o(i.SystemInit) for SystemInit
    startup_stm32f10x_md.o(.text) refers to entry.o(.ARM.Collect$$$$00000000) for __main
    stm32f10x_it.o(i.SysTick_Handler) refers to delay.o(i.SysTick_IRQ) for SysTick_IRQ
    main.o(i.IWDG_Feed) refers to stm32f10x_iwdg.o(i.IWDG_ReloadCounter) for IWDG_ReloadCounter
    main.o(i.IWDG_Init) refers to stm32f10x_iwdg.o(i.IWDG_WriteAccessCmd) for IWDG_WriteAccessCmd
    main.o(i.IWDG_Init) refers to stm32f10x_iwdg.o(i.IWDG_SetPrescaler) for IWDG_SetPrescaler
    main.o(i.IWDG_Init) refers to stm32f10x_iwdg.o(i.IWDG_SetReload) for IWDG_SetReload
    main.o(i.IWDG_Init) refers to stm32f10x_iwdg.o(i.IWDG_ReloadCounter) for IWDG_ReloadCounter
    main.o(i.IWDG_Init) refers to stm32f10x_iwdg.o(i.IWDG_Enable) for IWDG_Enable
    main.o(i.main) refers to delay.o(i.cycleCounterInit) for cycleCounterInit
    main.o(i.main) refers to misc.o(i.NVIC_PriorityGroupConfig) for NVIC_PriorityGroupConfig
    main.o(i.main) refers to init.o(i.ALL_Init) for ALL_Init
    main.o(i.main) refers to main.o(i.IWDG_Init) for IWDG_Init
    main.o(i.main) refers to main.o(i.IWDG_Feed) for IWDG_Feed
    main.o(i.main) refers to scheduler.o(i.main_loop) for main_loop
    main.o(i.main) refers to system_stm32f10x.o(.data) for SystemCoreClock
    delay.o(i.GetSysTime_us) refers to init.o(.data) for SysTick_count
    delay.o(i.GetSysTime_us) refers to delay.o(.data) for usTicks
    delay.o(i.SysTick_IRQ) refers to scheduler.o(i.Loop_check) for Loop_check
    delay.o(i.SysTick_IRQ) refers to init.o(.data) for SysTick_count
    delay.o(i.SysTick_IRQ) refers to delay.o(.data) for sys_init_ok
    delay.o(i.cycleCounterInit) refers to stm32f10x_rcc.o(i.RCC_GetClocksFreq) for RCC_GetClocksFreq
    delay.o(i.cycleCounterInit) refers to delay.o(.data) for usTicks
    delay.o(i.delay_ms) refers to delay.o(i.GetSysTime_us) for GetSysTime_us
    delay.o(i.delay_ms) refers to delay.o(.data) for SysTick_count22
    delay.o(i.micros) refers to ffltui.o(.text) for __aeabi_ui2f
    delay.o(i.micros) refers to fdiv.o(.text) for __aeabi_fdiv
    delay.o(i.micros) refers to fadd.o(.text) for __aeabi_fadd
    delay.o(i.micros) refers to delay.o(.data) for SysTick_count22
    scheduler.o(i.Duty_1000ms) refers to control.o(i.move_Controler) for move_Controler
    scheduler.o(i.Duty_1000ms) refers to nrf24l01.o(.data) for NRF_SSI_CNT
    scheduler.o(i.Duty_1000ms) refers to wifi_ufo.o(.data) for WIFI_SSI_CNT
    scheduler.o(i.Duty_1000ms) refers to spl06.o(.data) for Locat_SSI_CNT
    scheduler.o(i.Duty_1000ms) refers to remote.o(.data) for ON_flag
    scheduler.o(i.Duty_1000ms) refers to scheduler.o(.data) for time_sum
    scheduler.o(i.Duty_1000ms) refers to scheduler.o(.bss) for time
    scheduler.o(i.Duty_10ms) refers to delay.o(i.GetSysTime_us) for GetSysTime_us
    scheduler.o(i.Duty_10ms) refers to remote.o(i.RC_Analy) for RC_Analy
    scheduler.o(i.Duty_10ms) refers to flow.o(i.Pixel_Flow_Fix) for Pixel_Flow_Fix
    scheduler.o(i.Duty_10ms) refers to control.o(i.Flow_Pos_Controler) for Flow_Pos_Controler
[...]
    cnt                                      0x200001d4   Data           2  remote.o(.data)
    cnt                                      0x200001d6   Data           1  remote.o(.data)
    .data                                    0x200001d8   Section      114  control.o(.data)
    p_spl0601                                0x200001d8   Data           4  control.o(.data)
    status                                   0x20000236   Data           1  control.o(.data)
    acc_offset                               0x20000238   Data           2  control.o(.data)
    thr_hold                                 0x2000023c   Data           4  control.o(.data)
    set_high                                 0x20000240   Data           1  control.o(.data)
    High_breaktime                           0x20000241   Data           1  control.o(.data)
    last_high                                0x20000244   Data           4  control.o(.data)
    status                                   0x20000248   Data           1  control.o(.data)
    status                                   0x20000249   Data           1  control.o(.data)
    .data                                    0x2000024c   Section       22  wifi_ufo.o(.data)
    p_spl0601                                0x2000024c   Data           4  wifi_ufo.o(.data)
    wifi_RxBuffer                            0x20000250   Data           8  wifi_ufo.o(.data)
    wifi_PUI                                 0x2000025c   Data           1  wifi_ufo.o(.data)
    _data_cnt                                0x2000025d   Data           1  wifi_ufo.o(.data)
    state                                    0x2000025e   Data           1  wifi_ufo.o(.data)
    temp                                     0x2000025f   Data           1  wifi_ufo.o(.data)
    count10                                  0x20000260   Data           1  wifi_ufo.o(.data)
    Connect_flag                             0x20000261   Data           1  wifi_ufo.o(.data)
    .data                                    0x20000264   Section        7  ano_data_transfer.o(.data)
    p_spl0601                                0x20000264   Data           4  ano_data_transfer.o(.data)
    .data                                    0x2000026c   Section       28  imu.o(.data)
    NormAccz                                 0x2000026c   Data           4  imu.o(.data)
    KpDef                                    0x20000270   Data           4  imu.o(.data)
    KiDef                                    0x20000274   Data           4  imu.o(.data)
    NumQ                                     0x20000278   Data          16  imu.o(.data)
    .data                                    0x20000288   Section        4  stdout.o(.data)
    .data                                    0x2000028c   Section        4  errno.o(.data)
    _errno                                   0x2000028c   Data           4  errno.o(.data)
    .bss                                     0x20000290   Section      104  scheduler.o(.bss)
    spl0601                                  0x20000290   Data          44  scheduler.o(.bss)
    .bss                                     0x200002f8   Section     1696  init.o(.bss)
    spl0601                                  0x200002f8   Data          44  init.o(.bss)
    .bss                                     0x20000998   Section       64  usart3.o(.bss)
    spl0601                                  0x20000998   Data          44  usart3.o(.bss)
    .bss                                     0x200009d8   Section      300  uart1.o(.bss)
    spl0601                                  0x200009d8   Data          44  uart1.o(.bss)
    .bss                                     0x20000b04   Section      300  usart2.o(.bss)
    spl0601                                  0x20000b04   Data          44  usart2.o(.bss)
    .bss                                     0x20000c30   Section      108  nrf24l01.o(.bss)
    spl0601                                  0x20000c30   Data          44  nrf24l01.o(.bss)
    .bss                                     0x20000c9c   Section       68  mpu6050.o(.bss)
    spl0601                                  0x20000c9c   Data          44  mpu6050.o(.bss)
    tBuff                                    0x20000cd4   Data          12  mpu6050.o(.bss)
    .bss                                     0x20000ce0   Section      228  spl06.o(.bss)
    spl0601                                  0x20000ce0   Data          44  spl06.o(.bss)
    .bss                                     0x20000dc4   Section      240  flow.o(.bss)
    spl0601                                  0x20000dc4   Data          44  flow.o(.bss)
    RxBuffer                                 0x20000e74   Data          32  flow.o(.bss)
    RxBuffer                                 0x20000e94   Data          32  flow.o(.bss)
    .bss                                     0x20000eb4   Section      422  ano_dt.o(.bss)
    spl0601                                  0x20000eb4   Data          44  ano_dt.o(.bss)
    RatePID                                  0x20000ee0   Data          18  ano_dt.o(.bss)
    AnglePID                                 0x20000ef2   Data          18  ano_dt.o(.bss)
    HighPID                                  0x20000f04   Data          18  ano_dt.o(.bss)
    HighPID4                                 0x20000f16   Data          18  ano_dt.o(.bss)
    RxBuffer                                 0x20001028   Data          50  ano_dt.o(.bss)
    .bss                                     0x2000105c   Section      108  ano_data_transfer.o(.bss)
    spl0601                                  0x2000105c   Data          44  ano_data_transfer.o(.bss)
    .bss                                     0x200010c8   Section       12  imu.o(.bss)
    GyroIntegError                           0x200010c8   Data          12  imu.o(.bss)
    STACK                                    0x200010d8   Section     1024  startup_stm32f10x_md.o(STACK)

    Global Symbols

    Symbol Name                              Value     Ov Type        Size  Object(Section)

    BuildAttributes$$THM_ISAv4$P$D$K$B$S$PE$A:L22UL41UL21$X:L11$S22US41US21$IEEE1$IW$USESV6$~STKCKD$USESV7$~SHL$OTIME$ROPI$IEEEX$EBA8$MICROLIB$REQ8$PRES8$EABIv2 0x00000000   Number         0  anon$$obj.o ABSOLUTE
    __ARM_use_no_argv                        0x00000000   Number         0  main.o ABSOLUTE
    _printf_a                                0x00000000   Number         0  stubs.o ABSOLUTE
    _printf_c                                0x00000000   Number         0  stubs.o ABSOLUTE
    _printf_charcount                        0x00000000   Number         0  stubs.o ABSOLUTE
    _printf_d                                0x00000000   Number         0  stubs.o ABSOLUTE
    _printf_e                                0x00000000   Number         0  stubs.o ABSOLUTE
    _printf_f                                0x00000000   Number         0  stubs.o ABSOLUTE
    _printf_flags                            0x00000000   Number         0  stubs.o ABSOLUTE
    _printf_fp_dec                           0x00000000   Number         0  stubs.o ABSOLUTE
    _printf_fp_hex                           0x00000000   Number         0  stubs.o ABSOLUTE
    _printf_g                                0x00000000   Number         0  stubs.o ABSOLUTE
    _printf_i                                0x00000000   Number         0  stubs.o ABSOLUTE
    _printf_int_dec                          0x00000000   Number         0  stubs.o ABSOLUTE
    _printf_l                                0x00000000   Number         0  stubs.o ABSOLUTE
    _printf_lc                               0x00000000   Number         0  stubs.o ABSOLUTE
    _printf_ll                               0x00000000   Number         0  stubs.o ABSOLUTE
    _printf_lld                              0x00000000   Number         0  stubs.o ABSOLUTE
    _printf_lli                              0x00000000   Number         0  stubs.o ABSOLUTE
    _printf_llo                              0x00000000   Number         0  stubs.o ABSOLUTE
    _printf_llu                              0x00000000   Number         0  stubs.o ABSOLUTE
    _printf_llx                              0x00000000   Number         0  stubs.o ABSOLUTE
    _printf_longlong_dec                     0x00000000   Number         0  stubs.o ABSOLUTE
    _printf_longlong_hex                     0x00000000   Number         0  stubs.o ABSOLUTE
    _printf_longlong_oct                     0x00000000   Number         0  stubs.o ABSOLUTE
    _printf_ls                               0x00000000   Number         0  stubs.o ABSOLUTE
    _printf_mbtowc                           0x00000000   Number         0  stubs.o ABSOLUTE
    _printf_n                                0x00000000   Number         0  stubs.o ABSOLUTE
    _printf_o                                0x00000000   Number         0  stubs.o ABSOLUTE
    _printf_p                                0x00000000   Number         0  stubs.o ABSOLUTE
    _printf_percent                          0x00000000   Number         0  stubs.o ABSOLUTE
    _printf_pre_padding                      0x00000000   Number         0  stubs.o ABSOLUTE
    _printf_return_value                     0x00000000   Number         0  stubs.o ABSOLUTE
    _printf_s                                0x00000000   Number         0  stubs.o ABSOLUTE
    _printf_sizespec                         0x00000000   Number         0  stubs.o ABSOLUTE
    _printf_str                              0x00000000   Number         0  stubs.o ABSOLUTE
    _printf_truncate_signed                  0x00000000   Number         0  stubs.o ABSOLUTE
    _printf_truncate_unsigned                0x00000000   Number         0  stubs.o ABSOLUTE
    _printf_u                                0x00000000   Number         0  stubs.o ABSOLUTE
    _printf_wc                               0x00000000   Number         0  stubs.o ABSOLUTE
    _printf_wctomb                           0x00000000   Number         0  stubs.o ABSOLUTE
    _printf_widthprec                        0x00000000   Number         0  stubs.o ABSOLUTE
    _printf_x                                0x00000000   Number         0  stubs.o ABSOLUTE
    __cpp_initialize__aeabi_                  - Undefined Weak Reference
    __cxa_finalize                            - Undefined Weak Reference
    _clock_init                               - Undefined Weak Reference
    _microlib_exit                            - Undefined Weak Reference
    __Vectors_Size                           0x000000ec   Number         0  startup_stm32f10x_md.o ABSOLUTE
    __Vectors                                0x08000000   Data           4  startup_stm32f10x_md.o(RESET)
    __Vectors_End                            0x080000ec   Data           0  startup_stm32f10x_md.o(RESET)
    __main                                   0x080000ed   Thumb Code     0  entry.o(.ARM.Collect$$$$00000000)
    _main_stk                                0x080000ed   Thumb Code     0  entry2.o(.ARM.Collect$$$$00000001)
    _main_scatterload                        0x080000f1   Thumb Code     0  entry5.o(.ARM.Collect$$$$00000004)
    __main_after_scatterload                 0x080000f5   Thumb Code     0  entry5.o(.ARM.Collect$$$$00000004)
    _main_clock                              0x080000f5   Thumb Code     0  entry7b.o(.ARM.Collect$$$$00000008)
    _main_cpp_init                           0x080000f5   Thumb Code     0  entry8b.o(.ARM.Collect$$$$0000000A)
    _main_init                               0x080000f5   Thumb Code     0  entry9a.o(.ARM.Collect$$$$0000000B)
    __rt_final_cpp                           0x080000fd   Thumb Code     0  entry10a.o(.ARM.Collect$$$$0000000D)
    __rt_final_exit                          0x080000fd   Thumb Code     0  entry11a.o(.ARM.Collect$$$$0000000F)
    Reset_Handler                            0x08000101   Thumb Code     8  startup_stm32f10x_md.o(.text)
    ADC1_2_IRQHandler                        0x0800011b   Thumb Code     0  startup_stm32f10x_md.o(.text)
    CAN1_RX1_IRQHandler                      0x0800011b   Thumb Code     0  startup_stm32f10x_md.o(.text)
    CAN1_SCE_IRQHandler                      0x0800011b   Thumb Code     0  startup_stm32f10x_md.o(.text)
    DMA1_Channel1_IRQHandler                 0x0800011b   Thumb Code     0  startup_stm32f10x_md.o(.text)
    DMA1_Channel2_IRQHandler                 0x0800011b   Thumb Code     0  startup_stm32f10x_md.o(.text)
    DMA1_Channel3_IRQHandler                 0x0800011b   Thumb Code     0  startup_stm32f10x_md.o(.text)
    DMA1_Channel4_IRQHandler                 0x0800011b   Thumb Code     0  startup_stm32f10x_md.o(.text)
    DMA1_Channel5_IRQHandler                 0x0800011b   Thumb Code     0  startup_stm32f10x_md.o(.text)
    DMA1_Channel6_IRQHandler                 0x0800011b   Thumb Code     0  startup_stm32f10x_md.o(.text)
    DMA1_Channel7_IRQHandler                 0x0800011b   Thumb Code     0  startup_stm32f10x_md.o(.text)
    EXTI0_IRQHandler                         0x0800011b   Thumb Code     0  startup_stm32f10x_md.o(.text)
    EXTI15_10_IRQHandler                     0x0800011b   Thumb Code     0  startup_stm32f10x_md.o(.text)
    EXTI1_IRQHandler                         0x0800011b   Thumb Code     0  startup_stm32f10x_md.o(.text)
    EXTI2_IRQHandler                         0x0800011b   Thumb Code     0  startup_stm32f10x_md.o(.text)
    EXTI3_IRQHandler                         0x0800011b   Thumb Code     0  startup_stm32f10x_md.o(.text)
    EXTI4_IRQHandler                         0x0800011b   Thumb Code     0  startup_stm32f10x_md.o(.text)
    EXTI9_5_IRQHandler                       0x0800011b   Thumb Code     0  startup_stm32f10x_md.o(.text)
    FLASH_IRQHandler                         0x0800011b   Thumb Code     0  startup_stm32f10x_md.o(.text)
    I2C1_ER_IRQHandler                       0x0800011b   Thumb Code     0  startup_stm32f10x_md.o(.text)
    I2C1_EV_IRQHandler                       0x0800011b   Thumb Code     0  startup_stm32f10x_md.o(.text)
    I2C2_ER_IRQHandler                       0x0800011b   Thumb Code     0  startup_stm32f10x_md.o(.text)
    I2C2_EV_IRQHandler                       0x0800011b   Thumb Code     0  startup_stm32f10x_md.o(.text)
    PVD_IRQHandler                           0x0800011b   Thumb Code     0  startup_stm32f10x_md.o(.text)
    RCC_IRQHandler                           0x0800011b   Thumb Code     0  startup_stm32f10x_md.o(.text)
    RTCAlarm_IRQHandler                      0x0800011b   Thumb Code     0  startup_stm32f10x_md.o(.text)
    RTC_IRQHandler                           0x0800011b   Thumb Code     0  startup_stm32f10x_md.o(.text)
    SPI1_IRQHandler                          0x0800011b   Thumb Code     0  startup_stm32f10x_md.o(.text)
    SPI2_IRQHandler                          0x0800011b   Thumb Code     0  startup_stm32f10x_md.o(.text)
    TAMPER_IRQHandler                        0x0800011b   Thumb Code     0  startup_stm32f10x_md.o(.text)
    TIM1_BRK_IRQHandler                      0x0800011b   Thumb Code     0  startup_stm32f10x_md.o(.text)
    TIM1_CC_IRQHandler                       0x0800011b   Thumb Code     0  startup_stm32f10x_md.o(.text)
    TIM1_TRG_COM_IRQHandler                  0x0800011b   Thumb Code     0  startup_stm32f10x_md.o(.text)
    TIM1_UP_IRQHandler                       0x0800011b   Thumb Code     0  startup_stm32f10x_md.o(.text)
    TIM2_IRQHandler                          0x0800011b   Thumb Code     0  startup_stm32f10x_md.o(.text)
    TIM3_IRQHandler                          0x0800011b   Thumb Code     0  startup_stm32f10x_md.o(.text)
    TIM4_IRQHandler                          0x0800011b   Thumb Code     0  startup_stm32f10x_md.o(.text)
    USBWakeUp_IRQHandler                     0x0800011b   Thumb Code     0  startup_stm32f10x_md.o(.text)
    USB_HP_CAN1_TX_IRQHandler                0x0800011b   Thumb Code     0  startup_stm32f10x_md.o(.text)
    USB_LP_CAN1_RX0_IRQHandler               0x0800011b   Thumb Code     0  startup_stm32f10x_md.o(.text)
    WWDG_IRQHandler                          0x0800011b   Thumb Code     0  startup_stm32f10x_md.o(.text)
    __aeabi_memcpy                           0x08000125   Thumb Code    36  memcpya.o(.text)
    __aeabi_memcpy4                          0x08000125   Thumb Code     0  memcpya.o(.text)
    __aeabi_memcpy8                          0x08000125   Thumb Code     0  memcpya.o(.text)
    __aeabi_memset                           0x08000149   Thumb Code    14  memseta.o(.text)
    __aeabi_memset4                          0x08000149   Thumb Code     0  memseta.o(.text)
    __aeabi_memset8                          0x08000149   Thumb Code     0  memseta.o(.text)
    __aeabi_memclr                           0x08000157   Thumb Code     4  memseta.o(.text)
    __aeabi_memclr4                          0x08000157   Thumb Code     0  memseta.o(.text)
    __aeabi_memclr8                          0x08000157   Thumb Code     0  memseta.o(.text)
    _memset$wrapper                          0x0800015b   Thumb Code    18  memseta.o(.text)
    __aeabi_fadd                             0x0800016d   Thumb Code   164  fadd.o(.text)
    __aeabi_fsub                             0x08000211   Thumb Code     6  fadd.o(.text)
    __aeabi_frsub                            0x08000217   Thumb Code     6  fadd.o(.text)
    __aeabi_fmul                             0x0800021d   Thumb Code   100  fmul.o(.text)
    __aeabi_fdiv                             0x08000281   Thumb Code   124  fdiv.o(.text)
    __aeabi_dadd                             0x080002fd   Thumb Code   322  dadd.o(.text)
    __aeabi_dsub                             0x0800043f   Thumb Code     6  dadd.o(.text)
    __aeabi_drsub                            0x08000445   Thumb Code     6  dadd.o(.text)
    __aeabi_dmul                             0x0800044b   Thumb Code   228  dmul.o(.text)
    __aeabi_i2f                              0x0800052f   Thumb Code    18  fflti.o(.text)
    __aeabi_ui2f                             0x08000541   Thumb Code    10  ffltui.o(.text)
    __aeabi_i2d                              0x0800054b   Thumb Code    34  dflti.o(.text)
    __aeabi_f2iz                             0x0800056d   Thumb Code    50  ffixi.o(.text)
    __aeabi_f2uiz                            0x0800059f   Thumb Code    40  ffixui.o(.text)
    __aeabi_f2d                              0x080005c7   Thumb Code    38  f2d.o(.text)
    __aeabi_cdcmpeq                          0x080005ed   Thumb Code     0  cdcmple.o(.text)
    __aeabi_cdcmple                          0x080005ed   Thumb Code    48  cdcmple.o(.text)
    __aeabi_cdrcmple                         0x0800061d   Thumb Code    48  cdrcmple.o(.text)
    __aeabi_d2f                              0x0800064d   Thumb Code    56  d2f.o(.text)
    __aeabi_cfcmpeq                          0x08000685   Thumb Code     0  cfcmple.o(.text)
    __aeabi_cfcmple                          0x08000685   Thumb Code    20  cfcmple.o(.text)
    __aeabi_cfrcmple                         0x08000699   Thumb Code    20  cfrcmple.o(.text)
    __aeabi_uidiv                            0x080006ad   Thumb Code     0  uidiv.o(.text)
    __aeabi_uidivmod                         0x080006ad   Thumb Code    44  uidiv.o(.text)
    __aeabi_llsl                             0x080006d9   Thumb Code    30  llshl.o(.text)
    _ll_shift_l                              0x080006d9   Thumb Code     0  llshl.o(.text)
    __aeabi_llsr                             0x080006f7   Thumb Code    32  llushr.o(.text)
    _ll_ushift_r                             0x080006f7   Thumb Code     0  llushr.o(.text)
    __aeabi_lasr                             0x08000717   Thumb Code    36  llsshr.o(.text)
    _ll_sshift_r                             0x08000717   Thumb Code     0  llsshr.o(.text)
    __I$use$fp                               0x0800073b   Thumb Code     0  iusefp.o(.text)
    _float_round                             0x0800073b   Thumb Code    18  fepilogue.o(.text)
    _float_epilogue                          0x0800074d   Thumb Code    92  fepilogue.o(.text)
    __ARM_scalbnf                            0x080007a9   Thumb Code    24  fscalb.o(.text)
    scalbnf                                  0x080007a9   Thumb Code     0  fscalb.o(.text)
    _double_round                            0x080007c1   Thumb Code    30  depilogue.o(.text)
    _double_epilogue                         0x080007df   Thumb Code   156  depilogue.o(.text)
    __aeabi_ddiv                             0x0800087b   Thumb Code   222  ddiv.o(.text)
    __ARM_scalbn                             0x08000959   Thumb Code    46  dscalb.o(.text)
    scalbn                                   0x08000959   Thumb Code     0  dscalb.o(.text)
    __scatterload                            0x08000989   Thumb Code    28  init.o(.text)
    __scatterload_rt2                        0x08000989   Thumb Code     0  init.o(.text)
    _dsqrt                                   0x080009ad   Thumb Code   162  dsqrt.o(.text)
    __aeabi_ui2d                             0x08000a4f   Thumb Code    26  dfltui.o(.text)
    __aeabi_d2iz                             0x08000a69   Thumb Code    62  dfixi.o(.text)
    __decompress                             0x08000aa7   Thumb Code     0  __dczerorl2.o(.text)
    __decompress1                            0x08000aa7   Thumb Code    86  __dczerorl2.o(.text)
    ADC1_Init                                0x08000b2d   Thumb Code    12  adc.o(i.ADC1_Init)
    ADC_Cmd                                  0x08000c19   Thumb Code    22  stm32f10x_adc.o(i.ADC_Cmd)
    ADC_DMACmd                               0x08000c2f   Thumb Code    22  stm32f10x_adc.o(i.ADC_DMACmd)
    ADC_GetCalibrationStatus                 0x08000c45   Thumb Code    20  stm32f10x_adc.o(i.ADC_GetCalibrationStatus)
    ADC_GetResetCalibrationStatus            0x08000c59   Thumb Code    20  stm32f10x_adc.o(i.ADC_GetResetCalibrationStatus)
    ADC_Init                                 0x08000c6d   Thumb Code    70  stm32f10x_adc.o(i.ADC_Init)
    ADC_RegularChannelConfig                 0x08000cbd   Thumb Code   184  stm32f10x_adc.o(i.ADC_RegularChannelConfig)
    ADC_ResetCalibration                     0x08000d75   Thumb Code    10  stm32f10x_adc.o(i.ADC_ResetCalibration)
    ADC_SoftwareStartConvCmd                 0x08000d7f   Thumb Code    22  stm32f10x_adc.o(i.ADC_SoftwareStartConvCmd)
    ADC_StartCalibration                     0x08000d95   Thumb Code    10  stm32f10x_adc.o(i.ADC_StartCalibration)
    ALL_Init                                 0x08000da1   Thumb Code   136  init.o(i.ALL_Init)
    ANO_DT_Data_Exchange                     0x08000e3d   Thumb Code  1552  ano_data_transfer.o(i.ANO_DT_Data_Exchange)
    ANO_DT_Data_Receive_Anl                  0x08001491   Thumb Code   358  ano_dt.o(i.ANO_DT_Data_Receive_Anl)
    ANO_DT_Send_Data                         0x080016a1   Thumb Code    16  ano_data_transfer.o(i.ANO_DT_Send_Data)
    ANO_DT_Send_PID                          0x080016b1   Thumb Code   382  ano_data_transfer.o(i.ANO_DT_Send_PID)
    ANO_DT_Send_Power                        0x08001835   Thumb Code   238  ano_data_transfer.o(i.ANO_DT_Send_Power)
    ANO_DT_Send_RCData                       0x08001929   Thumb Code   350  ano_data_transfer.o(i.ANO_DT_Send_RCData)
    ANO_DT_Send_Senser                       0x08001a8d   Thumb Code   406  ano_data_transfer.o(i.ANO_DT_Send_Senser)
    ANO_DT_Send_Senser2                      0x08001c29   Thumb Code   154  ano_data_transfer.o(i.ANO_DT_Send_Senser2)
    ANO_DT_Send_Status                       0x08001cc9   Thumb Code   318  ano_data_transfer.o(i.ANO_DT_Send_Status)
    ANO_DT_Send_speed                        0x08001e11   Thumb Code   176  ano_data_transfer.o(i.ANO_DT_Send_speed)
    ANO_NRF_Check_Event                      0x08001ec5   Thumb Code    86  nrf24l01.o(i.ANO_NRF_Check_Event)
    ANO_NRF_Init                             0x08001f25   Thumb Code   240  nrf24l01.o(i.ANO_NRF_Init)
    ANO_NRF_TxPacket_AP                      0x08002021   Thumb Code    36  nrf24l01.o(i.ANO_NRF_TxPacket_AP)
    ANO_Uart1_Init                           0x08002049   Thumb Code   204  uart1.o(i.ANO_Uart1_Init)
    Att_Err_Check                            0x0800211d   Thumb Code   106  control.o(i.Att_Err_Check)
    BusFault_Handler                         0x080021a5   Thumb Code     4  stm32f10x_it.o(i.BusFault_Handler)
    CascadePID                               0x080021a9   Thumb Code    30  pid.o(i.CascadePID)
    DMA_Cmd                                  0x080021c7   Thumb Code    24  stm32f10x_dma.o(i.DMA_Cmd)
    DMA_DeInit                               0x080021e1   Thumb Code   324  stm32f10x_dma.o(i.DMA_DeInit)
    DMA_Init                                 0x0800232d   Thumb Code    60  stm32f10x_dma.o(i.DMA_Init)
    DebugMon_Handler                         0x08002369   Thumb Code     2  stm32f10x_it.o(i.DebugMon_Handler)
    Drv_Spl0601_Read                         0x0800236d   Thumb Code   132  spl06.o(i.Drv_Spl0601_Read)
    Duty_1000ms                              0x08002415   Thumb Code   156  scheduler.o(i.Duty_1000ms)
    Duty_10ms                                0x080024e9   Thumb Code    66  scheduler.o(i.Duty_10ms)
    Duty_20ms                                0x08002539   Thumb Code    26  scheduler.o(i.Duty_20ms)
    Duty_2ms                                 0x08002559   Thumb Code    40  scheduler.o(i.Duty_2ms)
    Duty_4ms                                 0x08002589   Thumb Code    44  scheduler.o(i.Duty_4ms)
    Duty_50ms                                0x080025bd   Thumb Code    38  scheduler.o(i.Duty_50ms)
    Duty_6ms                                 0x080025e9   Thumb Code    36  scheduler.o(i.Duty_6ms)
    Flag_Check                               0x0800261d   Thumb Code   134  ano_data_transfer.o(i.Flag_Check)
    FlightPidControl                         0x080026c5   Thumb Code   272  control.o(i.FlightPidControl)
    Flow_Pos_Controler                       0x08002805   Thumb Code   208  control.o(i.Flow_Pos_Controler)
    Flow_Receive1                            0x08002901   Thumb Code   392  flow.o(i.Flow_Receive1)
    Flow_mode_two                            0x08002aa1   Thumb Code   308  control.o(i.Flow_mode_two)
    GPIO_Init                                0x08002c05   Thumb Code   278  stm32f10x_gpio.o(i.GPIO_Init)
    GPIO_PinRemapConfig                      0x08002d1d   Thumb Code   138  stm32f10x_gpio.o(i.GPIO_PinRemapConfig)
    GPIO_SetBits                             0x08002dad   Thumb Code     4  stm32f10x_gpio.o(i.GPIO_SetBits)
    GetAccz                                  0x08002db1   Thumb Code     6  imu.o(i.GetAccz)
    GetAngle                                 0x08002dbd   Thumb Code  1880  imu.o(i.GetAngle)
    GetLockCode                              0x08003529   Thumb Code    10  init.o(i.GetLockCode)
    GetSysTime_us                            0x0800353d   Thumb Code    58  delay.o(i.GetSysTime_us)
    HardFault_Handler                        0x08003581   Thumb Code     4  stm32f10x_it.o(i.HardFault_Handler)
    HeightPidControl                         0x08003585   Thumb Code   382  control.o(i.HeightPidControl)
    Height_Get                               0x08003759   Thumb Code   582  spl06.o(i.Height_Get)
    High_Data_Calc                           0x080039dd   Thumb Code   206  spl06.o(i.High_Data_Calc)
    High_Data_Reset                          0x08003af1   Thumb Code    16  spl06.o(i.High_Data_Reset)
    IIC_Init                                 0x08004005   Thumb Code    38  iic_software.o(i.IIC_Init)
    IIC_Read_1Byte                           0x08004031   Thumb Code    82  iic_software.o(i.IIC_Read_1Byte)
    IIC_Read_One_Byte                        0x08004083   Thumb Code   100  iic_software.o(i.IIC_Read_One_Byte)
    IIC_Write_One_Byte                       0x080040e7   Thumb Code    68  iic_software.o(i.IIC_Write_One_Byte)
    IIC_read_Bytes                           0x0800412b   Thumb Code   128  iic_software.o(i.IIC_read_Bytes)
    IWDG_Enable                              0x080041ad   Thumb Code    10  stm32f10x_iwdg.o(i.IWDG_Enable)
    IWDG_Feed                                0x080041bd   Thumb Code     8  main.o(i.IWDG_Feed)
    IWDG_Init                                0x080041c5   Thumb Code    36  main.o(i.IWDG_Init)
    IWDG_ReloadCounter                       0x080041e9   Thumb Code    10  stm32f10x_iwdg.o(i.IWDG_ReloadCounter)
    IWDG_SetPrescaler                        0x080041f9   Thumb Code     6  stm32f10x_iwdg.o(i.IWDG_SetPrescaler)
    IWDG_SetReload                           0x08004205   Thumb Code     6  stm32f10x_iwdg.o(i.IWDG_SetReload)
    IWDG_WriteAccessCmd                      0x08004211   Thumb Code     6  stm32f10x_iwdg.o(i.IWDG_WriteAccessCmd)
    LEDInit                                  0x0800421d   Thumb Code    56  led.o(i.LEDInit)
    Loop_check                               0x08004261   Thumb Code   102  scheduler.o(i.Loop_check)
    MemManage_Handler                        0x080042cd   Thumb Code     4  stm32f10x_it.o(i.MemManage_Handler)
    Mode_Controler                           0x080042d1   Thumb Code    12  control.o(i.Mode_Controler)
    MotorControl                             0x080042e1   Thumb Code   638  control.o(i.MotorControl)
    Moving_Average                           0x08004585   Thumb Code   156  filter.o(i.Moving_Average)
    MpuGetData                               0x08004629   Thumb Code   220  mpu6050.o(i.MpuGetData)
    MpuGetOffset                             0x0800471d   Thumb Code   284  mpu6050.o(i.MpuGetOffset)
    MpuInit                                  0x08004845   Thumb Code   158  mpu6050.o(i.MpuInit)
    NMI_Handler                              0x080048ed   Thumb Code     2  stm32f10x_it.o(i.NMI_Handler)
    NRF24L01_Check                           0x080048f1   Thumb Code    68  nrf24l01.o(i.NRF24L01_Check)
    NRF24L01_Configuration                   0x0800493d   Thumb Code   134  nrf24l01.o(i.NRF24L01_Configuration)
    NRF24L01_Read_Buf                        0x080049cd   Thumb Code    62  nrf24l01.o(i.NRF24L01_Read_Buf)
    NRF24L01_Read_Reg                        0x08004a11   Thumb Code    40  nrf24l01.o(i.NRF24L01_Read_Reg)
    NRF24L01_Write_Buf                       0x08004a3d   Thumb Code    62  nrf24l01.o(i.NRF24L01_Write_Buf)
    NRF24L01_Write_Reg                       0x08004a81   Thumb Code    42  nrf24l01.o(i.NRF24L01_Write_Reg)
    NRF24L01_init                            0x08004ab1   Thumb Code    84  nrf24l01.o(i.NRF24L01_init)
    NRF_Connect                              0x08004b15   Thumb Code    78  nrf24l01.o(i.NRF_Connect)
    NVIC_Init                                0x08004b75   Thumb Code   100  misc.o(i.NVIC_Init)
    NVIC_PriorityGroupConfig                 0x08004be5   Thumb Code    10  misc.o(i.NVIC_PriorityGroupConfig)
    PendSV_Handler                           0x08004bf9   Thumb Code     2  stm32f10x_it.o(i.PendSV_Handler)
    PilotLED                                 0x08004bfd   Thumb Code   364  led.o(i.PilotLED)
    Pixel_Flow_Fix                           0x08004d7d   Thumb Code   594  flow.o(i.Pixel_Flow_Fix)
    Q_rsqrt                                  0x08004ff9   Thumb Code    74  mymath.o(i.Q_rsqrt)
    RCC_ADCCLKConfig                         0x08005049   Thumb Code    18  stm32f10x_rcc.o(i.RCC_ADCCLKConfig)
    RCC_AHBPeriphClockCmd                    0x08005061   Thumb Code    26  stm32f10x_rcc.o(i.RCC_AHBPeriphClockCmd)
    RCC_APB1PeriphClockCmd                   0x08005081   Thumb Code    26  stm32f10x_rcc.o(i.RCC_APB1PeriphClockCmd)
    RCC_APB2PeriphClockCmd                   0x080050a1   Thumb Code    26  stm32f10x_rcc.o(i.RCC_APB2PeriphClockCmd)
    RCC_GetClocksFreq                        0x080050c1   Thumb Code   192  stm32f10x_rcc.o(i.RCC_GetClocksFreq)
    RC_Analy                                 0x08005195   Thumb Code    84  remote.o(i.RC_Analy)
    Rc_Connect                               0x08005201   Thumb Code    14  remote.o(i.Rc_Connect)
    SPI_Cmd                                  0x0800520f   Thumb Code    24  stm32f10x_spi.o(i.SPI_Cmd)
    SPI_Config                               0x08005229   Thumb Code   140  spi.o(i.SPI_Config)
    SPI_I2S_GetFlagStatus                    0x080052bd   Thumb Code    18  stm32f10x_spi.o(i.SPI_I2S_GetFlagStatus)
    SPI_I2S_ReceiveData                      0x080052cf   Thumb Code     6  stm32f10x_spi.o(i.SPI_I2S_ReceiveData)
    SPI_I2S_SendData                         0x080052d5   Thumb Code     4  stm32f10x_spi.o(i.SPI_I2S_SendData)
    SPI_Init                                 0x080052d9   Thumb Code    60  stm32f10x_spi.o(i.SPI_Init)
    SPI_RW                                   0x08005315   Thumb Code    50  spi.o(i.SPI_RW)
    SVC_Handler                              0x0800534d   Thumb Code     2  stm32f10x_it.o(i.SVC_Handler)
    SysTick_Handler                          0x08005439   Thumb Code     8  stm32f10x_it.o(i.SysTick_Handler)
    SysTick_IRQ                              0x08005441   Thumb Code    60  delay.o(i.SysTick_IRQ)
    SystemInit                               0x08005489   Thumb Code    78  system_stm32f10x.o(i.SystemInit)
    TIM2_PWM_Config                          0x080054e9   Thumb Code   214  tim.o(i.TIM2_PWM_Config)
    TIM3_PWM_Config                          0x080055c9   Thumb Code   222  tim.o(i.TIM3_PWM_Config)
    TIM_ARRPreloadConfig                     0x080056b9   Thumb Code    24  stm32f10x_tim.o(i.TIM_ARRPreloadConfig)
    TIM_Cmd                                  0x080056d1   Thumb Code    24  stm32f10x_tim.o(i.TIM_Cmd)
    TIM_ITConfig                             0x080056e9   Thumb Code    18  stm32f10x_tim.o(i.TIM_ITConfig)
    TIM_OC1Init                              0x080056fd   Thumb Code   132  stm32f10x_tim.o(i.TIM_OC1Init)
    TIM_OC1PreloadConfig                     0x08005795   Thumb Code    18  stm32f10x_tim.o(i.TIM_OC1PreloadConfig)
    TIM_OC2Init                              0x080057a9   Thumb Code   154  stm32f10x_tim.o(i.TIM_OC2Init)
    TIM_OC2PreloadConfig                     0x0800584d   Thumb Code    26  stm32f10x_tim.o(i.TIM_OC2PreloadConfig)
    TIM_OC3Init                              0x08005869   Thumb Code   150  stm32f10x_tim.o(i.TIM_OC3Init)
    TIM_OC3PreloadConfig                     0x08005909   Thumb Code    18  stm32f10x_tim.o(i.TIM_OC3PreloadConfig)
    TIM_OC4Init                              0x0800591d   Thumb Code   114  stm32f10x_tim.o(i.TIM_OC4Init)
    TIM_OC4PreloadConfig                     0x08005999   Thumb Code    26  stm32f10x_tim.o(i.TIM_OC4PreloadConfig)
    TIM_TimeBaseInit                         0x080059b5   Thumb Code   122  stm32f10x_tim.o(i.TIM_TimeBaseInit)
    UART2_Init                               0x08005a59   Thumb Code   192  usart2.o(i.UART2_Init)
    USART1_IRQHandler                        0x08005b21   Thumb Code   118  uart1.o(i.USART1_IRQHandler)
    USART2_IRQHandler                        0x08005ba9   Thumb Code   114  usart2.o(i.USART2_IRQHandler)
    USART3_Config                            0x08005c2d   Thumb Code   196  usart3.o(i.USART3_Config)
    USART3_IRQHandler                        0x08005cf9   Thumb Code   188  usart3.o(i.USART3_IRQHandler)
    USART3_SendByte                          0x08005dd1   Thumb Code    44  usart3.o(i.USART3_SendByte)
    USART_ClearITPendingBit                  0x08005e01   Thumb Code    30  stm32f10x_usart.o(i.USART_ClearITPendingBit)
    USART_ClockInit                          0x08005e1f   Thumb Code    34  stm32f10x_usart.o(i.USART_ClockInit)
    USART_Cmd                                0x08005e41   Thumb Code    24  stm32f10x_usart.o(i.USART_Cmd)
    USART_GetFlagStatus                      0x08005e59   Thumb Code    26  stm32f10x_usart.o(i.USART_GetFlagStatus)
    USART_GetITStatus                        0x08005e73   Thumb Code    84  stm32f10x_usart.o(i.USART_GetITStatus)
    USART_ITConfig                           0x08005ec7   Thumb Code    74  stm32f10x_usart.o(i.USART_ITConfig)
    USART_Init                               0x08005f11   Thumb Code   210  stm32f10x_usart.o(i.USART_Init)
    USART_ReceiveData                        0x08005fe9   Thumb Code    10  stm32f10x_usart.o(i.USART_ReceiveData)
    USART_SendData                           0x08005ff3   Thumb Code     8  stm32f10x_usart.o(i.USART_SendData)
    UsageFault_Handler                       0x08005ffb   Thumb Code     4  stm32f10x_it.o(i.UsageFault_Handler)
    Voltage_Check                            0x08006001   Thumb Code   208  adc.o(i.Voltage_Check)
    WIFI_UFO_Connect                         0x080060e9   Thumb Code    70  wifi_ufo.o(i.WIFI_UFO_Connect)
    WIFI_UFO_Data_Receive_Anl                0x08006141   Thumb Code   182  wifi_ufo.o(i.WIFI_UFO_Data_Receive_Anl)
    __0printf$1                              0x08006239   Thumb Code    22  printf1.o(i.__0printf$1)
    __1printf$1                              0x08006239   Thumb Code     0  printf1.o(i.__0printf$1)
    __2printf                                0x08006239   Thumb Code     0  printf1.o(i.__0printf$1)
    __ARM_fpclassify                         0x08006259   Thumb Code    40  fpclassify.o(i.__ARM_fpclassify)
    __ARM_fpclassifyf                        0x08006281   Thumb Code    38  fpclassifyf.o(i.__ARM_fpclassifyf)
    __ieee754_rem_pio2                       0x080062a9   Thumb Code   828  rred.o(i.__ieee754_rem_pio2)
    __kernel_poly                            0x08006631   Thumb Code   170  poly.o(i.__kernel_poly)
    __kernel_tan                             0x080066dd   Thumb Code   586  tan_i.o(i.__kernel_tan)
    __mathlib_dbl_infnan                     0x08006959   Thumb Code     6  dunder.o(i.__mathlib_dbl_infnan)
    __mathlib_dbl_invalid                    0x0800695f   Thumb Code    12  dunder.o(i.__mathlib_dbl_invalid)
    __mathlib_dbl_underflow                  0x0800696d   Thumb Code    10  dunder.o(i.__mathlib_dbl_underflow)
    __mathlib_flt_infnan2                    0x0800697d   Thumb Code     4  funder.o(i.__mathlib_flt_infnan2)
    __mathlib_flt_underflow                  0x08006981   Thumb Code    10  funder.o(i.__mathlib_flt_underflow)
    __scatterload_copy                       0x0800698b   Thumb Code    14  handlers.o(i.__scatterload_copy)
    __scatterload_null                       0x08006999   Thumb Code     2  handlers.o(i.__scatterload_null)
    __scatterload_zeroinit                   0x0800699b   Thumb Code    14  handlers.o(i.__scatterload_zeroinit)
    __set_errno                              0x080069a9   Thumb Code     6  errno.o(i.__set_errno)
    asin                                     0x08006b09   Thumb Code   572  asin.o(i.asin)
    atan2f                                   0x08006d79   Thumb Code   528  atan2f.o(i.atan2f)
    cycleCounterInit                         0x08006fd5   Thumb Code    26  delay.o(i.cycleCounterInit)
    delay_ms                                 0x08006ff9   Thumb Code    44  delay.o(i.delay_ms)
    fix_inte_filter                          0x08007029   Thumb Code   108  spl06.o(i.fix_inte_filter)
    fputc                                    0x08007095   Thumb Code    32  uart1.o(i.fputc)
    kalman_1                                 0x080070b9   Thumb Code    88  kalman.o(i.kalman_1)
    main                                     0x08007111   Thumb Code   118  main.o(i.main)
    main_loop                                0x08007195   Thumb Code   160  scheduler.o(i.main_loop)
    move_Controler                           0x08007239   Thumb Code   320  control.o(i.move_Controler)
    pidRest                                  0x080073a1   Thumb Code    44  pid.o(i.pidRest)
    pidUpdate                                0x080073cd   Thumb Code   106  pid.o(i.pidUpdate)
    pid_param_Init                           0x08007439   Thumb Code   180  init.o(i.pid_param_Init)
    spl0601_get_calib_param                  0x0800754d   Thumb Code   476  spl06.o(i.spl0601_get_calib_param)
    spl0601_get_pressure1                    0x08007731   Thumb Code   276  spl06.o(i.spl0601_get_pressure1)
    spl0601_get_raw_pressure                 0x08007849   Thumb Code   102  spl06.o(i.spl0601_get_raw_pressure)
    spl0601_get_raw_temp                     0x080078b5   Thumb Code   106  spl06.o(i.spl0601_get_raw_temp)
    spl0601_get_temperature                  0x08007925   Thumb Code   112  spl06.o(i.spl0601_get_temperature)
    spl0601_init                             0x0800799d   Thumb Code    78  spl06.o(i.spl0601_init)
    spl0601_rateset                          0x080079f5   Thumb Code   318  spl06.o(i.spl0601_rateset)
    spl0601_read                             0x08007b39   Thumb Code    22  spl06.o(i.spl0601_read)
    spl0601_start_continuous                 0x08007b4f   Thumb Code    18  spl06.o(i.spl0601_start_continuous)
    spl0601_write                            0x08007b61   Thumb Code    20  spl06.o(i.spl0601_write)
    sqrt                                     0x08007b75   Thumb Code    76  sqrt.o(i.sqrt)
    tan                                      0x08007bc1   Thumb Code    90  tan.o(i.tan)
    TX_ADDRESS                               0x08007c24   Data           5  nrf24l01.o(.constdata)
    RX_ADDRESS                               0x08007c29   Data           5  nrf24l01.o(.constdata)
    M_PI                                     0x08007c30   Data           4  mymath.o(.constdata)
    RtA                                      0x08007c34   Data           4  mymath.o(.constdata)
    AtR                                      0x08007c38   Data           4  mymath.o(.constdata)
    Gyro_G                                   0x08007c3c   Data           4  mymath.o(.constdata)
    Gyro_Gr                                  0x08007c40   Data           4  mymath.o(.constdata)
    PI_2                                     0x08007c44   Data           4  mymath.o(.constdata)
    Region$$Table$$Base                      0x08007dc0   Number         0  anon$$obj.o(Region$$Table)
    Region$$Table$$Limit                     0x08007de0   Number         0  anon$$obj.o(Region$$Table)
    SystemCoreClock                          0x20000000   Data           4  system_stm32f10x.o(.data)
    AHBPrescTable                            0x20000004   Data          16  system_stm32f10x.o(.data)
    SysTick_count22                          0x20000018   Data           4  delay.o(.data)
    sys_init_ok                              0x2000001c   Data           1  delay.o(.data)
    time_sum                                 0x20000024   Data           4  scheduler.o(.data)
    SysTick_count                            0x2000002c   Data           4  init.o(.data)
    spl_flag                                 0x20000030   Data           1  init.o(.data)
    AK8975                                   0x20000032   Data           6  init.o(.data)
    ST_CpuID                                 0x20000038   Data           4  init.o(.data)
    Command                                  0x2000003c   Data           3  init.o(.data)
    ADC_ConvertedValue                       0x20000058   Data           4  adc.o(.data)
    voltage                                  0x2000005c   Data           2  adc.o(.data)
    rxd_index                                0x20000068   Data           1  usart3.o(.data)
    rxd_flag                                 0x20000069   Data           1  usart3.o(.data)
    mode_flag                                0x2000006a   Data           1  usart3.o(.data)
    TxCounter                                0x20000070   Data           1  uart1.o(.data)
    count                                    0x20000071   Data           1  uart1.o(.data)
    com_data                                 0x20000072   Data           1  uart1.o(.data)
    TxCounter2                               0x20000078   Data           1  usart2.o(.data)
    count2                                   0x20000079   Data           1  usart2.o(.data)
    LED                                      0x20000080   Data           4  led.o(.data)
    LED_warn                                 0x20000084   Data           1  led.o(.data)
    falg_Time                                0x20000086   Data           2  led.o(.data)
    MPU_Err                                  0x20000090   Data           1  nrf24l01.o(.data)
    NRF_Err                                  0x20000091   Data           1  nrf24l01.o(.data)
    SPL_Err                                  0x20000092   Data           1  nrf24l01.o(.data)
    NRF_SSI                                  0x20000093   Data           1  nrf24l01.o(.data)
    NRF_SSI_CNT                              0x20000094   Data           1  nrf24l01.o(.data)
    Nrf_Erro                                 0x20000096   Data           2  nrf24l01.o(.data)
    _CH                                      0x20000098   Data           1  nrf24l01.o(.data)
    ult_err                                  0x200000f0   Data           1  spl06.o(.data)
    ult_ok                                   0x200000f1   Data           1  spl06.o(.data)
    Locat_SSI                                0x200000f2   Data           1  spl06.o(.data)
    Locat_SSI_CNT                            0x200000f3   Data           1  spl06.o(.data)
    Locat_Err                                0x200000f4   Data           1  spl06.o(.data)
    Locat_Mode                               0x200000f5   Data           1  spl06.o(.data)
    Flow_SSI                                 0x200000f6   Data           1  spl06.o(.data)
    Flow_SSI_CNT                             0x200000f7   Data           1  spl06.o(.data)
    Flow_Err                                 0x200000f8   Data           1  spl06.o(.data)
    alt_3                                    0x200000fc   Data           4  spl06.o(.data)
    height                                   0x20000100   Data           4  spl06.o(.data)
    temperature                              0x20000104   Data           4  spl06.o(.data)
    baro_pressure                            0x20000108   Data           4  spl06.o(.data)
    baro_height                              0x2000010c   Data           4  spl06.o(.data)
    baro_height_old                          0x20000110   Data           4  spl06.o(.data)
    baro_Offset                              0x20000114   Data           4  spl06.o(.data)
    baro_speed_o                             0x20000118   Data           4  spl06.o(.data)
    baro_speed                               0x2000011c   Data           4  spl06.o(.data)
    speed_av                                 0x20000120   Data           4  spl06.o(.data)
    speed_av_cnt                             0x20000124   Data           2  spl06.o(.data)
    speed_delta                              0x20000128   Data           4  spl06.o(.data)
    speed_delta_lpf                          0x2000012c   Data           4  spl06.o(.data)
    baro_start                               0x20000130   Data           1  spl06.o(.data)
    wcz_ref_h                                0x20000134   Data           4  spl06.o(.data)
    wcz_ref_hs                               0x20000138   Data           4  spl06.o(.data)
    wcz_ref_x                                0x2000013c   Data           4  spl06.o(.data)
    wcz_ref_xs                               0x20000140   Data           4  spl06.o(.data)
    wcz_ref_y                                0x20000144   Data           4  spl06.o(.data)
    wcz_ref_ys                               0x20000148   Data           4  spl06.o(.data)
    high_calc_en                             0x2000014c   Data           1  spl06.o(.data)
    flag                                     0x200001ac   Data           6  ano_dt.o(.data)
    TxCounter3                               0x200001ba   Data           1  ano_dt.o(.data)
    count3                                   0x200001bb   Data           1  ano_dt.o(.data)
    test_flag                                0x200001c4   Data           2  remote.o(.data)
    set_flag                                 0x200001c6   Data           2  remote.o(.data)
    ON_flag                                  0x200001c8   Data           1  remote.o(.data)
    F_M_flag                                 0x200001ca   Data           2  remote.o(.data)
    L_R_flag                                 0x200001cc   Data           2  remote.o(.data)
    Throttle_out                             0x200001dc   Data           4  control.o(.data)
    down_flag                                0x200001e0   Data           1  control.o(.data)
    pPidObject                               0x200001e4   Data          48  control.o(.data)
    HIGH_START                               0x20000214   Data           2  control.o(.data)
    Control_high                             0x20000218   Data           4  control.o(.data)
    altHold_Pos_Save                         0x2000021c   Data           4  control.o(.data)
    Pos_breaktime                            0x20000220   Data           4  control.o(.data)
    Pos_break_save                           0x20000224   Data           4  control.o(.data)
    SStime                                   0x20000228   Data           2  control.o(.data)
    move_X                                   0x2000022a   Data           2  control.o(.data)
    move_Y                                   0x2000022c   Data           2  control.o(.data)
    motor                                    0x2000022e   Data           8  control.o(.data)
    WIFI_UFO_Err                             0x20000258   Data           2  wifi_ufo.o(.data)
    WIFI_SSI                                 0x2000025a   Data           1  wifi_ufo.o(.data)
    WIFI_SSI_CNT                             0x2000025b   Data           1  wifi_ufo.o(.data)
    cnt                                      0x20000268   Data           1  ano_data_transfer.o(.data)
    yaw_lock                                 0x20000269   Data           1  ano_data_transfer.o(.data)
    Send_Check                               0x2000026a   Data           1  ano_data_transfer.o(.data)
    __stdout                                 0x20000288   Data           4  stdout.o(.data)
    loop                                     0x200002bc   Data          18  scheduler.o(.bss)
    time                                     0x200002d0   Data          40  scheduler.o(.bss)
    MPU6050                                  0x20000324   Data          12  init.o(.bss)
    Angle                                    0x20000330   Data          12  init.o(.bss)
    Remote                                   0x2000033c   Data          22  init.o(.bss)
    ALL_flag                                 0x20000354   Data          12  init.o(.bss)
    FlightData                               0x20000360   Data          16  init.o(.bss)
    pidRateX                                 0x20000370   Data         128  init.o(.bss)
    pidRateY                                 0x200003f0   Data         128  init.o(.bss)
    pidRateZ                                 0x20000470   Data         128  init.o(.bss)
    pidPitch                                 0x200004f0   Data         128  init.o(.bss)
    pidRoll                                  0x20000570   Data         128  init.o(.bss)
    pidYaw                                   0x200005f0   Data         128  init.o(.bss)
    pidHeightRate                            0x20000670   Data         128  init.o(.bss)
    pidHeightHigh                            0x200006f0   Data         128  init.o(.bss)
    Flow_PosPid_x                            0x20000770   Data         128  init.o(.bss)
    Flow_PosPid_y                            0x200007f0   Data         128  init.o(.bss)
    Flow_SpeedPid_x                          0x20000870   Data         128  init.o(.bss)
    Flow_SpeedPid_y                          0x200008f0   Data         128  init.o(.bss)
    IMU                                      0x20000970   Data          40  init.o(.bss)
    rxd_buf                                  0x200009c4   Data          20  usart3.o(.bss)
    TxBuffer                                 0x20000a04   Data         256  uart1.o(.bss)
    TxBuffer2                                0x20000b30   Data         256  usart2.o(.bss)
    NRF24L01_2_RXDATA                        0x20000c5c   Data          32  nrf24l01.o(.bss)
    NRF24L01_2_TXDATA                        0x20000c7c   Data          32  nrf24l01.o(.bss)
    MpuOffset                                0x20000cc8   Data          12  mpu6050.o(.bss)
    speed_av_arr                             0x20000d0c   Data          40  spl06.o(.bss)
    wcz_h_fus                                0x20000d34   Data          24  spl06.o(.bss)
    wcz_hs_fus                               0x20000d4c   Data          24  spl06.o(.bss)
    wcz_x_fus                                0x20000d64   Data          24  spl06.o(.bss)
    wcz_xs_fus                               0x20000d7c   Data          24  spl06.o(.bss)
    wcz_y_fus                                0x20000d94   Data          24  spl06.o(.bss)
    wcz_ys_fus                               0x20000dac   Data          24  spl06.o(.bss)
    mini                                     0x20000df0   Data          36  flow.o(.bss)
    pixel_flow                               0x20000e14   Data          96  flow.o(.bss)
    TxBuffer3                                0x20000f28   Data         256  ano_dt.o(.bss)
    f                                        0x20001088   Data          14  ano_data_transfer.o(.bss)
    data_to_send                             0x20001096   Data          50  ano_data_transfer.o(.bss)
    __initial_sp                             0x200014d8   Data           0  startup_stm32f10x_md.o(STACK)



==============================================================================

Memory Map of the image

  Image Entry point : 0x080000ed

  Load Region LR_IROM1 (Base: 0x08000000, Size: 0x00008070, Max: 0x00010000, ABSOLUTE, COMPRESSED[0x00007e70])

    Execution Region ER_IROM1 (Exec base: 0x08000000, Load base: 0x08000000, Size: 0x00007de0, Max: 0x00010000, ABSOLUTE)

    Exec Addr    Load Addr    Size         Type   Attr      Idx    E Section Name        Object

    0x08000000   0x08000000   0x000000ec   Data   RO          105    RESET               startup_stm32f10x_md.o
    0x080000ec   0x080000ec   0x00000000   Code   RO         4952  * .ARM.Collect$$$$00000000  mc_w.l(entry.o)
    0x080000ec   0x080000ec   0x00000004   Code   RO         5317    .ARM.Collect$$$$00000001  mc_w.l(entry2.o)
    0x080000f0   0x080000f0   0x00000004   Code   RO         5320    .ARM.Collect$$$$00000004  mc_w.l(entry5.o)
    0x080000f4   0x080000f4   0x00000000   Code   RO         5322    .ARM.Collect$$$$00000008  mc_w.l(entry7b.o)
    0x080000f4   0x080000f4   0x00000000   Code   RO         5324    .ARM.Collect$$$$0000000A  mc_w.l(entry8b.o)
    0x080000f4   0x080000f4   0x00000008   Code   RO         5325    .ARM.Collect$$$$0000000B  mc_w.l(entry9a.o)
    0x080000fc   0x080000fc   0x00000000   Code   RO         5327    .ARM.Collect$$$$0000000D  mc_w.l(entry10a.o)
    0x080000fc   0x080000fc   0x00000000   Code   RO         5329    .ARM.Collect$$$$0000000F  mc_w.l(entry11a.o)
    0x080000fc   0x080000fc   0x00000004   Code   RO         5318    .ARM.Collect$$$$00002712  mc_w.l(entry2.o)
    0x08000100   0x08000100   0x00000024   Code   RO          106    .text               startup_stm32f10x_md.o
    0x08000124   0x08000124   0x00000024   Code   RO         4955    .text               mc_w.l(memcpya.o)
    0x08000148   0x08000148   0x00000024   Code   RO         4957    .text               mc_w.l(memseta.o)
    0x0800016c   0x0800016c   0x000000b0   Code   RO         5222    .text               mf_w.l(fadd.o)
    0x0800021c   0x0800021c   0x00000064   Code   RO         5224    .text               mf_w.l(fmul.o)
    0x08000280   0x08000280   0x0000007c   Code   RO         5226    .text               mf_w.l(fdiv.o)
    0x080002fc   0x080002fc   0x0000014e   Code   RO         5228    .text               mf_w.l(dadd.o)
    0x0800044a   0x0800044a   0x000000e4   Code   RO         5230    .text               mf_w.l(dmul.o)
    0x0800052e   0x0800052e   0x00000012   Code   RO         5232    .text               mf_w.l(fflti.o)
    0x08000540   0x08000540   0x0000000a   Code   RO         5234    .text               mf_w.l(ffltui.o)
    0x0800054a   0x0800054a   0x00000022   Code   RO         5236    .text               mf_w.l(dflti.o)
    0x0800056c   0x0800056c   0x00000032   Code   RO         5238    .text               mf_w.l(ffixi.o)
    0x0800059e   0x0800059e   0x00000028   Code   RO         5240    .text               mf_w.l(ffixui.o)
    0x080005c6   0x080005c6   0x00000026   Code   RO         5244    .text               mf_w.l(f2d.o)
    0x080005ec   0x080005ec   0x00000030   Code   RO         5246    .text               mf_w.l(cdcmple.o)
    0x0800061c   0x0800061c   0x00000030   Code   RO         5248    .text               mf_w.l(cdrcmple.o)
    0x0800064c   0x0800064c   0x00000038   Code   RO         5250    .text               mf_w.l(d2f.o)
    0x08000684   0x08000684   0x00000014   Code   RO         5252    .text               mf_w.l(cfcmple.o)
    0x08000698   0x08000698   0x00000014   Code   RO         5254    .text               mf_w.l(cfrcmple.o)
    0x080006ac   0x080006ac   0x0000002c   Code   RO         5332    .text               mc_w.l(uidiv.o)
    0x080006d8   0x080006d8   0x0000001e   Code   RO         5336    .text               mc_w.l(llshl.o)
    0x080006f6   0x080006f6   0x00000020   Code   RO         5338    .text               mc_w.l(llushr.o)
    0x08000716   0x08000716   0x00000024   Code   RO         5340    .text               mc_w.l(llsshr.o)
    0x0800073a   0x0800073a   0x00000000   Code   RO         5349    .text               mc_w.l(iusefp.o)
    0x0800073a   0x0800073a   0x0000006e   Code   RO         5350    .text               mf_w.l(fepilogue.o)
    0x080007a8   0x080007a8   0x00000018   Code   RO         5352    .text               mf_w.l(fscalb.o)
    0x080007c0   0x080007c0   0x000000ba   Code   RO         5354    .text               mf_w.l(depilogue.o)
    0x0800087a   0x0800087a   0x000000de   Code   RO         5356    .text               mf_w.l(ddiv.o)
    0x08000958   0x08000958   0x0000002e   Code   RO         5358    .text               mf_w.l(dscalb.o)
    0x08000986   0x08000986   0x00000002   PAD
    0x08000988   0x08000988   0x00000024   Code   RO         5362    .text               mc_w.l(init.o)
    0x080009ac   0x080009ac   0x000000a2   Code   RO         5366    .text               mf_w.l(dsqrt.o)
    0x08000a4e   0x08000a4e   0x0000001a   Code   RO         5368    .text               mf_w.l(dfltui.o)
    0x08000a68   0x08000a68   0x0000003e   Code   RO         5370    .text               mf_w.l(dfixi.o)
    0x08000aa6   0x08000aa6   0x00000056   Code   RO         5380    .text               mc_w.l(__dczerorl2.o)
    0x08000afc   0x08000afc   0x00000030   Code   RO         3634    i.ADC1_GPIO_Config  adc.o
    0x08000b2c   0x08000b2c   0x0000000c   Code   RO         3635    i.ADC1_Init         adc.o
    0x08000b38   0x08000b38   0x000000e0   Code   RO         3636    i.ADC1_Mode_Config  adc.o
    0x08000c18   0x08000c18   0x00000016   Code   RO          550    i.ADC_Cmd           stm32f10x_adc.o
    0x08000c2e   0x08000c2e   0x00000016   Code   RO          551    i.ADC_DMACmd        stm32f10x_adc.o
    0x08000c44   0x08000c44   0x00000014   Code   RO          558    i.ADC_GetCalibrationStatus  stm32f10x_adc.o
    0x08000c58   0x08000c58   0x00000014   Code   RO          564    i.ADC_GetResetCalibrationStatus  stm32f10x_adc.o
    0x08000c6c   0x08000c6c   0x00000050   Code   RO          568    i.ADC_Init          stm32f10x_adc.o
    0x08000cbc   0x08000cbc   0x000000b8   Code   RO          572    i.ADC_RegularChannelConfig  stm32f10x_adc.o
    0x08000d74   0x08000d74   0x0000000a   Code   RO          573    i.ADC_ResetCalibration  stm32f10x_adc.o
    0x08000d7e   0x08000d7e   0x00000016   Code   RO          575    i.ADC_SoftwareStartConvCmd  stm32f10x_adc.o
    0x08000d94   0x08000d94   0x0000000a   Code   RO          577    i.ADC_StartCalibration  stm32f10x_adc.o
    0x08000d9e   0x08000d9e   0x00000002   PAD
    0x08000da0   0x08000da0   0x0000009c   Code   RO          473    i.ALL_Init          init.o
    0x08000e3c   0x08000e3c   0x00000654   Code   RO         4527    i.ANO_DT_Data_Exchange  ano_data_transfer.o
    0x08001490   0x08001490   0x0000018c   Code   RO         4307    i.ANO_DT_Data_Receive_Anl  ano_dt.o
    0x0800161c   0x0800161c   0x00000084   Code   RO         4309    i.ANO_DT_Send_Check  ano_dt.o
    0x080016a0   0x080016a0   0x00000010   Code   RO         4528    i.ANO_DT_Send_Data  ano_data_transfer.o
    0x080016b0   0x080016b0   0x00000184   Code   RO         4531    i.ANO_DT_Send_PID   ano_data_transfer.o
    0x08001834   0x08001834   0x000000f4   Code   RO         4532    i.ANO_DT_Send_Power  ano_data_transfer.o
    0x08001928   0x08001928   0x00000164   Code   RO         4533    i.ANO_DT_Send_RCData  ano_data_transfer.o
    0x08001a8c   0x08001a8c   0x0000019c   Code   RO         4534    i.ANO_DT_Send_Senser  ano_data_transfer.o
    0x08001c28   0x08001c28   0x000000a0   Code   RO         4535    i.ANO_DT_Send_Senser2  ano_data_transfer.o
    0x08001cc8   0x08001cc8   0x00000148   Code   RO         4537    i.ANO_DT_Send_Status  ano_data_transfer.o
    0x08001e10   0x08001e10   0x000000b4   Code   RO         4539    i.ANO_DT_Send_speed  ano_data_transfer.o
    0x08001ec4   0x08001ec4   0x00000060   Code   RO         3871    i.ANO_NRF_Check_Event  nrf24l01.o
    0x08001f24   0x08001f24   0x000000fc   Code   RO         3872    i.ANO_NRF_Init      nrf24l01.o
    0x08002020   0x08002020   0x00000028   Code   RO         3873    i.ANO_NRF_TxPacket_AP  nrf24l01.o
    0x08002048   0x08002048   0x000000d4   Code   RO         3754    i.ANO_Uart1_Init    uart1.o
    0x0800211c   0x0800211c   0x00000088   Code   RO         4420    i.Att_Err_Check     control.o
    0x080021a4   0x080021a4   0x00000004   Code   RO          110    i.BusFault_Handler  stm32f10x_it.o
    0x080021a8   0x080021a8   0x0000001e   Code   RO         4891    i.CascadePID        pid.o
    0x080021c6   0x080021c6   0x00000018   Code   RO         1250    i.DMA_Cmd           stm32f10x_dma.o
    0x080021de   0x080021de   0x00000002   PAD
    0x080021e0   0x080021e0   0x0000014c   Code   RO         1251    i.DMA_DeInit        stm32f10x_dma.o
    0x0800232c   0x0800232c   0x0000003c   Code   RO         1256    i.DMA_Init          stm32f10x_dma.o
    0x08002368   0x08002368   0x00000002   Code   RO          111    i.DebugMon_Handler  stm32f10x_it.o
    0x0800236a   0x0800236a   0x00000002   PAD
    0x0800236c   0x0800236c   0x000000a8   Code   RO         4138    i.Drv_Spl0601_Read  spl06.o
    0x08002414   0x08002414   0x000000d4   Code   RO          401    i.Duty_1000ms       scheduler.o
    0x080024e8   0x080024e8   0x00000050   Code   RO          402    i.Duty_10ms         scheduler.o
    0x08002538   0x08002538   0x00000020   Code   RO          403    i.Duty_20ms         scheduler.o
    0x08002558   0x08002558   0x00000030   Code   RO          404    i.Duty_2ms          scheduler.o
    0x08002588   0x08002588   0x00000034   Code   RO          405    i.Duty_4ms          scheduler.o
    0x080025bc   0x080025bc   0x0000002c   Code   RO          406    i.Duty_50ms         scheduler.o
    0x080025e8   0x080025e8   0x00000034   Code   RO          407    i.Duty_6ms          scheduler.o
    0x0800261c   0x0800261c   0x000000a8   Code   RO         4540    i.Flag_Check        ano_data_transfer.o
    0x080026c4   0x080026c4   0x00000140   Code   RO         4421    i.FlightPidControl  control.o
    0x08002804   0x08002804   0x000000fc   Code   RO         4422    i.Flow_Pos_Controler  control.o
    0x08002900   0x08002900   0x000001a0   Code   RO         4272    i.Flow_Receive1     flow.o
    0x08002aa0   0x08002aa0   0x00000164   Code   RO         4423    i.Flow_mode_two     control.o
    0x08002c04   0x08002c04   0x00000116   Code   RO         1677    i.GPIO_Init         stm32f10x_gpio.o
    0x08002d1a   0x08002d1a   0x00000002   PAD
    0x08002d1c   0x08002d1c   0x00000090   Code   RO         1679    i.GPIO_PinRemapConfig  stm32f10x_gpio.o
    0x08002dac   0x08002dac   0x00000004   Code   RO         1685    i.GPIO_SetBits      stm32f10x_gpio.o
    0x08002db0   0x08002db0   0x0000000c   Code   RO         4763    i.GetAccz           imu.o
    0x08002dbc   0x08002dbc   0x0000076c   Code   RO         4764    i.GetAngle          imu.o
    0x08003528   0x08003528   0x00000014   Code   RO          474    i.GetLockCode       init.o
    0x0800353c   0x0800353c   0x00000044   Code   RO          343    i.GetSysTime_us     delay.o
    0x08003580   0x08003580   0x00000004   Code   RO          112    i.HardFault_Handler  stm32f10x_it.o
    0x08003584   0x08003584   0x000001d4   Code   RO         4424    i.HeightPidControl  control.o
    0x08003758   0x08003758   0x00000284   Code   RO         4139    i.Height_Get        spl06.o
    0x080039dc   0x080039dc   0x00000114   Code   RO         4140    i.High_Data_Calc    spl06.o
    0x08003af0   0x08003af0   0x00000018   Code   RO         4141    i.High_Data_Reset   spl06.o
    0x08003b08   0x08003b08   0x000000cc   Code   RO         3502    i.I2c_Ack           iic_software.o
    0x08003bd4   0x08003bd4   0x000000cc   Code   RO         3503    i.I2c_NoAck         iic_software.o
    0x08003ca0   0x08003ca0   0x000000c0   Code   RO         3504    i.I2c_ReadByte      iic_software.o
    0x08003d60   0x08003d60   0x000000c0   Code   RO         3505    i.I2c_SendByte      iic_software.o
    0x08003e20   0x08003e20   0x00000094   Code   RO         3507    i.I2c_Start         iic_software.o
    0x08003eb4   0x08003eb4   0x0000009c   Code   RO         3508    i.I2c_Stop          iic_software.o
    0x08003f50   0x08003f50   0x000000b4   Code   RO         3509    i.I2c_WaitAck       iic_software.o
    0x08004004   0x08004004   0x0000002c   Code   RO         3510    i.IIC_Init          iic_software.o
    0x08004030   0x08004030   0x00000052   Code   RO         3511    i.IIC_Read_1Byte    iic_software.o
    0x08004082   0x08004082   0x00000064   Code   RO         3512    i.IIC_Read_One_Byte  iic_software.o
    0x080040e6   0x080040e6   0x00000044   Code   RO         3515    i.IIC_Write_One_Byte  iic_software.o
    0x0800412a   0x0800412a   0x00000080   Code   RO         3516    i.IIC_read_Bytes    iic_software.o
    0x080041aa   0x080041aa   0x00000002   PAD
    0x080041ac   0x080041ac   0x00000010   Code   RO         1989    i.IWDG_Enable       stm32f10x_iwdg.o
    0x080041bc   0x080041bc   0x00000008   Code   RO          193    i.IWDG_Feed         main.o
    0x080041c4   0x080041c4   0x00000024   Code   RO          194    i.IWDG_Init         main.o
    0x080041e8   0x080041e8   0x00000010   Code   RO         1991    i.IWDG_ReloadCounter  stm32f10x_iwdg.o
    0x080041f8   0x080041f8   0x0000000c   Code   RO         1992    i.IWDG_SetPrescaler  stm32f10x_iwdg.o
    0x08004204   0x08004204   0x0000000c   Code   RO         1993    i.IWDG_SetReload    stm32f10x_iwdg.o
    0x08004210   0x08004210   0x0000000c   Code   RO         1994    i.IWDG_WriteAccessCmd  stm32f10x_iwdg.o
    0x0800421c   0x0800421c   0x00000044   Code   RO         3846    i.LEDInit           led.o
    0x08004260   0x08004260   0x0000006c   Code   RO          408    i.Loop_check        scheduler.o
    0x080042cc   0x080042cc   0x00000004   Code   RO          113    i.MemManage_Handler  stm32f10x_it.o
    0x080042d0   0x080042d0   0x00000010   Code   RO         4425    i.Mode_Controler    control.o
    0x080042e0   0x080042e0   0x000002a4   Code   RO         4426    i.MotorControl      control.o
    0x08004584   0x08004584   0x000000a4   Code   RO         4635    i.Moving_Average    filter.o
    0x08004628   0x08004628   0x000000f4   Code   RO         4080    i.MpuGetData        mpu6050.o
    0x0800471c   0x0800471c   0x00000128   Code   RO         4081    i.MpuGetOffset      mpu6050.o
    0x08004844   0x08004844   0x000000a8   Code   RO         4082    i.MpuInit           mpu6050.o
    0x080048ec   0x080048ec   0x00000002   Code   RO          114    i.NMI_Handler       stm32f10x_it.o
    0x080048ee   0x080048ee   0x00000002   PAD
    0x080048f0   0x080048f0   0x0000004c   Code   RO         3874    i.NRF24L01_Check    nrf24l01.o
    0x0800493c   0x0800493c   0x00000090   Code   RO         3875    i.NRF24L01_Configuration  nrf24l01.o
    0x080049cc   0x080049cc   0x00000044   Code   RO         3876    i.NRF24L01_Read_Buf  nrf24l01.o
    0x08004a10   0x08004a10   0x0000002c   Code   RO         3877    i.NRF24L01_Read_Reg  nrf24l01.o
    0x08004a3c   0x08004a3c   0x00000044   Code   RO         3880    i.NRF24L01_Write_Buf  nrf24l01.o
    0x08004a80   0x08004a80   0x00000030   Code   RO         3881    i.NRF24L01_Write_Reg  nrf24l01.o
    0x08004ab0   0x08004ab0   0x00000064   Code   RO         3882    i.NRF24L01_init     nrf24l01.o
    0x08004b14   0x08004b14   0x00000060   Code   RO         3883    i.NRF_Connect       nrf24l01.o
    0x08004b74   0x08004b74   0x00000070   Code   RO          508    i.NVIC_Init         misc.o
    0x08004be4   0x08004be4   0x00000014   Code   RO          509    i.NVIC_PriorityGroupConfig  misc.o
    0x08004bf8   0x08004bf8   0x00000002   Code   RO          115    i.PendSV_Handler    stm32f10x_it.o
    0x08004bfa   0x08004bfa   0x00000002   PAD
    0x08004bfc   0x08004bfc   0x00000180   Code   RO         3847    i.PilotLED          led.o
    0x08004d7c   0x08004d7c   0x0000027c   Code   RO         4273    i.Pixel_Flow_Fix    flow.o
    0x08004ff8   0x08004ff8   0x00000050   Code   RO         4792    i.Q_rsqrt           mymath.o
    0x08005048   0x08005048   0x00000018   Code   RO         2097    i.RCC_ADCCLKConfig  stm32f10x_rcc.o
    0x08005060   0x08005060   0x00000020   Code   RO         2098    i.RCC_AHBPeriphClockCmd  stm32f10x_rcc.o
    0x08005080   0x08005080   0x00000020   Code   RO         2099    i.RCC_APB1PeriphClockCmd  stm32f10x_rcc.o
    0x080050a0   0x080050a0   0x00000020   Code   RO         2101    i.RCC_APB2PeriphClockCmd  stm32f10x_rcc.o
    0x080050c0   0x080050c0   0x000000d4   Code   RO         2109    i.RCC_GetClocksFreq  stm32f10x_rcc.o
    0x08005194   0x08005194   0x0000006c   Code   RO         4371    i.RC_Analy          remote.o
    0x08005200   0x08005200   0x0000000e   Code   RO         4372    i.Rc_Connect        remote.o
    0x0800520e   0x0800520e   0x00000018   Code   RO         2581    i.SPI_Cmd           stm32f10x_spi.o
    0x08005226   0x08005226   0x00000002   PAD
    0x08005228   0x08005228   0x00000094   Code   RO         3669    i.SPI_Config        spi.o
    0x080052bc   0x080052bc   0x00000012   Code   RO         2589    i.SPI_I2S_GetFlagStatus  stm32f10x_spi.o
    0x080052ce   0x080052ce   0x00000006   Code   RO         2592    i.SPI_I2S_ReceiveData  stm32f10x_spi.o
    0x080052d4   0x080052d4   0x00000004   Code   RO         2593    i.SPI_I2S_SendData  stm32f10x_spi.o
    0x080052d8   0x080052d8   0x0000003c   Code   RO         2594    i.SPI_Init          stm32f10x_spi.o
    0x08005314   0x08005314   0x00000038   Code   RO         3670    i.SPI_RW            spi.o
    0x0800534c   0x0800534c   0x00000002   Code   RO          116    i.SVC_Handler       stm32f10x_it.o
    0x0800534e   0x0800534e   0x00000008   Code   RO           17    i.SetSysClock       system_stm32f10x.o
    0x08005356   0x08005356   0x00000002   PAD
    0x08005358   0x08005358   0x000000e0   Code   RO           18    i.SetSysClockTo72   system_stm32f10x.o
    0x08005438   0x08005438   0x00000008   Code   RO          117    i.SysTick_Handler   stm32f10x_it.o
    0x08005440   0x08005440   0x00000048   Code   RO          344    i.SysTick_IRQ       delay.o
    0x08005488   0x08005488   0x00000060   Code   RO           20    i.SystemInit        system_stm32f10x.o
    0x080054e8   0x080054e8   0x000000e0   Code   RO         3613    i.TIM2_PWM_Config   tim.o
    0x080055c8   0x080055c8   0x000000f0   Code   RO         3614    i.TIM3_PWM_Config   tim.o
    0x080056b8   0x080056b8   0x00000018   Code   RO         2724    i.TIM_ARRPreloadConfig  stm32f10x_tim.o
    0x080056d0   0x080056d0   0x00000018   Code   RO         2736    i.TIM_Cmd           stm32f10x_tim.o
    0x080056e8   0x080056e8   0x00000012   Code   RO         2761    i.TIM_ITConfig      stm32f10x_tim.o
    0x080056fa   0x080056fa   0x00000002   PAD
    0x080056fc   0x080056fc   0x00000098   Code   RO         2765    i.TIM_OC1Init       stm32f10x_tim.o
    0x08005794   0x08005794   0x00000012   Code   RO         2768    i.TIM_OC1PreloadConfig  stm32f10x_tim.o
    0x080057a6   0x080057a6   0x00000002   PAD
    0x080057a8   0x080057a8   0x000000a4   Code   RO         2770    i.TIM_OC2Init       stm32f10x_tim.o
    0x0800584c   0x0800584c   0x0000001a   Code   RO         2773    i.TIM_OC2PreloadConfig  stm32f10x_tim.o
    0x08005866   0x08005866   0x00000002   PAD
    0x08005868   0x08005868   0x000000a0   Code   RO         2775    i.TIM_OC3Init       stm32f10x_tim.o
    0x08005908   0x08005908   0x00000012   Code   RO         2778    i.TIM_OC3PreloadConfig  stm32f10x_tim.o
    0x0800591a   0x0800591a   0x00000002   PAD
    0x0800591c   0x0800591c   0x0000007c   Code   RO         2780    i.TIM_OC4Init       stm32f10x_tim.o
    0x08005998   0x08005998   0x0000001a   Code   RO         2782    i.TIM_OC4PreloadConfig  stm32f10x_tim.o
    0x080059b2   0x080059b2   0x00000002   PAD
    0x080059b4   0x080059b4   0x000000a4   Code   RO         2807    i.TIM_TimeBaseInit  stm32f10x_tim.o
    0x08005a58   0x08005a58   0x000000c8   Code   RO         3803    i.UART2_Init        usart2.o
    0x08005b20   0x08005b20   0x00000088   Code   RO         3758    i.USART1_IRQHandler  uart1.o
    0x08005ba8   0x08005ba8   0x00000084   Code   RO         3807    i.USART2_IRQHandler  usart2.o
    0x08005c2c   0x08005c2c   0x000000cc   Code   RO         3698    i.USART3_Config     usart3.o
    0x08005cf8   0x08005cf8   0x000000d8   Code   RO         3699    i.USART3_IRQHandler  usart3.o
    0x08005dd0   0x08005dd0   0x00000030   Code   RO         3700    i.USART3_SendByte   usart3.o
    0x08005e00   0x08005e00   0x0000001e   Code   RO         3269    i.USART_ClearITPendingBit  stm32f10x_usart.o
    0x08005e1e   0x08005e1e   0x00000022   Code   RO         3270    i.USART_ClockInit   stm32f10x_usart.o
    0x08005e40   0x08005e40   0x00000018   Code   RO         3272    i.USART_Cmd         stm32f10x_usart.o
    0x08005e58   0x08005e58   0x0000001a   Code   RO         3275    i.USART_GetFlagStatus  stm32f10x_usart.o
    0x08005e72   0x08005e72   0x00000054   Code   RO         3276    i.USART_GetITStatus  stm32f10x_usart.o
    0x08005ec6   0x08005ec6   0x0000004a   Code   RO         3278    i.USART_ITConfig    stm32f10x_usart.o
    0x08005f10   0x08005f10   0x000000d8   Code   RO         3279    i.USART_Init        stm32f10x_usart.o
    0x08005fe8   0x08005fe8   0x0000000a   Code   RO         3286    i.USART_ReceiveData  stm32f10x_usart.o
    0x08005ff2   0x08005ff2   0x00000008   Code   RO         3289    i.USART_SendData    stm32f10x_usart.o
    0x08005ffa   0x08005ffa   0x00000004   Code   RO          118    i.UsageFault_Handler  stm32f10x_it.o
    0x08005ffe   0x08005ffe   0x00000002   PAD
    0x08006000   0x08006000   0x000000e8   Code   RO         3637    i.Voltage_Check     adc.o
    0x080060e8   0x080060e8   0x00000058   Code   RO         4488    i.WIFI_UFO_Connect  wifi_ufo.o
    0x08006140   0x08006140   0x000000f8   Code   RO         4489    i.WIFI_UFO_Data_Receive_Anl  wifi_ufo.o
    0x08006238   0x08006238   0x00000020   Code   RO         5006    i.__0printf$1       mc_w.l(printf1.o)
    0x08006258   0x08006258   0x00000028   Code   RO         5270    i.__ARM_fpclassify  m_ws.l(fpclassify.o)
    0x08006280   0x08006280   0x00000026   Code   RO         5272    i.__ARM_fpclassifyf  m_ws.l(fpclassifyf.o)
    0x080062a6   0x080062a6   0x00000002   PAD
    0x080062a8   0x080062a8   0x00000388   Code   RO         5290    i.__ieee754_rem_pio2  m_ws.l(rred.o)
    0x08006630   0x08006630   0x000000aa   Code   RO         5288    i.__kernel_poly     m_ws.l(poly.o)
    0x080066da   0x080066da   0x00000002   PAD
    0x080066dc   0x080066dc   0x0000027c   Code   RO         5311    i.__kernel_tan      m_ws.l(tan_i.o)
    0x08006958   0x08006958   0x00000006   Code   RO         5257    i.__mathlib_dbl_infnan  m_ws.l(dunder.o)
    0x0800695e   0x0800695e   0x0000000c   Code   RO         5259    i.__mathlib_dbl_invalid  m_ws.l(dunder.o)
    0x0800696a   0x0800696a   0x00000002   PAD
    0x0800696c   0x0800696c   0x00000010   Code   RO         5262    i.__mathlib_dbl_underflow  m_ws.l(dunder.o)
    0x0800697c   0x0800697c   0x00000004   Code   RO         5276    i.__mathlib_flt_infnan2  m_ws.l(funder.o)
    0x08006980   0x08006980   0x0000000a   Code   RO         5280    i.__mathlib_flt_underflow  m_ws.l(funder.o)
    0x0800698a   0x0800698a   0x0000000e   Code   RO         5374    i.__scatterload_copy  mc_w.l(handlers.o)
    0x08006998   0x08006998   0x00000002   Code   RO         5375    i.__scatterload_null  mc_w.l(handlers.o)
    0x0800699a   0x0800699a   0x0000000e   Code   RO         5376    i.__scatterload_zeroinit  mc_w.l(handlers.o)
    0x080069a8   0x080069a8   0x0000000c   Code   RO         5344    i.__set_errno       mc_w.l(errno.o)
    0x080069b4   0x080069b4   0x00000154   Code   RO         5013    i._printf_core      mc_w.l(printf1.o)
    0x08006b08   0x08006b08   0x00000270   Code   RO         4919    i.asin              m_ws.l(asin.o)
    0x08006d78   0x08006d78   0x0000025c   Code   RO         4937    i.atan2f            m_ws.l(atan2f.o)
    0x08006fd4   0x08006fd4   0x00000024   Code   RO          345    i.cycleCounterInit  delay.o
    0x08006ff8   0x08006ff8   0x00000030   Code   RO          346    i.delay_ms          delay.o
    0x08007028   0x08007028   0x0000006c   Code   RO         4142    i.fix_inte_filter   spl06.o
    0x08007094   0x08007094   0x00000024   Code   RO         3759    i.fputc             uart1.o
    0x080070b8   0x080070b8   0x00000058   Code   RO         4695    i.kalman_1          kalman.o
    0x08007110   0x08007110   0x00000084   Code   RO          195    i.main              main.o
    0x08007194   0x08007194   0x000000a4   Code   RO          409    i.main_loop         scheduler.o
    0x08007238   0x08007238   0x00000168   Code   RO         4427    i.move_Controler    control.o
    0x080073a0   0x080073a0   0x0000002c   Code   RO         4892    i.pidRest           pid.o
    0x080073cc   0x080073cc   0x0000006a   Code   RO         4893    i.pidUpdate         pid.o
    0x08007436   0x08007436   0x00000002   PAD
    0x08007438   0x08007438   0x00000114   Code   RO          475    i.pid_param_Init    init.o
    0x0800754c   0x0800754c   0x000001e4   Code   RO         4143    i.spl0601_get_calib_param  spl06.o
    0x08007730   0x08007730   0x00000118   Code   RO         4145    i.spl0601_get_pressure1  spl06.o
    0x08007848   0x08007848   0x0000006c   Code   RO         4146    i.spl0601_get_raw_pressure  spl06.o
    0x080078b4   0x080078b4   0x00000070   Code   RO         4147    i.spl0601_get_raw_temp  spl06.o
    0x08007924   0x08007924   0x00000078   Code   RO         4148    i.spl0601_get_temperature  spl06.o
    0x0800799c   0x0800799c   0x00000058   Code   RO         4149    i.spl0601_init      spl06.o
    0x080079f4   0x080079f4   0x00000144   Code   RO         4150    i.spl0601_rateset   spl06.o
    0x08007b38   0x08007b38   0x00000016   Code   RO         4151    i.spl0601_read      spl06.o
    0x08007b4e   0x08007b4e   0x00000012   Code   RO         4152    i.spl0601_start_continuous  spl06.o
    0x08007b60   0x08007b60   0x00000014   Code   RO         4155    i.spl0601_write     spl06.o
    0x08007b74   0x08007b74   0x0000004c   Code   RO         5296    i.sqrt              m_ws.l(sqrt.o)
    0x08007bc0   0x08007bc0   0x00000064   Code   RO         4945    i.tan               m_ws.l(tan.o)
    0x08007c24   0x08007c24   0x0000000a   Data   RO         3887    .constdata          nrf24l01.o
    0x08007c2e   0x08007c2e   0x00000002   PAD
    0x08007c30   0x08007c30   0x00000018   Data   RO         4806    .constdata          mymath.o
    0x08007c48   0x08007c48   0x00000050   Data   RO         4920    .constdata          m_ws.l(asin.o)
    0x08007c98   0x08007c98   0x000000c8   Data   RO         5292    .constdata          m_ws.l(rred.o)
    0x08007d60   0x08007d60   0x00000060   Data   RO         5312    .constdata          m_ws.l(tan_i.o)
    0x08007dc0   0x08007dc0   0x00000020   Data   RO         5372    Region$$Table       anon$$obj.o


    Execution Region RW_IRAM1 (Exec base: 0x20000000, Load base: 0x08007de0, Size: 0x000014d8, Max: 0x00005000, ABSOLUTE, COMPRESSED[0x00000090])

    Exec Addr    Load Addr    Size         Type   Attr      Idx    E Section Name        Object

    0x20000000   COMPRESSED   0x00000014   Data   RW           21    .data               system_stm32f10x.o
    0x20000014   COMPRESSED   0x0000000a   Data   RW          349    .data               delay.o
    0x2000001e   COMPRESSED   0x00000002   PAD
    0x20000020   COMPRESSED   0x00000008   Data   RW          411    .data               scheduler.o
    0x20000028   COMPRESSED   0x00000017   Data   RW          477    .data               init.o
    0x2000003f   COMPRESSED   0x00000014   Data   RW         2129    .data               stm32f10x_rcc.o
    0x20000053   COMPRESSED   0x00000001   PAD
    0x20000054   COMPRESSED   0x0000000e   Data   RW         3639    .data               adc.o
    0x20000062   COMPRESSED   0x00000002   PAD
    0x20000064   COMPRESSED   0x00000008   Data   RW         3702    .data               usart3.o
    0x2000006c   COMPRESSED   0x00000007   Data   RW         3761    .data               uart1.o
    0x20000073   COMPRESSED   0x00000001   PAD
    0x20000074   COMPRESSED   0x00000006   Data   RW         3809    .data               usart2.o
    0x2000007a   COMPRESSED   0x00000002   PAD
    0x2000007c   COMPRESSED   0x00000010   Data   RW         3849    .data               led.o
    0x2000008c   COMPRESSED   0x0000000e   Data   RW         3888    .data               nrf24l01.o
    0x2000009a   COMPRESSED   0x00000002   PAD
    0x2000009c   COMPRESSED   0x00000050   Data   RW         4085    .data               mpu6050.o
    0x200000ec   COMPRESSED   0x000000ae   Data   RW         4159    .data               spl06.o
    0x2000019a   COMPRESSED   0x00000002   PAD
    0x2000019c   COMPRESSED   0x0000000a   Data   RW         4275    .data               flow.o
    0x200001a6   COMPRESSED   0x00000002   PAD
    0x200001a8   COMPRESSED   0x00000018   Data   RW         4314    .data               ano_dt.o
    0x200001c0   COMPRESSED   0x00000017   Data   RW         4375    .data               remote.o
    0x200001d7   COMPRESSED   0x00000001   PAD
    0x200001d8   COMPRESSED   0x00000072   Data   RW         4429    .data               control.o
    0x2000024a   COMPRESSED   0x00000002   PAD
    0x2000024c   COMPRESSED   0x00000016   Data   RW         4492    .data               wifi_ufo.o
    0x20000262   COMPRESSED   0x00000002   PAD
    0x20000264   COMPRESSED   0x00000007   Data   RW         4542    .data               ano_data_transfer.o
    0x2000026b   COMPRESSED   0x00000001   PAD
    0x2000026c   COMPRESSED   0x0000001c   Data   RW         4766    .data               imu.o
    0x20000288   COMPRESSED   0x00000004   Data   RW         5331    .data               mc_w.l(stdout.o)
    0x2000028c   COMPRESSED   0x00000004   Data   RW         5345    .data               mc_w.l(errno.o)
    0x20000290        -       0x00000068   Zero   RW          410    .bss                scheduler.o
    0x200002f8        -       0x000006a0   Zero   RW          476    .bss                init.o
    0x20000998        -       0x00000040   Zero   RW         3701    .bss                usart3.o
    0x200009d8        -       0x0000012c   Zero   RW         3760    .bss                uart1.o
    0x20000b04        -       0x0000012c   Zero   RW         3808    .bss                usart2.o
    0x20000c30        -       0x0000006c   Zero   RW         3886    .bss                nrf24l01.o
    0x20000c9c        -       0x00000044   Zero   RW         4084    .bss                mpu6050.o
    0x20000ce0        -       0x000000e4   Zero   RW         4158    .bss                spl06.o
    0x20000dc4        -       0x000000f0   Zero   RW         4274    .bss                flow.o
    0x20000eb4        -       0x000001a6   Zero   RW         4313    .bss                ano_dt.o
    0x2000105a   COMPRESSED   0x00000002   PAD
    0x2000105c        -       0x0000006c   Zero   RW         4541    .bss                ano_data_transfer.o
    0x200010c8        -       0x0000000c   Zero   RW         4765    .bss                imu.o
    0x200010d4   COMPRESSED   0x00000004   PAD
    0x200010d8        -       0x00000400   Zero   RW          103    STACK               startup_stm32f10x_md.o


==============================================================================

Image component sizes


      Code (inc. data)   RO Data    RW Data    ZI Data      Debug   Object Name

       516         44          0         14          0       3573   adc.o
      3872        222          0          7        108      11085   ano_data_transfer.o
       528         52          0         24        422       6044   ano_dt.o
      2584        338          0        114          0       7829   control.o
         0          0          0          0          0       4556   core_cm3.o
       224         36          0         10          0       3334   delay.o
       164          8          0          0          0       2037   filter.o
      1052         66          0         10        240       5238   flow.o
      1698         38          0          0          0      10042   iic_software.o
      1912         50          0         28         12       2729   imu.o
       452        126          0         23       1696       6569   init.o
        88          0          0          0          0       1919   kalman.o
       452         38          0         16          0       3950   led.o
       176         14          0          0          0     231702   main.o
       132         22          0          0          0       1775   misc.o
       708         46          0         80         68       4670   mpu6050.o
        80          6         24          0          0       1225   mymath.o
      1032        100         10         14        108     223947   nrf24l01.o
       180          0          0          0          0       2471   pid.o
       122         24          0         23          0       3041   remote.o
       792        124          0          8        104       6261   scheduler.o
       204         14          0          0          0       1330   spi.o
      2796        224          0        174        228      14973   spl06.o
        36          8        236          0       1024        860   startup_stm32f10x_md.o
       390         10          0          0          0       8253   stm32f10x_adc.o
       416          8          0          0          0       3746   stm32f10x_dma.o
       426          6          0          0          0       3661   stm32f10x_gpio.o
        32          0          0          0          0       6182   stm32f10x_it.o
        68         30          0          0          0       2910   stm32f10x_iwdg.o
       332         44          0         20          0       6157   stm32f10x_rcc.o
       112          0          0          0          0       4342   stm32f10x_spi.o
       918         92          0          0          0       9191   stm32f10x_tim.o
       506          6          0          0          0       8285   stm32f10x_usart.o
       328         28          0         20          0      63569   system_stm32f10x.o
       464         28          0          0          0       1616   tim.o
       384         30          0          7        300       3261   uart1.o
       332         26          0          6        300       2367   usart2.o
       468         40          0          8         64       3301   usart3.o
       336         84          0         22          0       3068   wifi_ufo.o

    ----------------------------------------------------------------------
     25344       2032        304        648       4680     691069   Object Totals
         0          0         32          0          0          0   (incl. Generated)
        32          0          2         20          6          0   (incl. Padding)

    ----------------------------------------------------------------------

      Code (inc. data)   RO Data    RW Data    ZI Data      Debug   Library Member Name

       624         52         80          0          0        168   asin.o
       604         76          0          0          0        116   atan2f.o
        34          6          0          0          0        204   dunder.o
        40          0          0          0          0         68   fpclassify.o
        38          0          0          0          0         68   fpclassifyf.o
        14          0          0          0          0        136   funder.o
       170          0          0          0          0         96   poly.o
       904         76        200          0          0        140   rred.o
        76          0          0          0          0         84   sqrt.o
       100         10          0          0          0         96   tan.o
       636         50         96          0          0        168   tan_i.o
        86          0          0          0          0          0   __dczerorl2.o
         0          0          0          0          0          0   entry.o
         0          0          0          0          0          0   entry10a.o
         0          0          0          0          0          0   entry11a.o
         8          4          0          0          0          0   entry2.o
         4          0          0          0          0          0   entry5.o
         0          0          0          0          0          0   entry7b.o
         0          0          0          0          0          0   entry8b.o
         8          4          0          0          0          0   entry9a.o
        12          6          0          4          0         68   errno.o
        30          0          0          0          0          0   handlers.o
        36          8          0          0          0         68   init.o
         0          0          0          0          0          0   iusefp.o
        30          0          0          0          0         68   llshl.o
        36          0          0          0          0         68   llsshr.o
        32          0          0          0          0         68   llushr.o
        36          0          0          0          0         68   memcpya.o
        36          0          0          0          0        108   memseta.o
       372         14          0          0          0        184   printf1.o
         0          0          0          4          0          0   stdout.o
        44          0          0          0          0         80   uidiv.o
        48          0          0          0          0         68   cdcmple.o
        48          0          0          0          0         68   cdrcmple.o
        20          0          0          0          0         68   cfcmple.o
        20          0          0          0          0         68   cfrcmple.o
        56          0          0          0          0         88   d2f.o
       334          0          0          0          0        148   dadd.o
       222          0          0          0          0        100   ddiv.o
       186          0          0          0          0        176   depilogue.o
        62          0          0          0          0         80   dfixi.o
        34          0          0          0          0         76   dflti.o
        26          0          0          0          0         76   dfltui.o
       228          0          0          0          0         96   dmul.o
        46          0          0          0          0         80   dscalb.o
       162          0          0          0          0        100   dsqrt.o
        38          0          0          0          0         68   f2d.o
       176          0          0          0          0        140   fadd.o
       124          0          0          0          0         88   fdiv.o
       110          0          0          0          0        168   fepilogue.o
        50          0          0          0          0         68   ffixi.o
        40          0          0          0          0         68   ffixui.o
        18          0          0          0          0         68   fflti.o
        10          0          0          0          0         68   ffltui.o
       100          0          0          0          0         76   fmul.o
        24          0          0          0          0         68   fscalb.o

    ----------------------------------------------------------------------
      6200        306        376          8          0       4296   Library Totals
         8          0          0          0          0          0   (incl. Padding)

    ----------------------------------------------------------------------

      Code (inc. data)   RO Data    RW Data    ZI Data      Debug   Library Name

      3240        270        376          0          0       1344   m_ws.l
       770         36          0          8          0        780   mc_w.l
      2182          0          0          0          0       2172   mf_w.l

    ----------------------------------------------------------------------
      6200        306        376          8          0       4296   Library Totals

    ----------------------------------------------------------------------

==============================================================================


      Code (inc. data)   RO Data    RW Data    ZI Data      Debug   

     31544       2338        680        656       4680     684261   Grand Totals
     31544       2338        680        144       4680     684261   ELF Image Totals (compressed)
     31544       2338        680        144          0          0   ROM Totals

==============================================================================

    Total RO  Size (Code + RO Data)                32224 (  31.47kB)
    Total RW  Size (RW Data + ZI Data)              5336 (   5.21kB)
    Total ROM Size (Code + RO Data + RW Data)      32368 (  31.61kB)

==============================================================================

