<html>
<body>
<pre>
<h1>礦ision Build Log</h1>
<h2>Tool Versions:</h2>
IDE-Version: μVision V5.31.0.0
Copyright (C) 2020 ARM Ltd and ARM Germany GmbH. All rights reserved.
License Information: liu bin, TJISE, LIC=BUURY-I78G6-SBQEJ-UL8SR-44UUV-QGS1I
 
Tool Versions:
Toolchain:       MDK-ARM Plus  Version: 5.31.0.0
Toolchain Path:  E:\soft\stm32\Core\ARM\ARMCC\Bin
C Compiler:      Armcc.exe V5.06 update 6 (build 750)
Assembler:       Armasm.exe V5.06 update 6 (build 750)
Linker/Locator:  ArmLink.exe V5.06 update 6 (build 750)
Library Manager: ArmAr.exe V5.06 update 6 (build 750)
Hex Converter:   FromElf.exe V5.06 update 6 (build 750)
CPU DLL:         SARMCM3.DLL V5.31.0.0
Dialog DLL:      DARMSTM.DLL V1.68.0.0
Target DLL:      STLink\ST-LINKIII-KEIL_SWO.dll V3.0.7.0
Dialog DLL:      TARMSTM.DLL V1.66.0.0
 
<h2>Project:</h2>
D:\华为嵌入式大赛\下位机-软件设计\无人机\无人机蓝牙接收巡航\四轴C程序 激光 蓝牙控制 巡航 定点\四轴C程序 激光 蓝牙控制 巡航 定点\LN_FXQ.uvprojx
Project File Date:  11/10/2023

<h2>Output:</h2>
*** Using Compiler 'V5.06 update 6 (build 750)', folder: 'E:\soft\stm32\Core\ARM\ARMCC\Bin'
Rebuild target 'Target 1'
assembling startup_stm32f10x_md.s...
compiling core_cm3.c...
compiling misc.c...
compiling system_stm32f10x.c...
compiling delay.c...
USER\scheduler.h(21): warning:  #1295-D: Deprecated declaration Duty_2ms - give arg types
  void Duty_2ms();
USER\scheduler.h(22): warning:  #1295-D: Deprecated declaration Duty_4ms - give arg types
  void Duty_4ms();
USER\scheduler.h(23): warning:  #1295-D: Deprecated declaration Duty_6ms - give arg types
  void Duty_6ms();
USER\scheduler.h(24): warning:  #1295-D: Deprecated declaration Duty_10ms - give arg types
  void Duty_10ms();
USER\scheduler.h(25): warning:  #1295-D: Deprecated declaration Duty_20ms - give arg types
  void Duty_20ms();
USER\scheduler.h(26): warning:  #1295-D: Deprecated declaration Duty_50ms - give arg types
  void Duty_50ms();
USER\scheduler.h(27): warning:  #1295-D: Deprecated declaration Duty_1000ms - give arg types
  void Duty_1000ms();
USER\scheduler.h(28): warning:  #1-D: last line of file ends without a newline
  #endif
USER\delay.c: 8 warnings, 0 errors
compiling stm32f10x_bkp.c...
compiling stm32f10x_it.c...
compiling stm32f10x_adc.c...
compiling sys.c...
compiling main.c...
USER\scheduler.h(21): warning:  #1295-D: Deprecated declaration Duty_2ms - give arg types
  void Duty_2ms();
USER\scheduler.h(22): warning:  #1295-D: Deprecated declaration Duty_4ms - give arg types
  void Duty_4ms();
USER\scheduler.h(23): warning:  #1295-D: Deprecated declaration Duty_6ms - give arg types
  void Duty_6ms();
USER\scheduler.h(24): warning:  #1295-D: Deprecated declaration Duty_10ms - give arg types
  void Duty_10ms();
USER\scheduler.h(25): warning:  #1295-D: Deprecated declaration Duty_20ms - give arg types
  void Duty_20ms();
USER\scheduler.h(26): warning:  #1295-D: Deprecated declaration Duty_50ms - give arg types
  void Duty_50ms();
USER\scheduler.h(27): warning:  #1295-D: Deprecated declaration Duty_1000ms - give arg types
  void Duty_1000ms();
USER\scheduler.h(28): warning:  #1-D: last line of file ends without a newline
  #endif
USER\main.c: 8 warnings, 0 errors
compiling INIT.c...
compiling scheduler.c...
USER\scheduler.h(21): warning:  #1295-D: Deprecated declaration Duty_2ms - give arg types
  void Duty_2ms();
USER\scheduler.h(22): warning:  #1295-D: Deprecated declaration Duty_4ms - give arg types
  void Duty_4ms();
USER\scheduler.h(23): warning:  #1295-D: Deprecated declaration Duty_6ms - give arg types
  void Duty_6ms();
USER\scheduler.h(24): warning:  #1295-D: Deprecated declaration Duty_10ms - give arg types
  void Duty_10ms();
USER\scheduler.h(25): warning:  #1295-D: Deprecated declaration Duty_20ms - give arg types
  void Duty_20ms();
USER\scheduler.h(26): warning:  #1295-D: Deprecated declaration Duty_50ms - give arg types
  void Duty_50ms();
USER\scheduler.h(27): warning:  #1295-D: Deprecated declaration Duty_1000ms - give arg types
  void Duty_1000ms();
USER\scheduler.h(28): warning:  #1-D: last line of file ends without a newline
  #endif
USER\scheduler.c(203): warning:  #1-D: last line of file ends without a newline
  //////////////////////////end///////////////////////////////////////////
USER\scheduler.c: 9 warnings, 0 errors
compiling stm32f10x_can.c...
compiling stm32f10x_crc.c...
compiling stm32f10x_cec.c...
compiling stm32f10x_dbgmcu.c...
compiling stm32f10x_dac.c...
compiling stm32f10x_exti.c...
compiling stm32f10x_dma.c...
compiling stm32f10x_flash.c...
compiling stm32f10x_gpio.c...
compiling stm32f10x_fsmc.c...
compiling stm32f10x_i2c.c...
compiling stm32f10x_iwdg.c...
compiling stm32f10x_pwr.c...
compiling stm32f10x_rcc.c...
compiling stm32f10x_rtc.c...
compiling stm32f10x_spi.c...
compiling stm32f10x_sdio.c...
compiling stm32f10x_wwdg.c...
compiling stm32f10x_usart.c...
compiling IIC_SOFTWARE.c...
compiling GPIO.c...
compiling stm32f10x_tim.c...
compiling TIM.c...
compiling ADC.c...
CONFIG\ADC.c(188): warning:  #1-D: last line of file ends without a newline
  }
CONFIG\ADC.c: 1 warning, 0 errors
compiling Spi.c...
compiling USART3.c...
compiling Uart1.c...
CONFIG\Uart1.c(130): warning:  #1-D: last line of file ends without a newline
  }
CONFIG\Uart1.c: 1 warning, 0 errors
compiling USART2.c...
compiling LED.c...
compiling nrf24l01.c...
compiling mpu6050.c...
compiling flow.c...
compiling spl06.c...
HARDWARE\spl06.c(91): warning:  #167-D: argument of type "unsigned char *" is incompatible with parameter of type "int8_t *"
  	IIC_Read_1Byte(hwadr,regadr,&reg_data);
HARDWARE\spl06.c(118): warning:  #68-D: integer conversion resulted in a change of sign
    	IIC_Read_1Byte(HW_ADR,SPL06_PRODUCT_ID_ADDR,&data);
HARDWARE\spl06.c(118): warning:  #167-D: argument of type "unsigned char *" is incompatible with parameter of type "int8_t *"
    	IIC_Read_1Byte(HW_ADR,SPL06_PRODUCT_ID_ADDR,&data);
HARDWARE\spl06.c: 3 warnings, 0 errors
compiling imu.c...
compiling pid.c...
compiling remote.c...
HAL\remote.c(59): warning:  #174-D: expression has no effect
  		LIMIT(Remote.roll,1000,2000);
HAL\remote.c(64): warning:  #174-D: expression has no effect
  				LIMIT(Remote.roll,1000,2000);
HAL\remote.c(79): warning:  #174-D: expression has no effect
  			LIMIT(Remote.pitch,1000,2000);
HAL\remote.c(84): warning:  #174-D: expression has no effect
  					LIMIT(Remote.pitch,1000,2000);
HAL\remote.c(111): warning:  #174-D: expression has no effect
  						LIMIT(Remote.roll,1000,2000);
HAL\remote.c(113): warning:  #174-D: expression has no effect
  						LIMIT(Remote.pitch,1000,2000);
HAL\remote.c(115): warning:  #174-D: expression has no effect
  						LIMIT(Remote.yaw,1000,2000);	
HAL\remote.c(126): warning:  #174-D: expression has no effect
  						LIMIT(Remote.thr,1000,2000);
HAL\remote.c(96): warning:  #177-D: variable "cnt_tmp"  was declared but never referenced
  		static uint16_t cnt,cnt_tmp;
HAL\remote.c: 9 warnings, 0 errors
compiling ANO_DT.c...
HAL\ANO_DT.c(76): warning:  #177-D: variable "CMD2"  was declared but never referenced
  				 }CMD2;
HAL\ANO_DT.c: 1 warning, 0 errors
compiling control.c...
HAL\control.c(96): warning:  #550-D: variable "thr_hold"  was set but never used
  		static float thr_hold = 0; //进入高度时记录当前油门值
HAL\control.c(97): warning:  #550-D: variable "set_high"  was set but never used
  		static uint8_t set_high = 0,High_breaktime;
HAL\control.c(97): warning:  #177-D: variable "High_breaktime"  was declared but never referenced
  		static uint8_t set_high = 0,High_breaktime;
HAL\control.c(200): warning:  #177-D: variable "roll_pitch_ratio"  was declared but never referenced
  		const float roll_pitch_ratio = 0.04f;
HAL\control.c(414): warning:  #111-D: statement is unreachable
  		break;
HAL\control.c(428): warning:  #177-D: variable "DEADBAND"  was declared but never referenced
  		const uint16_t DEADBAND=150;	
HAL\control.c: 6 warnings, 0 errors
compiling WIFI_UFO.c...
HAL\WIFI_UFO.c(48): warning:  #174-D: expression has no effect
  					LIMIT(Remote.thr,1000,2000);
HAL\WIFI_UFO.c(50): warning:  #174-D: expression has no effect
  					LIMIT(Remote.yaw,1000,2000);
HAL\WIFI_UFO.c(52): warning:  #174-D: expression has no effect
  					LIMIT(Remote.roll,1000,2000);
HAL\WIFI_UFO.c(54): warning:  #174-D: expression has no effect
  					LIMIT(Remote.pitch,1000,2000);
HAL\WIFI_UFO.c(59): warning:  #186-D: pointless comparison of unsigned integer with zero
  					LIMIT(Remote.AUX2,0,128);											
HAL\WIFI_UFO.c(59): warning:  #174-D: expression has no effect
  					LIMIT(Remote.AUX2,0,128);											
HAL\WIFI_UFO.c: 6 warnings, 0 errors
compiling filter.c...
compiling kalman.c...
compiling myMath.c...
compiling ANO_Data_Transfer.c...
linking...
Program Size: Code=31544 RO-data=680 RW-data=656 ZI-data=4680  
FromELF: creating hex file...
".\Output\FJCX.axf" - 0 Error(s), 52 Warning(s).

<h2>Software Packages used:</h2>

Package Vendor: Keil
                http://www.keil.com/pack/Keil.STM32F1xx_DFP.1.1.0.pack
                Keil.STM32F1xx_DFP.1.1.0
                STMicroelectronics STM32F1 Series Device Support, Drivers and Examples

<h2>Collection of Component include folders:</h2>
  E:\soft\stm32\Pack\Keil\STM32F1xx_DFP\1.1.0\Device\Include

<h2>Collection of Component Files used:</h2>
Build Time Elapsed:  00:00:05
</pre>
</body>
</html>
