Component: ARM Compiler 5.05 update 1 (build 106) Tool: armlink [4d0efa]

==============================================================================

Section Cross References

    system_stm32f10x.o(i.SetSysClock) refers to system_stm32f10x.o(i.SetSysClockTo72) for SetSysClockTo72
    system_stm32f10x.o(i.SystemCoreClockUpdate) refers to system_stm32f10x.o(.data) for SystemCoreClock
    system_stm32f10x.o(i.SystemInit) refers to system_stm32f10x.o(i.SetSysClock) for SetSysClock
    startup_stm32f10x_md.o(RESET) refers to startup_stm32f10x_md.o(STACK) for __initial_sp
    startup_stm32f10x_md.o(RESET) refers to startup_stm32f10x_md.o(.text) for Reset_Handler
    startup_stm32f10x_md.o(RESET) refers to stm32f10x_it.o(i.NMI_Handler) for NMI_Handler
    startup_stm32f10x_md.o(RESET) refers to stm32f10x_it.o(i.HardFault_Handler) for HardFault_Handler
    startup_stm32f10x_md.o(RESET) refers to stm32f10x_it.o(i.MemManage_Handler) for MemManage_Handler
    startup_stm32f10x_md.o(RESET) refers to stm32f10x_it.o(i.BusFault_Handler) for BusFault_Handler
    startup_stm32f10x_md.o(RESET) refers to stm32f10x_it.o(i.UsageFault_Handler) for UsageFault_Handler
    startup_stm32f10x_md.o(RESET) refers to stm32f10x_it.o(i.SVC_Handler) for SVC_Handler
    startup_stm32f10x_md.o(RESET) refers to stm32f10x_it.o(i.DebugMon_Handler) for DebugMon_Handler
    startup_stm32f10x_md.o(RESET) refers to stm32f10x_it.o(i.PendSV_Handler) for PendSV_Handler
    startup_stm32f10x_md.o(RESET) refers to stm32f10x_it.o(i.SysTick_Handler) for SysTick_Handler
    startup_stm32f10x_md.o(RESET) refers to uart1.o(i.USART1_IRQHandler) for USART1_IRQHandler
    startup_stm32f10x_md.o(RESET) refers to usart2.o(i.USART2_IRQHandler) for USART2_IRQHandler
    startup_stm32f10x_md.o(RESET) refers to ano_dt.o(i.USART3_IRQHandler) for USART3_IRQHandler
    startup_stm32f10x_md.o(.text) refers to system_stm32f10x.o(i.SystemInit) for SystemInit
    startup_stm32f10x_md.o(.text) refers to entry.o(.ARM.Collect$$$$00000000) for __main
    stm32f10x_it.o(i.SysTick_Handler) refers to delay.o(i.SysTick_IRQ) for SysTick_IRQ
    main.o(i.IWDG_Feed) refers to stm32f10x_iwdg.o(i.IWDG_ReloadCounter) for IWDG_ReloadCounter
    main.o(i.IWDG_Init) refers to stm32f10x_iwdg.o(i.IWDG_WriteAccessCmd) for IWDG_WriteAccessCmd
    main.o(i.IWDG_Init) refers to stm32f10x_iwdg.o(i.IWDG_SetPrescaler) for IWDG_SetPrescaler
    main.o(i.IWDG_Init) refers to stm32f10x_iwdg.o(i.IWDG_SetReload) for IWDG_SetReload
    main.o(i.IWDG_Init) refers to stm32f10x_iwdg.o(i.IWDG_ReloadCounter) for IWDG_ReloadCounter
    main.o(i.IWDG_Init) refers to stm32f10x_iwdg.o(i.IWDG_Enable) for IWDG_Enable
    main.o(i.main) refers to delay.o(i.cycleCounterInit) for cycleCounterInit
    main.o(i.main) refers to misc.o(i.NVIC_PriorityGroupConfig) for NVIC_PriorityGroupConfig
    main.o(i.main) refers to init.o(i.ALL_Init) for ALL_Init
    main.o(i.main) refers to main.o(i.IWDG_Init) for IWDG_Init
    main.o(i.main) refers to scheduler.o(i.main_loop) for main_loop
    main.o(i.main) refers to main.o(i.IWDG_Feed) for IWDG_Feed
    main.o(i.main) refers to system_stm32f10x.o(.data) for SystemCoreClock
    delay.o(i.GetSysTime_us) refers to init.o(.data) for SysTick_count
    delay.o(i.GetSysTime_us) refers to delay.o(.data) for usTicks
    delay.o(i.SysTick_IRQ) refers to scheduler.o(i.Loop_check) for Loop_check
    delay.o(i.SysTick_IRQ) refers to init.o(.data) for SysTick_count
    delay.o(i.SysTick_IRQ) refers to delay.o(.data) for sys_init_ok
    delay.o(i.cycleCounterInit) refers to stm32f10x_rcc.o(i.RCC_GetClocksFreq) for RCC_GetClocksFreq
    delay.o(i.cycleCounterInit) refers to delay.o(.data) for usTicks
    delay.o(i.delay_ms) refers to delay.o(i.GetSysTime_us) for GetSysTime_us
    delay.o(i.delay_ms) refers to delay.o(.data) for SysTick_count22
    delay.o(i.micros) refers to ffltui.o(.text) for __aeabi_ui2f
    delay.o(i.micros) refers to fdiv.o(.text) for __aeabi_fdiv
    delay.o(i.micros) refers to fadd.o(.text) for __aeabi_fadd
    delay.o(i.micros) refers to delay.o(.data) for SysTick_count22
    scheduler.o(i.Duty_1000ms) refers to control.o(i.move_Controler) for move_Controler
    scheduler.o(i.Duty_1000ms) refers to nrf24l01.o(.data) for NRF_SSI_CNT
    scheduler.o(i.Duty_1000ms) refers to wifi_ufo.o(.data) for WIFI_SSI_CNT
    scheduler.o(i.Duty_1000ms) refers to spl06.o(.data) for Locat_SSI_CNT
    scheduler.o(i.Duty_1000ms) refers to remote.o(.data) for ON_flag
    scheduler.o(i.Duty_1000ms) refers to scheduler.o(.data) for time_sum
    scheduler.o(i.Duty_1000ms) refers to scheduler.o(.bss) for time
    scheduler.o(i.Duty_10ms) refers to delay.o(i.GetSysTime_us) for GetSysTime_us
    scheduler.o(i.Duty_10ms) refers to remote.o(i.RC_Analy) for RC_Analy
    scheduler.o(i.Duty_10ms) refers to flow.o(i.Pixel_Flow_Fix) for Pixel_Flow_Fix
    scheduler.o(i.Duty_10ms) refers to control.o(i.Flow_Pos_Controler) for Flow_Pos_Controler
[...]
    _data_len                                0x200001b5   Data           1  ano_dt.o(.data)
    _data_cnt                                0x200001b6   Data           1  ano_dt.o(.data)
    state                                    0x200001b7   Data           1  ano_dt.o(.data)
    .data                                    0x200001b8   Section       23  remote.o(.data)
    p_spl0601                                0x200001b8   Data           4  remote.o(.data)
    cnt                                      0x200001c6   Data           2  remote.o(.data)
    cnt_tmp                                  0x200001c8   Data           2  remote.o(.data)
    status                                   0x200001ca   Data           1  remote.o(.data)
    cnt                                      0x200001cc   Data           2  remote.o(.data)
    cnt                                      0x200001ce   Data           1  remote.o(.data)
    .data                                    0x200001d0   Section      110  control.o(.data)
    p_spl0601                                0x200001d0   Data           4  control.o(.data)
    status                                   0x2000022a   Data           1  control.o(.data)
    acc_offset                               0x2000022c   Data           2  control.o(.data)
    thr_hold                                 0x20000230   Data           4  control.o(.data)
    set_high                                 0x20000234   Data           1  control.o(.data)
    High_breaktime                           0x20000235   Data           1  control.o(.data)
    last_high                                0x20000238   Data           4  control.o(.data)
    status                                   0x2000023c   Data           1  control.o(.data)
    status                                   0x2000023d   Data           1  control.o(.data)
    .data                                    0x20000240   Section       22  wifi_ufo.o(.data)
    p_spl0601                                0x20000240   Data           4  wifi_ufo.o(.data)
    wifi_RxBuffer                            0x20000244   Data           8  wifi_ufo.o(.data)
    wifi_PUI                                 0x20000250   Data           1  wifi_ufo.o(.data)
    _data_cnt                                0x20000251   Data           1  wifi_ufo.o(.data)
    state                                    0x20000252   Data           1  wifi_ufo.o(.data)
    temp                                     0x20000253   Data           1  wifi_ufo.o(.data)
    count10                                  0x20000254   Data           1  wifi_ufo.o(.data)
    Connect_flag                             0x20000255   Data           1  wifi_ufo.o(.data)
    .data                                    0x20000258   Section        7  ano_data_transfer.o(.data)
    p_spl0601                                0x20000258   Data           4  ano_data_transfer.o(.data)
    .data                                    0x20000260   Section       28  imu.o(.data)
    NormAccz                                 0x20000260   Data           4  imu.o(.data)
    KpDef                                    0x20000264   Data           4  imu.o(.data)
    KiDef                                    0x20000268   Data           4  imu.o(.data)
    NumQ                                     0x2000026c   Data          16  imu.o(.data)
    .data                                    0x2000027c   Section        4  stdout.o(.data)
    .data                                    0x20000280   Section        4  errno.o(.data)
    _errno                                   0x20000280   Data           4  errno.o(.data)
    .bss                                     0x20000284   Section      104  scheduler.o(.bss)
    spl0601                                  0x20000284   Data          44  scheduler.o(.bss)
    .bss                                     0x200002ec   Section     1696  init.o(.bss)
    spl0601                                  0x200002ec   Data          44  init.o(.bss)
    .bss                                     0x2000098c   Section      300  uart1.o(.bss)
    spl0601                                  0x2000098c   Data          44  uart1.o(.bss)
    .bss                                     0x20000ab8   Section      300  usart2.o(.bss)
    spl0601                                  0x20000ab8   Data          44  usart2.o(.bss)
    .bss                                     0x20000be4   Section      108  nrf24l01.o(.bss)
    spl0601                                  0x20000be4   Data          44  nrf24l01.o(.bss)
    .bss                                     0x20000c50   Section       68  mpu6050.o(.bss)
    spl0601                                  0x20000c50   Data          44  mpu6050.o(.bss)
    tBuff                                    0x20000c88   Data          12  mpu6050.o(.bss)
    .bss                                     0x20000c94   Section      228  spl06.o(.bss)
    spl0601                                  0x20000c94   Data          44  spl06.o(.bss)
    .bss                                     0x20000d78   Section      240  flow.o(.bss)
    spl0601                                  0x20000d78   Data          44  flow.o(.bss)
    RxBuffer                                 0x20000e28   Data          32  flow.o(.bss)
    RxBuffer                                 0x20000e48   Data          32  flow.o(.bss)
    .bss                                     0x20000e68   Section      422  ano_dt.o(.bss)
    spl0601                                  0x20000e68   Data          44  ano_dt.o(.bss)
    RatePID                                  0x20000e94   Data          18  ano_dt.o(.bss)
    AnglePID                                 0x20000ea6   Data          18  ano_dt.o(.bss)
    HighPID                                  0x20000eb8   Data          18  ano_dt.o(.bss)
    HighPID4                                 0x20000eca   Data          18  ano_dt.o(.bss)
    RxBuffer                                 0x20000fdc   Data          50  ano_dt.o(.bss)
    .bss                                     0x20001010   Section      108  ano_data_transfer.o(.bss)
    spl0601                                  0x20001010   Data          44  ano_data_transfer.o(.bss)
    .bss                                     0x2000107c   Section       12  imu.o(.bss)
    GyroIntegError                           0x2000107c   Data          12  imu.o(.bss)
    STACK                                    0x20001088   Section     1024  startup_stm32f10x_md.o(STACK)

    Global Symbols

    Symbol Name                              Value     Ov Type        Size  Object(Section)

    BuildAttributes$$THM_ISAv4$P$D$K$B$S$PE$A:L22UL41UL21$X:L11$S22US41US21$IEEE1$IW$USESV6$~STKCKD$USESV7$~SHL$OTIME$ROPI$IEEEX$EBA8$MICROLIB$REQ8$PRES8$EABIv2 0x00000000   Number         0  anon$$obj.o ABSOLUTE
    __ARM_use_no_argv                        0x00000000   Number         0  main.o ABSOLUTE
    _printf_a                                0x00000000   Number         0  stubs.o ABSOLUTE
    _printf_c                                0x00000000   Number         0  stubs.o ABSOLUTE
    _printf_charcount                        0x00000000   Number         0  stubs.o ABSOLUTE
    _printf_d                                0x00000000   Number         0  stubs.o ABSOLUTE
    _printf_e                                0x00000000   Number         0  stubs.o ABSOLUTE
    _printf_f                                0x00000000   Number         0  stubs.o ABSOLUTE
    _printf_flags                            0x00000000   Number         0  stubs.o ABSOLUTE
    _printf_fp_dec                           0x00000000   Number         0  stubs.o ABSOLUTE
    _printf_fp_hex                           0x00000000   Number         0  stubs.o ABSOLUTE
    _printf_g                                0x00000000   Number         0  stubs.o ABSOLUTE
    _printf_i                                0x00000000   Number         0  stubs.o ABSOLUTE
    _printf_int_dec                          0x00000000   Number         0  stubs.o ABSOLUTE
    _printf_l                                0x00000000   Number         0  stubs.o ABSOLUTE
    _printf_lc                               0x00000000   Number         0  stubs.o ABSOLUTE
    _printf_ll                               0x00000000   Number         0  stubs.o ABSOLUTE
    _printf_lld                              0x00000000   Number         0  stubs.o ABSOLUTE
    _printf_lli                              0x00000000   Number         0  stubs.o ABSOLUTE
    _printf_llo                              0x00000000   Number         0  stubs.o ABSOLUTE
    _printf_llu                              0x00000000   Number         0  stubs.o ABSOLUTE
    _printf_llx                              0x00000000   Number         0  stubs.o ABSOLUTE
    _printf_longlong_dec                     0x00000000   Number         0  stubs.o ABSOLUTE
    _printf_longlong_hex                     0x00000000   Number         0  stubs.o ABSOLUTE
    _printf_longlong_oct                     0x00000000   Number         0  stubs.o ABSOLUTE
    _printf_ls                               0x00000000   Number         0  stubs.o ABSOLUTE
    _printf_mbtowc                           0x00000000   Number         0  stubs.o ABSOLUTE
    _printf_n                                0x00000000   Number         0  stubs.o ABSOLUTE
    _printf_o                                0x00000000   Number         0  stubs.o ABSOLUTE
    _printf_p                                0x00000000   Number         0  stubs.o ABSOLUTE
    _printf_percent                          0x00000000   Number         0  stubs.o ABSOLUTE
    _printf_pre_padding                      0x00000000   Number         0  stubs.o ABSOLUTE
    _printf_return_value                     0x00000000   Number         0  stubs.o ABSOLUTE
    _printf_s                                0x00000000   Number         0  stubs.o ABSOLUTE
    _printf_sizespec                         0x00000000   Number         0  stubs.o ABSOLUTE
    _printf_str                              0x00000000   Number         0  stubs.o ABSOLUTE
    _printf_truncate_signed                  0x00000000   Number         0  stubs.o ABSOLUTE
    _printf_truncate_unsigned                0x00000000   Number         0  stubs.o ABSOLUTE
    _printf_u                                0x00000000   Number         0  stubs.o ABSOLUTE
    _printf_wc                               0x00000000   Number         0  stubs.o ABSOLUTE
    _printf_wctomb                           0x00000000   Number         0  stubs.o ABSOLUTE
    _printf_widthprec                        0x00000000   Number         0  stubs.o ABSOLUTE
    _printf_x                                0x00000000   Number         0  stubs.o ABSOLUTE
    __cpp_initialize__aeabi_                  - Undefined Weak Reference
    __cxa_finalize                            - Undefined Weak Reference
    _clock_init                               - Undefined Weak Reference
    _microlib_exit                            - Undefined Weak Reference
    __Vectors_Size                           0x000000ec   Number         0  startup_stm32f10x_md.o ABSOLUTE
    __Vectors                                0x08000000   Data           4  startup_stm32f10x_md.o(RESET)
    __Vectors_End                            0x080000ec   Data           0  startup_stm32f10x_md.o(RESET)
    __main                                   0x080000ed   Thumb Code     0  entry.o(.ARM.Collect$$$$00000000)
    _main_stk                                0x080000ed   Thumb Code     0  entry2.o(.ARM.Collect$$$$00000001)
    _main_scatterload                        0x080000f1   Thumb Code     0  entry5.o(.ARM.Collect$$$$00000004)
    __main_after_scatterload                 0x080000f5   Thumb Code     0  entry5.o(.ARM.Collect$$$$00000004)
    _main_clock                              0x080000f5   Thumb Code     0  entry7b.o(.ARM.Collect$$$$00000008)
    _main_cpp_init                           0x080000f5   Thumb Code     0  entry8b.o(.ARM.Collect$$$$0000000A)
    _main_init                               0x080000f5   Thumb Code     0  entry9a.o(.ARM.Collect$$$$0000000B)
    __rt_final_cpp                           0x080000fd   Thumb Code     0  entry10a.o(.ARM.Collect$$$$0000000D)
    __rt_final_exit                          0x080000fd   Thumb Code     0  entry11a.o(.ARM.Collect$$$$0000000F)
    Reset_Handler                            0x08000101   Thumb Code     8  startup_stm32f10x_md.o(.text)
    ADC1_2_IRQHandler                        0x0800011b   Thumb Code     0  startup_stm32f10x_md.o(.text)
    CAN1_RX1_IRQHandler                      0x0800011b   Thumb Code     0  startup_stm32f10x_md.o(.text)
    CAN1_SCE_IRQHandler                      0x0800011b   Thumb Code     0  startup_stm32f10x_md.o(.text)
    DMA1_Channel1_IRQHandler                 0x0800011b   Thumb Code     0  startup_stm32f10x_md.o(.text)
    DMA1_Channel2_IRQHandler                 0x0800011b   Thumb Code     0  startup_stm32f10x_md.o(.text)
    DMA1_Channel3_IRQHandler                 0x0800011b   Thumb Code     0  startup_stm32f10x_md.o(.text)
    DMA1_Channel4_IRQHandler                 0x0800011b   Thumb Code     0  startup_stm32f10x_md.o(.text)
    DMA1_Channel5_IRQHandler                 0x0800011b   Thumb Code     0  startup_stm32f10x_md.o(.text)
    DMA1_Channel6_IRQHandler                 0x0800011b   Thumb Code     0  startup_stm32f10x_md.o(.text)
    DMA1_Channel7_IRQHandler                 0x0800011b   Thumb Code     0  startup_stm32f10x_md.o(.text)
    EXTI0_IRQHandler                         0x0800011b   Thumb Code     0  startup_stm32f10x_md.o(.text)
    EXTI15_10_IRQHandler                     0x0800011b   Thumb Code     0  startup_stm32f10x_md.o(.text)
    EXTI1_IRQHandler                         0x0800011b   Thumb Code     0  startup_stm32f10x_md.o(.text)
    EXTI2_IRQHandler                         0x0800011b   Thumb Code     0  startup_stm32f10x_md.o(.text)
    EXTI3_IRQHandler                         0x0800011b   Thumb Code     0  startup_stm32f10x_md.o(.text)
    EXTI4_IRQHandler                         0x0800011b   Thumb Code     0  startup_stm32f10x_md.o(.text)
    EXTI9_5_IRQHandler                       0x0800011b   Thumb Code     0  startup_stm32f10x_md.o(.text)
    FLASH_IRQHandler                         0x0800011b   Thumb Code     0  startup_stm32f10x_md.o(.text)
    I2C1_ER_IRQHandler                       0x0800011b   Thumb Code     0  startup_stm32f10x_md.o(.text)
    I2C1_EV_IRQHandler                       0x0800011b   Thumb Code     0  startup_stm32f10x_md.o(.text)
    I2C2_ER_IRQHandler                       0x0800011b   Thumb Code     0  startup_stm32f10x_md.o(.text)
    I2C2_EV_IRQHandler                       0x0800011b   Thumb Code     0  startup_stm32f10x_md.o(.text)
    PVD_IRQHandler                           0x0800011b   Thumb Code     0  startup_stm32f10x_md.o(.text)
    RCC_IRQHandler                           0x0800011b   Thumb Code     0  startup_stm32f10x_md.o(.text)
    RTCAlarm_IRQHandler                      0x0800011b   Thumb Code     0  startup_stm32f10x_md.o(.text)
    RTC_IRQHandler                           0x0800011b   Thumb Code     0  startup_stm32f10x_md.o(.text)
    SPI1_IRQHandler                          0x0800011b   Thumb Code     0  startup_stm32f10x_md.o(.text)
    SPI2_IRQHandler                          0x0800011b   Thumb Code     0  startup_stm32f10x_md.o(.text)
    TAMPER_IRQHandler                        0x0800011b   Thumb Code     0  startup_stm32f10x_md.o(.text)
    TIM1_BRK_IRQHandler                      0x0800011b   Thumb Code     0  startup_stm32f10x_md.o(.text)
    TIM1_CC_IRQHandler                       0x0800011b   Thumb Code     0  startup_stm32f10x_md.o(.text)
    TIM1_TRG_COM_IRQHandler                  0x0800011b   Thumb Code     0  startup_stm32f10x_md.o(.text)
    TIM1_UP_IRQHandler                       0x0800011b   Thumb Code     0  startup_stm32f10x_md.o(.text)
    TIM2_IRQHandler                          0x0800011b   Thumb Code     0  startup_stm32f10x_md.o(.text)
    TIM3_IRQHandler                          0x0800011b   Thumb Code     0  startup_stm32f10x_md.o(.text)
    TIM4_IRQHandler                          0x0800011b   Thumb Code     0  startup_stm32f10x_md.o(.text)
    USBWakeUp_IRQHandler                     0x0800011b   Thumb Code     0  startup_stm32f10x_md.o(.text)
    USB_HP_CAN1_TX_IRQHandler                0x0800011b   Thumb Code     0  startup_stm32f10x_md.o(.text)
    USB_LP_CAN1_RX0_IRQHandler               0x0800011b   Thumb Code     0  startup_stm32f10x_md.o(.text)
    WWDG_IRQHandler                          0x0800011b   Thumb Code     0  startup_stm32f10x_md.o(.text)
    __aeabi_memcpy                           0x08000125   Thumb Code    36  memcpya.o(.text)
    __aeabi_memcpy4                          0x08000125   Thumb Code     0  memcpya.o(.text)
    __aeabi_memcpy8                          0x08000125   Thumb Code     0  memcpya.o(.text)
    __aeabi_memset                           0x08000149   Thumb Code    14  memseta.o(.text)
    __aeabi_memset4                          0x08000149   Thumb Code     0  memseta.o(.text)
    __aeabi_memset8                          0x08000149   Thumb Code     0  memseta.o(.text)
    __aeabi_memclr                           0x08000157   Thumb Code     4  memseta.o(.text)
    __aeabi_memclr4                          0x08000157   Thumb Code     0  memseta.o(.text)
    __aeabi_memclr8                          0x08000157   Thumb Code     0  memseta.o(.text)
    _memset$wrapper                          0x0800015b   Thumb Code    18  memseta.o(.text)
    __aeabi_fadd                             0x0800016d   Thumb Code   164  fadd.o(.text)
    __aeabi_fsub                             0x08000211   Thumb Code     6  fadd.o(.text)
    __aeabi_frsub                            0x08000217   Thumb Code     6  fadd.o(.text)
    __aeabi_fmul                             0x0800021d   Thumb Code   100  fmul.o(.text)
    __aeabi_fdiv                             0x08000281   Thumb Code   124  fdiv.o(.text)
    __aeabi_dadd                             0x080002fd   Thumb Code   322  dadd.o(.text)
    __aeabi_dsub                             0x0800043f   Thumb Code     6  dadd.o(.text)
    __aeabi_drsub                            0x08000445   Thumb Code     6  dadd.o(.text)
    __aeabi_dmul                             0x0800044b   Thumb Code   228  dmul.o(.text)
    __aeabi_i2f                              0x0800052f   Thumb Code    18  fflti.o(.text)
    __aeabi_ui2f                             0x08000541   Thumb Code    10  ffltui.o(.text)
    __aeabi_i2d                              0x0800054b   Thumb Code    34  dflti.o(.text)
    __aeabi_f2iz                             0x0800056d   Thumb Code    50  ffixi.o(.text)
    __aeabi_f2uiz                            0x0800059f   Thumb Code    40  ffixui.o(.text)
    __aeabi_f2d                              0x080005c7   Thumb Code    38  f2d.o(.text)
    __aeabi_cdcmpeq                          0x080005ed   Thumb Code     0  cdcmple.o(.text)
    __aeabi_cdcmple                          0x080005ed   Thumb Code    48  cdcmple.o(.text)
    __aeabi_cdrcmple                         0x0800061d   Thumb Code    48  cdrcmple.o(.text)
    __aeabi_d2f                              0x0800064d   Thumb Code    56  d2f.o(.text)
    __aeabi_cfcmpeq                          0x08000685   Thumb Code     0  cfcmple.o(.text)
    __aeabi_cfcmple                          0x08000685   Thumb Code    20  cfcmple.o(.text)
    __aeabi_cfrcmple                         0x08000699   Thumb Code    20  cfrcmple.o(.text)
    __aeabi_uidiv                            0x080006ad   Thumb Code     0  uidiv.o(.text)
    __aeabi_uidivmod                         0x080006ad   Thumb Code    44  uidiv.o(.text)
    __aeabi_llsl                             0x080006d9   Thumb Code    30  llshl.o(.text)
    _ll_shift_l                              0x080006d9   Thumb Code     0  llshl.o(.text)
    __aeabi_llsr                             0x080006f7   Thumb Code    32  llushr.o(.text)
    _ll_ushift_r                             0x080006f7   Thumb Code     0  llushr.o(.text)
    __aeabi_lasr                             0x08000717   Thumb Code    36  llsshr.o(.text)
    _ll_sshift_r                             0x08000717   Thumb Code     0  llsshr.o(.text)
    __I$use$fp                               0x0800073b   Thumb Code     0  iusefp.o(.text)
    _float_round                             0x0800073b   Thumb Code    18  fepilogue.o(.text)
    _float_epilogue                          0x0800074d   Thumb Code    92  fepilogue.o(.text)
    __ARM_scalbnf                            0x080007a9   Thumb Code    24  fscalb.o(.text)
    scalbnf                                  0x080007a9   Thumb Code     0  fscalb.o(.text)
    _double_round                            0x080007c1   Thumb Code    30  depilogue.o(.text)
    _double_epilogue                         0x080007df   Thumb Code   156  depilogue.o(.text)
    __aeabi_ddiv                             0x0800087b   Thumb Code   222  ddiv.o(.text)
    __ARM_scalbn                             0x08000959   Thumb Code    46  dscalb.o(.text)
    scalbn                                   0x08000959   Thumb Code     0  dscalb.o(.text)
    __scatterload                            0x08000989   Thumb Code    28  init.o(.text)
    __scatterload_rt2                        0x08000989   Thumb Code     0  init.o(.text)
    _dsqrt                                   0x080009ad   Thumb Code   162  dsqrt.o(.text)
    __aeabi_ui2d                             0x08000a4f   Thumb Code    26  dfltui.o(.text)
    __aeabi_d2iz                             0x08000a69   Thumb Code    62  dfixi.o(.text)
    __decompress                             0x08000aa7   Thumb Code     0  __dczerorl2.o(.text)
    __decompress1                            0x08000aa7   Thumb Code    86  __dczerorl2.o(.text)
    ADC1_Init                                0x08000b2d   Thumb Code    12  adc.o(i.ADC1_Init)
    ADC_Cmd                                  0x08000c19   Thumb Code    22  stm32f10x_adc.o(i.ADC_Cmd)
    ADC_DMACmd                               0x08000c2f   Thumb Code    22  stm32f10x_adc.o(i.ADC_DMACmd)
    ADC_GetCalibrationStatus                 0x08000c45   Thumb Code    20  stm32f10x_adc.o(i.ADC_GetCalibrationStatus)
    ADC_GetResetCalibrationStatus            0x08000c59   Thumb Code    20  stm32f10x_adc.o(i.ADC_GetResetCalibrationStatus)
    ADC_Init                                 0x08000c6d   Thumb Code    70  stm32f10x_adc.o(i.ADC_Init)
    ADC_RegularChannelConfig                 0x08000cbd   Thumb Code   184  stm32f10x_adc.o(i.ADC_RegularChannelConfig)
    ADC_ResetCalibration                     0x08000d75   Thumb Code    10  stm32f10x_adc.o(i.ADC_ResetCalibration)
    ADC_SoftwareStartConvCmd                 0x08000d7f   Thumb Code    22  stm32f10x_adc.o(i.ADC_SoftwareStartConvCmd)
    ADC_StartCalibration                     0x08000d95   Thumb Code    10  stm32f10x_adc.o(i.ADC_StartCalibration)
    ALL_Init                                 0x08000da1   Thumb Code   134  init.o(i.ALL_Init)
    ANO_DT_Data_Exchange                     0x08000e41   Thumb Code  1552  ano_data_transfer.o(i.ANO_DT_Data_Exchange)
    ANO_DT_Data_Receive_Anl                  0x08001495   Thumb Code   358  ano_dt.o(i.ANO_DT_Data_Receive_Anl)
    ANO_DT_Data_Receive_Prepare              0x08001621   Thumb Code   216  ano_dt.o(i.ANO_DT_Data_Receive_Prepare)
    ANO_DT_Send_Data                         0x0800178d   Thumb Code    16  ano_data_transfer.o(i.ANO_DT_Send_Data)
    ANO_DT_Send_PID                          0x0800179d   Thumb Code   382  ano_data_transfer.o(i.ANO_DT_Send_PID)
    ANO_DT_Send_Power                        0x08001921   Thumb Code   238  ano_data_transfer.o(i.ANO_DT_Send_Power)
    ANO_DT_Send_RCData                       0x08001a15   Thumb Code   350  ano_data_transfer.o(i.ANO_DT_Send_RCData)
    ANO_DT_Send_Senser                       0x08001b79   Thumb Code   406  ano_data_transfer.o(i.ANO_DT_Send_Senser)
    ANO_DT_Send_Senser2                      0x08001d15   Thumb Code   154  ano_data_transfer.o(i.ANO_DT_Send_Senser2)
    ANO_DT_Send_Status                       0x08001db5   Thumb Code   318  ano_data_transfer.o(i.ANO_DT_Send_Status)
    ANO_DT_Send_speed                        0x08001efd   Thumb Code   176  ano_data_transfer.o(i.ANO_DT_Send_speed)
    ANO_NRF_Check_Event                      0x08001fb1   Thumb Code    86  nrf24l01.o(i.ANO_NRF_Check_Event)
    ANO_NRF_Init                             0x08002011   Thumb Code   240  nrf24l01.o(i.ANO_NRF_Init)
    ANO_NRF_TxPacket_AP                      0x0800210d   Thumb Code    36  nrf24l01.o(i.ANO_NRF_TxPacket_AP)
    ANO_Uart1_Init                           0x08002135   Thumb Code   204  uart1.o(i.ANO_Uart1_Init)
    ANTO_polling                             0x080025e9   Thumb Code   592  ano_dt.o(i.ANTO_polling)
    Att_Err_Check                            0x08002885   Thumb Code   106  control.o(i.Att_Err_Check)
    BusFault_Handler                         0x0800290d   Thumb Code     4  stm32f10x_it.o(i.BusFault_Handler)
    CascadePID                               0x08002911   Thumb Code    30  pid.o(i.CascadePID)
    DMA_Cmd                                  0x0800292f   Thumb Code    24  stm32f10x_dma.o(i.DMA_Cmd)
    DMA_DeInit                               0x08002949   Thumb Code   324  stm32f10x_dma.o(i.DMA_DeInit)
    DMA_Init                                 0x08002a95   Thumb Code    60  stm32f10x_dma.o(i.DMA_Init)
    DebugMon_Handler                         0x08002ad1   Thumb Code     2  stm32f10x_it.o(i.DebugMon_Handler)
    Drv_Spl0601_Read                         0x08002ad5   Thumb Code   132  spl06.o(i.Drv_Spl0601_Read)
    Duty_1000ms                              0x08002b7d   Thumb Code   156  scheduler.o(i.Duty_1000ms)
    Duty_10ms                                0x08002c51   Thumb Code    66  scheduler.o(i.Duty_10ms)
    Duty_20ms                                0x08002ca1   Thumb Code    30  scheduler.o(i.Duty_20ms)
    Duty_2ms                                 0x08002cc5   Thumb Code    40  scheduler.o(i.Duty_2ms)
    Duty_4ms                                 0x08002cf5   Thumb Code    44  scheduler.o(i.Duty_4ms)
    Duty_50ms                                0x08002d29   Thumb Code    38  scheduler.o(i.Duty_50ms)
    Duty_6ms                                 0x08002d55   Thumb Code    36  scheduler.o(i.Duty_6ms)
    Flag_Check                               0x08002d89   Thumb Code   134  ano_data_transfer.o(i.Flag_Check)
    FlightPidControl                         0x08002e31   Thumb Code   272  control.o(i.FlightPidControl)
    Flow_Pos_Controler                       0x08002f71   Thumb Code   208  control.o(i.Flow_Pos_Controler)
    Flow_Receive1                            0x0800306d   Thumb Code   392  flow.o(i.Flow_Receive1)
    Flow_mode_two                            0x0800320d   Thumb Code   308  control.o(i.Flow_mode_two)
    GPIO_Init                                0x08003371   Thumb Code   278  stm32f10x_gpio.o(i.GPIO_Init)
    GPIO_PinRemapConfig                      0x08003489   Thumb Code   138  stm32f10x_gpio.o(i.GPIO_PinRemapConfig)
    GPIO_SetBits                             0x08003519   Thumb Code     4  stm32f10x_gpio.o(i.GPIO_SetBits)
    GetAccz                                  0x0800351d   Thumb Code     6  imu.o(i.GetAccz)
    GetAngle                                 0x08003529   Thumb Code  1880  imu.o(i.GetAngle)
    GetLockCode                              0x08003c95   Thumb Code    10  init.o(i.GetLockCode)
    GetSysTime_us                            0x08003ca9   Thumb Code    58  delay.o(i.GetSysTime_us)
    HardFault_Handler                        0x08003ced   Thumb Code     4  stm32f10x_it.o(i.HardFault_Handler)
    HeightPidControl                         0x08003cf1   Thumb Code   382  control.o(i.HeightPidControl)
    Height_Get                               0x08003ec5   Thumb Code   582  spl06.o(i.Height_Get)
    High_Data_Calc                           0x08004149   Thumb Code   206  spl06.o(i.High_Data_Calc)
    High_Data_Reset                          0x0800425d   Thumb Code    16  spl06.o(i.High_Data_Reset)
    IIC_Init                                 0x08004771   Thumb Code    38  iic_software.o(i.IIC_Init)
    IIC_Read_1Byte                           0x0800479d   Thumb Code    82  iic_software.o(i.IIC_Read_1Byte)
    IIC_Read_One_Byte                        0x080047ef   Thumb Code   100  iic_software.o(i.IIC_Read_One_Byte)
    IIC_Write_One_Byte                       0x08004853   Thumb Code    68  iic_software.o(i.IIC_Write_One_Byte)
    IIC_read_Bytes                           0x08004897   Thumb Code   128  iic_software.o(i.IIC_read_Bytes)
    IWDG_Enable                              0x08004919   Thumb Code    10  stm32f10x_iwdg.o(i.IWDG_Enable)
    IWDG_Feed                                0x08004929   Thumb Code     8  main.o(i.IWDG_Feed)
    IWDG_Init                                0x08004931   Thumb Code    36  main.o(i.IWDG_Init)
    IWDG_ReloadCounter                       0x08004955   Thumb Code    10  stm32f10x_iwdg.o(i.IWDG_ReloadCounter)
    IWDG_SetPrescaler                        0x08004965   Thumb Code     6  stm32f10x_iwdg.o(i.IWDG_SetPrescaler)
    IWDG_SetReload                           0x08004971   Thumb Code     6  stm32f10x_iwdg.o(i.IWDG_SetReload)
    IWDG_WriteAccessCmd                      0x0800497d   Thumb Code     6  stm32f10x_iwdg.o(i.IWDG_WriteAccessCmd)
    LEDInit                                  0x08004989   Thumb Code    56  led.o(i.LEDInit)
    Loop_check                               0x080049cd   Thumb Code   102  scheduler.o(i.Loop_check)
    MemManage_Handler                        0x08004a39   Thumb Code     4  stm32f10x_it.o(i.MemManage_Handler)
    Mode_Controler                           0x08004a3d   Thumb Code    12  control.o(i.Mode_Controler)
    MotorControl                             0x08004a4d   Thumb Code   638  control.o(i.MotorControl)
    Moving_Average                           0x08004cf1   Thumb Code   156  filter.o(i.Moving_Average)
    MpuGetData                               0x08004d95   Thumb Code   220  mpu6050.o(i.MpuGetData)
    MpuGetOffset                             0x08004e89   Thumb Code   284  mpu6050.o(i.MpuGetOffset)
    MpuInit                                  0x08004fb1   Thumb Code   158  mpu6050.o(i.MpuInit)
    NMI_Handler                              0x08005059   Thumb Code     2  stm32f10x_it.o(i.NMI_Handler)
    NRF24L01_Check                           0x0800505d   Thumb Code    68  nrf24l01.o(i.NRF24L01_Check)
    NRF24L01_Configuration                   0x080050a9   Thumb Code   134  nrf24l01.o(i.NRF24L01_Configuration)
    NRF24L01_Read_Buf                        0x08005139   Thumb Code    62  nrf24l01.o(i.NRF24L01_Read_Buf)
    NRF24L01_Read_Reg                        0x0800517d   Thumb Code    40  nrf24l01.o(i.NRF24L01_Read_Reg)
    NRF24L01_Write_Buf                       0x080051a9   Thumb Code    62  nrf24l01.o(i.NRF24L01_Write_Buf)
    NRF24L01_Write_Reg                       0x080051ed   Thumb Code    42  nrf24l01.o(i.NRF24L01_Write_Reg)
    NRF24L01_init                            0x0800521d   Thumb Code    84  nrf24l01.o(i.NRF24L01_init)
    NRF_Connect                              0x08005281   Thumb Code    78  nrf24l01.o(i.NRF_Connect)
    NVIC_Init                                0x080052e1   Thumb Code   100  misc.o(i.NVIC_Init)
    NVIC_PriorityGroupConfig                 0x08005351   Thumb Code    10  misc.o(i.NVIC_PriorityGroupConfig)
    PendSV_Handler                           0x08005365   Thumb Code     2  stm32f10x_it.o(i.PendSV_Handler)
    PilotLED                                 0x08005369   Thumb Code   364  led.o(i.PilotLED)
    Pixel_Flow_Fix                           0x080054e9   Thumb Code   594  flow.o(i.Pixel_Flow_Fix)
    Q_rsqrt                                  0x08005765   Thumb Code    74  mymath.o(i.Q_rsqrt)
    RCC_ADCCLKConfig                         0x080057b5   Thumb Code    18  stm32f10x_rcc.o(i.RCC_ADCCLKConfig)
    RCC_AHBPeriphClockCmd                    0x080057cd   Thumb Code    26  stm32f10x_rcc.o(i.RCC_AHBPeriphClockCmd)
    RCC_APB1PeriphClockCmd                   0x080057ed   Thumb Code    26  stm32f10x_rcc.o(i.RCC_APB1PeriphClockCmd)
    RCC_APB2PeriphClockCmd                   0x0800580d   Thumb Code    26  stm32f10x_rcc.o(i.RCC_APB2PeriphClockCmd)
    RCC_GetClocksFreq                        0x0800582d   Thumb Code   192  stm32f10x_rcc.o(i.RCC_GetClocksFreq)
    RC_Analy                                 0x08005901   Thumb Code    84  remote.o(i.RC_Analy)
    Rc_Connect                               0x0800596d   Thumb Code    14  remote.o(i.Rc_Connect)
    SPI_Cmd                                  0x0800597b   Thumb Code    24  stm32f10x_spi.o(i.SPI_Cmd)
    SPI_Config                               0x08005995   Thumb Code   140  spi.o(i.SPI_Config)
    SPI_I2S_GetFlagStatus                    0x08005a29   Thumb Code    18  stm32f10x_spi.o(i.SPI_I2S_GetFlagStatus)
    SPI_I2S_ReceiveData                      0x08005a3b   Thumb Code     6  stm32f10x_spi.o(i.SPI_I2S_ReceiveData)
    SPI_I2S_SendData                         0x08005a41   Thumb Code     4  stm32f10x_spi.o(i.SPI_I2S_SendData)
    SPI_Init                                 0x08005a45   Thumb Code    60  stm32f10x_spi.o(i.SPI_Init)
    SPI_RW                                   0x08005a81   Thumb Code    50  spi.o(i.SPI_RW)
    SVC_Handler                              0x08005ab9   Thumb Code     2  stm32f10x_it.o(i.SVC_Handler)
    SysTick_Handler                          0x08005ba5   Thumb Code     8  stm32f10x_it.o(i.SysTick_Handler)
    SysTick_IRQ                              0x08005bad   Thumb Code    60  delay.o(i.SysTick_IRQ)
    SystemInit                               0x08005bf5   Thumb Code    78  system_stm32f10x.o(i.SystemInit)
    TIM2_PWM_Config                          0x08005c55   Thumb Code   214  tim.o(i.TIM2_PWM_Config)
    TIM3_PWM_Config                          0x08005d35   Thumb Code   222  tim.o(i.TIM3_PWM_Config)
    TIM_ARRPreloadConfig                     0x08005e25   Thumb Code    24  stm32f10x_tim.o(i.TIM_ARRPreloadConfig)
    TIM_Cmd                                  0x08005e3d   Thumb Code    24  stm32f10x_tim.o(i.TIM_Cmd)
    TIM_ITConfig                             0x08005e55   Thumb Code    18  stm32f10x_tim.o(i.TIM_ITConfig)
    TIM_OC1Init                              0x08005e69   Thumb Code   132  stm32f10x_tim.o(i.TIM_OC1Init)
    TIM_OC1PreloadConfig                     0x08005f01   Thumb Code    18  stm32f10x_tim.o(i.TIM_OC1PreloadConfig)
    TIM_OC2Init                              0x08005f15   Thumb Code   154  stm32f10x_tim.o(i.TIM_OC2Init)
    TIM_OC2PreloadConfig                     0x08005fb9   Thumb Code    26  stm32f10x_tim.o(i.TIM_OC2PreloadConfig)
    TIM_OC3Init                              0x08005fd5   Thumb Code   150  stm32f10x_tim.o(i.TIM_OC3Init)
    TIM_OC3PreloadConfig                     0x08006075   Thumb Code    18  stm32f10x_tim.o(i.TIM_OC3PreloadConfig)
    TIM_OC4Init                              0x08006089   Thumb Code   114  stm32f10x_tim.o(i.TIM_OC4Init)
    TIM_OC4PreloadConfig                     0x08006105   Thumb Code    26  stm32f10x_tim.o(i.TIM_OC4PreloadConfig)
    TIM_TimeBaseInit                         0x08006121   Thumb Code   122  stm32f10x_tim.o(i.TIM_TimeBaseInit)
    UART2_Init                               0x080061c5   Thumb Code   192  usart2.o(i.UART2_Init)
    USART1_IRQHandler                        0x0800628d   Thumb Code   118  uart1.o(i.USART1_IRQHandler)
    USART2_IRQHandler                        0x08006315   Thumb Code   114  usart2.o(i.USART2_IRQHandler)
    USART3_Config                            0x08006399   Thumb Code   196  usart3.o(i.USART3_Config)
    USART3_IRQHandler                        0x08006465   Thumb Code   102  ano_dt.o(i.USART3_IRQHandler)
    USART3_SendByte                          0x080064dd   Thumb Code    44  usart3.o(i.USART3_SendByte)
    USART_ClockInit                          0x0800650d   Thumb Code    34  stm32f10x_usart.o(i.USART_ClockInit)
    USART_Cmd                                0x0800652f   Thumb Code    24  stm32f10x_usart.o(i.USART_Cmd)
    USART_GetFlagStatus                      0x08006547   Thumb Code    26  stm32f10x_usart.o(i.USART_GetFlagStatus)
    USART_ITConfig                           0x08006561   Thumb Code    74  stm32f10x_usart.o(i.USART_ITConfig)
    USART_Init                               0x080065ad   Thumb Code   210  stm32f10x_usart.o(i.USART_Init)
    USART_ReceiveData                        0x08006685   Thumb Code    10  stm32f10x_usart.o(i.USART_ReceiveData)
    USART_SendData                           0x0800668f   Thumb Code     8  stm32f10x_usart.o(i.USART_SendData)
    UsageFault_Handler                       0x08006697   Thumb Code     4  stm32f10x_it.o(i.UsageFault_Handler)
    Voltage_Check                            0x0800669d   Thumb Code   208  adc.o(i.Voltage_Check)
    WIFI_UFO_Connect                         0x08006785   Thumb Code    70  wifi_ufo.o(i.WIFI_UFO_Connect)
    WIFI_UFO_Data_Receive_Anl                0x080067dd   Thumb Code   182  wifi_ufo.o(i.WIFI_UFO_Data_Receive_Anl)
    __0printf$1                              0x080068d5   Thumb Code    22  printf1.o(i.__0printf$1)
    __1printf$1                              0x080068d5   Thumb Code     0  printf1.o(i.__0printf$1)
    __2printf                                0x080068d5   Thumb Code     0  printf1.o(i.__0printf$1)
    __ARM_fpclassify                         0x080068f5   Thumb Code    40  fpclassify.o(i.__ARM_fpclassify)
    __ARM_fpclassifyf                        0x0800691d   Thumb Code    38  fpclassifyf.o(i.__ARM_fpclassifyf)
    __ieee754_rem_pio2                       0x08006945   Thumb Code   828  rred.o(i.__ieee754_rem_pio2)
    __kernel_poly                            0x08006ccd   Thumb Code   170  poly.o(i.__kernel_poly)
    __kernel_tan                             0x08006d79   Thumb Code   586  tan_i.o(i.__kernel_tan)
    __mathlib_dbl_infnan                     0x08006ff5   Thumb Code     6  dunder.o(i.__mathlib_dbl_infnan)
    __mathlib_dbl_invalid                    0x08006ffb   Thumb Code    12  dunder.o(i.__mathlib_dbl_invalid)
    __mathlib_dbl_underflow                  0x08007009   Thumb Code    10  dunder.o(i.__mathlib_dbl_underflow)
    __mathlib_flt_infnan2                    0x08007019   Thumb Code     4  funder.o(i.__mathlib_flt_infnan2)
    __mathlib_flt_underflow                  0x0800701d   Thumb Code    10  funder.o(i.__mathlib_flt_underflow)
    __scatterload_copy                       0x08007027   Thumb Code    14  handlers.o(i.__scatterload_copy)
    __scatterload_null                       0x08007035   Thumb Code     2  handlers.o(i.__scatterload_null)
    __scatterload_zeroinit                   0x08007037   Thumb Code    14  handlers.o(i.__scatterload_zeroinit)
    __set_errno                              0x08007045   Thumb Code     6  errno.o(i.__set_errno)
    asin                                     0x080071a5   Thumb Code   572  asin.o(i.asin)
    atan2f                                   0x08007415   Thumb Code   528  atan2f.o(i.atan2f)
    cycleCounterInit                         0x08007671   Thumb Code    26  delay.o(i.cycleCounterInit)
    delay_ms                                 0x08007695   Thumb Code    44  delay.o(i.delay_ms)
    fix_inte_filter                          0x080076c5   Thumb Code   108  spl06.o(i.fix_inte_filter)
    fputc                                    0x08007731   Thumb Code    32  uart1.o(i.fputc)
    kalman_1                                 0x08007755   Thumb Code    88  kalman.o(i.kalman_1)
    main                                     0x080077ad   Thumb Code   118  main.o(i.main)
    main_loop                                0x08007831   Thumb Code   160  scheduler.o(i.main_loop)
    move_Controler                           0x080078d5   Thumb Code   118  control.o(i.move_Controler)
    pidRest                                  0x08007971   Thumb Code    44  pid.o(i.pidRest)
    pidUpdate                                0x0800799d   Thumb Code   106  pid.o(i.pidUpdate)
    pid_param_Init                           0x08007a09   Thumb Code   180  init.o(i.pid_param_Init)
    spl0601_get_calib_param                  0x08007b1d   Thumb Code   476  spl06.o(i.spl0601_get_calib_param)
    spl0601_get_pressure1                    0x08007d01   Thumb Code   276  spl06.o(i.spl0601_get_pressure1)
    spl0601_get_raw_pressure                 0x08007e19   Thumb Code   102  spl06.o(i.spl0601_get_raw_pressure)
    spl0601_get_raw_temp                     0x08007e85   Thumb Code   106  spl06.o(i.spl0601_get_raw_temp)
    spl0601_get_temperature                  0x08007ef5   Thumb Code   112  spl06.o(i.spl0601_get_temperature)
    spl0601_init                             0x08007f6d   Thumb Code    78  spl06.o(i.spl0601_init)
    spl0601_rateset                          0x08007fc5   Thumb Code   318  spl06.o(i.spl0601_rateset)
    spl0601_read                             0x08008109   Thumb Code    22  spl06.o(i.spl0601_read)
    spl0601_start_continuous                 0x0800811f   Thumb Code    18  spl06.o(i.spl0601_start_continuous)
    spl0601_write                            0x08008131   Thumb Code    20  spl06.o(i.spl0601_write)
    sqrt                                     0x08008145   Thumb Code    76  sqrt.o(i.sqrt)
    tan                                      0x08008191   Thumb Code    90  tan.o(i.tan)
    TX_ADDRESS                               0x080081f4   Data           5  nrf24l01.o(.constdata)
    RX_ADDRESS                               0x080081f9   Data           5  nrf24l01.o(.constdata)
    M_PI                                     0x08008200   Data           4  mymath.o(.constdata)
    RtA                                      0x08008204   Data           4  mymath.o(.constdata)
    AtR                                      0x08008208   Data           4  mymath.o(.constdata)
    Gyro_G                                   0x0800820c   Data           4  mymath.o(.constdata)
    Gyro_Gr                                  0x08008210   Data           4  mymath.o(.constdata)
    PI_2                                     0x08008214   Data           4  mymath.o(.constdata)
    Region$$Table$$Base                      0x08008390   Number         0  anon$$obj.o(Region$$Table)
    Region$$Table$$Limit                     0x080083b0   Number         0  anon$$obj.o(Region$$Table)
    SystemCoreClock                          0x20000000   Data           4  system_stm32f10x.o(.data)
    AHBPrescTable                            0x20000004   Data          16  system_stm32f10x.o(.data)
    SysTick_count22                          0x20000018   Data           4  delay.o(.data)
    sys_init_ok                              0x2000001c   Data           1  delay.o(.data)
    time_sum                                 0x20000024   Data           4  scheduler.o(.data)
    SysTick_count                            0x2000002c   Data           4  init.o(.data)
    spl_flag                                 0x20000030   Data           1  init.o(.data)
    AK8975                                   0x20000032   Data           6  init.o(.data)
    ST_CpuID                                 0x20000038   Data           4  init.o(.data)
    Command                                  0x2000003c   Data           3  init.o(.data)
    ADC_ConvertedValue                       0x20000058   Data           4  adc.o(.data)
    voltage                                  0x2000005c   Data           2  adc.o(.data)
    TxCounter                                0x20000068   Data           1  uart1.o(.data)
    count                                    0x20000069   Data           1  uart1.o(.data)
    com_data                                 0x2000006a   Data           1  uart1.o(.data)
    TxCounter2                               0x20000070   Data           1  usart2.o(.data)
    count2                                   0x20000071   Data           1  usart2.o(.data)
    LED                                      0x20000078   Data           4  led.o(.data)
    LED_warn                                 0x2000007c   Data           1  led.o(.data)
    falg_Time                                0x2000007e   Data           2  led.o(.data)
    MPU_Err                                  0x20000088   Data           1  nrf24l01.o(.data)
    NRF_Err                                  0x20000089   Data           1  nrf24l01.o(.data)
    SPL_Err                                  0x2000008a   Data           1  nrf24l01.o(.data)
    NRF_SSI                                  0x2000008b   Data           1  nrf24l01.o(.data)
    NRF_SSI_CNT                              0x2000008c   Data           1  nrf24l01.o(.data)
    Nrf_Erro                                 0x2000008e   Data           2  nrf24l01.o(.data)
    _CH                                      0x20000090   Data           1  nrf24l01.o(.data)
    ult_err                                  0x200000e8   Data           1  spl06.o(.data)
    ult_ok                                   0x200000e9   Data           1  spl06.o(.data)
    Locat_SSI                                0x200000ea   Data           1  spl06.o(.data)
    Locat_SSI_CNT                            0x200000eb   Data           1  spl06.o(.data)
    Locat_Err                                0x200000ec   Data           1  spl06.o(.data)
    Locat_Mode                               0x200000ed   Data           1  spl06.o(.data)
    Flow_SSI                                 0x200000ee   Data           1  spl06.o(.data)
    Flow_SSI_CNT                             0x200000ef   Data           1  spl06.o(.data)
    Flow_Err                                 0x200000f0   Data           1  spl06.o(.data)
    alt_3                                    0x200000f4   Data           4  spl06.o(.data)
    height                                   0x200000f8   Data           4  spl06.o(.data)
    temperature                              0x200000fc   Data           4  spl06.o(.data)
    baro_pressure                            0x20000100   Data           4  spl06.o(.data)
    baro_height                              0x20000104   Data           4  spl06.o(.data)
    baro_height_old                          0x20000108   Data           4  spl06.o(.data)
    baro_Offset                              0x2000010c   Data           4  spl06.o(.data)
    baro_speed_o                             0x20000110   Data           4  spl06.o(.data)
    baro_speed                               0x20000114   Data           4  spl06.o(.data)
    speed_av                                 0x20000118   Data           4  spl06.o(.data)
    speed_av_cnt                             0x2000011c   Data           2  spl06.o(.data)
    speed_delta                              0x20000120   Data           4  spl06.o(.data)
    speed_delta_lpf                          0x20000124   Data           4  spl06.o(.data)
    baro_start                               0x20000128   Data           1  spl06.o(.data)
    wcz_ref_h                                0x2000012c   Data           4  spl06.o(.data)
    wcz_ref_hs                               0x20000130   Data           4  spl06.o(.data)
    wcz_ref_x                                0x20000134   Data           4  spl06.o(.data)
    wcz_ref_xs                               0x20000138   Data           4  spl06.o(.data)
    wcz_ref_y                                0x2000013c   Data           4  spl06.o(.data)
    wcz_ref_ys                               0x20000140   Data           4  spl06.o(.data)
    high_calc_en                             0x20000144   Data           1  spl06.o(.data)
    flag                                     0x200001a4   Data           6  ano_dt.o(.data)
    TxCounter3                               0x200001b2   Data           1  ano_dt.o(.data)
    count3                                   0x200001b3   Data           1  ano_dt.o(.data)
    test_flag                                0x200001bc   Data           2  remote.o(.data)
    set_flag                                 0x200001be   Data           2  remote.o(.data)
    ON_flag                                  0x200001c0   Data           1  remote.o(.data)
    F_M_flag                                 0x200001c2   Data           2  remote.o(.data)
    L_R_flag                                 0x200001c4   Data           2  remote.o(.data)
    Throttle_out                             0x200001d4   Data           4  control.o(.data)
    pPidObject                               0x200001d8   Data          48  control.o(.data)
    HIGH_START                               0x20000208   Data           2  control.o(.data)
    Control_high                             0x2000020c   Data           4  control.o(.data)
    altHold_Pos_Save                         0x20000210   Data           4  control.o(.data)
    Pos_breaktime                            0x20000214   Data           4  control.o(.data)
    Pos_break_save                           0x20000218   Data           4  control.o(.data)
    SStime                                   0x2000021c   Data           2  control.o(.data)
    move_X                                   0x2000021e   Data           2  control.o(.data)
    move_Y                                   0x20000220   Data           2  control.o(.data)
    motor                                    0x20000222   Data           8  control.o(.data)
    WIFI_UFO_Err                             0x2000024c   Data           2  wifi_ufo.o(.data)
    WIFI_SSI                                 0x2000024e   Data           1  wifi_ufo.o(.data)
    WIFI_SSI_CNT                             0x2000024f   Data           1  wifi_ufo.o(.data)
    cnt                                      0x2000025c   Data           1  ano_data_transfer.o(.data)
    yaw_lock                                 0x2000025d   Data           1  ano_data_transfer.o(.data)
    Send_Check                               0x2000025e   Data           1  ano_data_transfer.o(.data)
    __stdout                                 0x2000027c   Data           4  stdout.o(.data)
    loop                                     0x200002b0   Data          18  scheduler.o(.bss)
    time                                     0x200002c4   Data          40  scheduler.o(.bss)
    MPU6050                                  0x20000318   Data          12  init.o(.bss)
    Angle                                    0x20000324   Data          12  init.o(.bss)
    Remote                                   0x20000330   Data          22  init.o(.bss)
    ALL_flag                                 0x20000348   Data          12  init.o(.bss)
    FlightData                               0x20000354   Data          16  init.o(.bss)
    pidRateX                                 0x20000364   Data         128  init.o(.bss)
    pidRateY                                 0x200003e4   Data         128  init.o(.bss)
    pidRateZ                                 0x20000464   Data         128  init.o(.bss)
    pidPitch                                 0x200004e4   Data         128  init.o(.bss)
    pidRoll                                  0x20000564   Data         128  init.o(.bss)
    pidYaw                                   0x200005e4   Data         128  init.o(.bss)
    pidHeightRate                            0x20000664   Data         128  init.o(.bss)
    pidHeightHigh                            0x200006e4   Data         128  init.o(.bss)
    Flow_PosPid_x                            0x20000764   Data         128  init.o(.bss)
    Flow_PosPid_y                            0x200007e4   Data         128  init.o(.bss)
    Flow_SpeedPid_x                          0x20000864   Data         128  init.o(.bss)
    Flow_SpeedPid_y                          0x200008e4   Data         128  init.o(.bss)
    IMU                                      0x20000964   Data          40  init.o(.bss)
    TxBuffer                                 0x200009b8   Data         256  uart1.o(.bss)
    TxBuffer2                                0x20000ae4   Data         256  usart2.o(.bss)
    NRF24L01_2_RXDATA                        0x20000c10   Data          32  nrf24l01.o(.bss)
    NRF24L01_2_TXDATA                        0x20000c30   Data          32  nrf24l01.o(.bss)
    MpuOffset                                0x20000c7c   Data          12  mpu6050.o(.bss)
    speed_av_arr                             0x20000cc0   Data          40  spl06.o(.bss)
    wcz_h_fus                                0x20000ce8   Data          24  spl06.o(.bss)
    wcz_hs_fus                               0x20000d00   Data          24  spl06.o(.bss)
    wcz_x_fus                                0x20000d18   Data          24  spl06.o(.bss)
    wcz_xs_fus                               0x20000d30   Data          24  spl06.o(.bss)
    wcz_y_fus                                0x20000d48   Data          24  spl06.o(.bss)
    wcz_ys_fus                               0x20000d60   Data          24  spl06.o(.bss)
    mini                                     0x20000da4   Data          36  flow.o(.bss)
    pixel_flow                               0x20000dc8   Data          96  flow.o(.bss)
    TxBuffer3                                0x20000edc   Data         256  ano_dt.o(.bss)
    f                                        0x2000103c   Data          14  ano_data_transfer.o(.bss)
    data_to_send                             0x2000104a   Data          50  ano_data_transfer.o(.bss)
    __initial_sp                             0x20001488   Data           0  startup_stm32f10x_md.o(STACK)



==============================================================================

Memory Map of the image

  Image Entry point : 0x080000ed

  Load Region LR_IROM1 (Base: 0x08000000, Size: 0x00008634, Max: 0x00010000, ABSOLUTE, COMPRESSED[0x00008440])

    Execution Region ER_IROM1 (Exec base: 0x08000000, Load base: 0x08000000, Size: 0x000083b0, Max: 0x00010000, ABSOLUTE)

    Exec Addr    Load Addr    Size         Type   Attr      Idx    E Section Name        Object

    0x08000000   0x08000000   0x000000ec   Data   RO          105    RESET               startup_stm32f10x_md.o
    0x080000ec   0x080000ec   0x00000000   Code   RO         4928  * .ARM.Collect$$$$00000000  mc_w.l(entry.o)
    0x080000ec   0x080000ec   0x00000004   Code   RO         5293    .ARM.Collect$$$$00000001  mc_w.l(entry2.o)
    0x080000f0   0x080000f0   0x00000004   Code   RO         5296    .ARM.Collect$$$$00000004  mc_w.l(entry5.o)
    0x080000f4   0x080000f4   0x00000000   Code   RO         5298    .ARM.Collect$$$$00000008  mc_w.l(entry7b.o)
    0x080000f4   0x080000f4   0x00000000   Code   RO         5300    .ARM.Collect$$$$0000000A  mc_w.l(entry8b.o)
    0x080000f4   0x080000f4   0x00000008   Code   RO         5301    .ARM.Collect$$$$0000000B  mc_w.l(entry9a.o)
    0x080000fc   0x080000fc   0x00000000   Code   RO         5303    .ARM.Collect$$$$0000000D  mc_w.l(entry10a.o)
    0x080000fc   0x080000fc   0x00000000   Code   RO         5305    .ARM.Collect$$$$0000000F  mc_w.l(entry11a.o)
    0x080000fc   0x080000fc   0x00000004   Code   RO         5294    .ARM.Collect$$$$00002712  mc_w.l(entry2.o)
    0x08000100   0x08000100   0x00000024   Code   RO          106    .text               startup_stm32f10x_md.o
    0x08000124   0x08000124   0x00000024   Code   RO         4931    .text               mc_w.l(memcpya.o)
    0x08000148   0x08000148   0x00000024   Code   RO         4933    .text               mc_w.l(memseta.o)
    0x0800016c   0x0800016c   0x000000b0   Code   RO         5198    .text               mf_w.l(fadd.o)
    0x0800021c   0x0800021c   0x00000064   Code   RO         5200    .text               mf_w.l(fmul.o)
    0x08000280   0x08000280   0x0000007c   Code   RO         5202    .text               mf_w.l(fdiv.o)
    0x080002fc   0x080002fc   0x0000014e   Code   RO         5204    .text               mf_w.l(dadd.o)
    0x0800044a   0x0800044a   0x000000e4   Code   RO         5206    .text               mf_w.l(dmul.o)
    0x0800052e   0x0800052e   0x00000012   Code   RO         5208    .text               mf_w.l(fflti.o)
    0x08000540   0x08000540   0x0000000a   Code   RO         5210    .text               mf_w.l(ffltui.o)
    0x0800054a   0x0800054a   0x00000022   Code   RO         5212    .text               mf_w.l(dflti.o)
    0x0800056c   0x0800056c   0x00000032   Code   RO         5214    .text               mf_w.l(ffixi.o)
    0x0800059e   0x0800059e   0x00000028   Code   RO         5216    .text               mf_w.l(ffixui.o)
    0x080005c6   0x080005c6   0x00000026   Code   RO         5220    .text               mf_w.l(f2d.o)
    0x080005ec   0x080005ec   0x00000030   Code   RO         5222    .text               mf_w.l(cdcmple.o)
    0x0800061c   0x0800061c   0x00000030   Code   RO         5224    .text               mf_w.l(cdrcmple.o)
    0x0800064c   0x0800064c   0x00000038   Code   RO         5226    .text               mf_w.l(d2f.o)
    0x08000684   0x08000684   0x00000014   Code   RO         5228    .text               mf_w.l(cfcmple.o)
    0x08000698   0x08000698   0x00000014   Code   RO         5230    .text               mf_w.l(cfrcmple.o)
    0x080006ac   0x080006ac   0x0000002c   Code   RO         5308    .text               mc_w.l(uidiv.o)
    0x080006d8   0x080006d8   0x0000001e   Code   RO         5312    .text               mc_w.l(llshl.o)
    0x080006f6   0x080006f6   0x00000020   Code   RO         5314    .text               mc_w.l(llushr.o)
    0x08000716   0x08000716   0x00000024   Code   RO         5316    .text               mc_w.l(llsshr.o)
    0x0800073a   0x0800073a   0x00000000   Code   RO         5325    .text               mc_w.l(iusefp.o)
    0x0800073a   0x0800073a   0x0000006e   Code   RO         5326    .text               mf_w.l(fepilogue.o)
    0x080007a8   0x080007a8   0x00000018   Code   RO         5328    .text               mf_w.l(fscalb.o)
    0x080007c0   0x080007c0   0x000000ba   Code   RO         5330    .text               mf_w.l(depilogue.o)
    0x0800087a   0x0800087a   0x000000de   Code   RO         5332    .text               mf_w.l(ddiv.o)
    0x08000958   0x08000958   0x0000002e   Code   RO         5334    .text               mf_w.l(dscalb.o)
    0x08000986   0x08000986   0x00000002   PAD
    0x08000988   0x08000988   0x00000024   Code   RO         5338    .text               mc_w.l(init.o)
    0x080009ac   0x080009ac   0x000000a2   Code   RO         5342    .text               mf_w.l(dsqrt.o)
    0x08000a4e   0x08000a4e   0x0000001a   Code   RO         5344    .text               mf_w.l(dfltui.o)
    0x08000a68   0x08000a68   0x0000003e   Code   RO         5346    .text               mf_w.l(dfixi.o)
    0x08000aa6   0x08000aa6   0x00000056   Code   RO         5356    .text               mc_w.l(__dczerorl2.o)
    0x08000afc   0x08000afc   0x00000030   Code   RO         3632    i.ADC1_GPIO_Config  adc.o
    0x08000b2c   0x08000b2c   0x0000000c   Code   RO         3633    i.ADC1_Init         adc.o
    0x08000b38   0x08000b38   0x000000e0   Code   RO         3634    i.ADC1_Mode_Config  adc.o
    0x08000c18   0x08000c18   0x00000016   Code   RO          548    i.ADC_Cmd           stm32f10x_adc.o
    0x08000c2e   0x08000c2e   0x00000016   Code   RO          549    i.ADC_DMACmd        stm32f10x_adc.o
    0x08000c44   0x08000c44   0x00000014   Code   RO          556    i.ADC_GetCalibrationStatus  stm32f10x_adc.o
    0x08000c58   0x08000c58   0x00000014   Code   RO          562    i.ADC_GetResetCalibrationStatus  stm32f10x_adc.o
    0x08000c6c   0x08000c6c   0x00000050   Code   RO          566    i.ADC_Init          stm32f10x_adc.o
    0x08000cbc   0x08000cbc   0x000000b8   Code   RO          570    i.ADC_RegularChannelConfig  stm32f10x_adc.o
    0x08000d74   0x08000d74   0x0000000a   Code   RO          571    i.ADC_ResetCalibration  stm32f10x_adc.o
    0x08000d7e   0x08000d7e   0x00000016   Code   RO          573    i.ADC_SoftwareStartConvCmd  stm32f10x_adc.o
    0x08000d94   0x08000d94   0x0000000a   Code   RO          575    i.ADC_StartCalibration  stm32f10x_adc.o
    0x08000d9e   0x08000d9e   0x00000002   PAD
    0x08000da0   0x08000da0   0x000000a0   Code   RO          471    i.ALL_Init          init.o
    0x08000e40   0x08000e40   0x00000654   Code   RO         4503    i.ANO_DT_Data_Exchange  ano_data_transfer.o
    0x08001494   0x08001494   0x0000018c   Code   RO         4277    i.ANO_DT_Data_Receive_Anl  ano_dt.o
    0x08001620   0x08001620   0x000000e8   Code   RO         4278    i.ANO_DT_Data_Receive_Prepare  ano_dt.o
    0x08001708   0x08001708   0x00000084   Code   RO         4279    i.ANO_DT_Send_Check  ano_dt.o
    0x0800178c   0x0800178c   0x00000010   Code   RO         4504    i.ANO_DT_Send_Data  ano_data_transfer.o
    0x0800179c   0x0800179c   0x00000184   Code   RO         4507    i.ANO_DT_Send_PID   ano_data_transfer.o
    0x08001920   0x08001920   0x000000f4   Code   RO         4508    i.ANO_DT_Send_Power  ano_data_transfer.o
    0x08001a14   0x08001a14   0x00000164   Code   RO         4509    i.ANO_DT_Send_RCData  ano_data_transfer.o
    0x08001b78   0x08001b78   0x0000019c   Code   RO         4510    i.ANO_DT_Send_Senser  ano_data_transfer.o
    0x08001d14   0x08001d14   0x000000a0   Code   RO         4511    i.ANO_DT_Send_Senser2  ano_data_transfer.o
    0x08001db4   0x08001db4   0x00000148   Code   RO         4513    i.ANO_DT_Send_Status  ano_data_transfer.o
    0x08001efc   0x08001efc   0x000000b4   Code   RO         4515    i.ANO_DT_Send_speed  ano_data_transfer.o
    0x08001fb0   0x08001fb0   0x00000060   Code   RO         3845    i.ANO_NRF_Check_Event  nrf24l01.o
    0x08002010   0x08002010   0x000000fc   Code   RO         3846    i.ANO_NRF_Init      nrf24l01.o
    0x0800210c   0x0800210c   0x00000028   Code   RO         3847    i.ANO_NRF_TxPacket_AP  nrf24l01.o
    0x08002134   0x08002134   0x000000d4   Code   RO         3728    i.ANO_Uart1_Init    uart1.o
    0x08002208   0x08002208   0x000003e0   Code   RO         4281    i.ANTO_Send         ano_dt.o
    0x080025e8   0x080025e8   0x0000029c   Code   RO         4282    i.ANTO_polling      ano_dt.o
    0x08002884   0x08002884   0x00000088   Code   RO         4396    i.Att_Err_Check     control.o
    0x0800290c   0x0800290c   0x00000004   Code   RO          110    i.BusFault_Handler  stm32f10x_it.o
    0x08002910   0x08002910   0x0000001e   Code   RO         4867    i.CascadePID        pid.o
    0x0800292e   0x0800292e   0x00000018   Code   RO         1248    i.DMA_Cmd           stm32f10x_dma.o
    0x08002946   0x08002946   0x00000002   PAD
    0x08002948   0x08002948   0x0000014c   Code   RO         1249    i.DMA_DeInit        stm32f10x_dma.o
    0x08002a94   0x08002a94   0x0000003c   Code   RO         1254    i.DMA_Init          stm32f10x_dma.o
    0x08002ad0   0x08002ad0   0x00000002   Code   RO          111    i.DebugMon_Handler  stm32f10x_it.o
    0x08002ad2   0x08002ad2   0x00000002   PAD
    0x08002ad4   0x08002ad4   0x000000a8   Code   RO         4108    i.Drv_Spl0601_Read  spl06.o
    0x08002b7c   0x08002b7c   0x000000d4   Code   RO          399    i.Duty_1000ms       scheduler.o
    0x08002c50   0x08002c50   0x00000050   Code   RO          400    i.Duty_10ms         scheduler.o
    0x08002ca0   0x08002ca0   0x00000024   Code   RO          401    i.Duty_20ms         scheduler.o
    0x08002cc4   0x08002cc4   0x00000030   Code   RO          402    i.Duty_2ms          scheduler.o
    0x08002cf4   0x08002cf4   0x00000034   Code   RO          403    i.Duty_4ms          scheduler.o
    0x08002d28   0x08002d28   0x0000002c   Code   RO          404    i.Duty_50ms         scheduler.o
    0x08002d54   0x08002d54   0x00000034   Code   RO          405    i.Duty_6ms          scheduler.o
    0x08002d88   0x08002d88   0x000000a8   Code   RO         4516    i.Flag_Check        ano_data_transfer.o
    0x08002e30   0x08002e30   0x00000140   Code   RO         4397    i.FlightPidControl  control.o
    0x08002f70   0x08002f70   0x000000fc   Code   RO         4398    i.Flow_Pos_Controler  control.o
    0x0800306c   0x0800306c   0x000001a0   Code   RO         4242    i.Flow_Receive1     flow.o
    0x0800320c   0x0800320c   0x00000164   Code   RO         4399    i.Flow_mode_two     control.o
    0x08003370   0x08003370   0x00000116   Code   RO         1675    i.GPIO_Init         stm32f10x_gpio.o
    0x08003486   0x08003486   0x00000002   PAD
    0x08003488   0x08003488   0x00000090   Code   RO         1677    i.GPIO_PinRemapConfig  stm32f10x_gpio.o
    0x08003518   0x08003518   0x00000004   Code   RO         1683    i.GPIO_SetBits      stm32f10x_gpio.o
    0x0800351c   0x0800351c   0x0000000c   Code   RO         4739    i.GetAccz           imu.o
    0x08003528   0x08003528   0x0000076c   Code   RO         4740    i.GetAngle          imu.o
    0x08003c94   0x08003c94   0x00000014   Code   RO          472    i.GetLockCode       init.o
    0x08003ca8   0x08003ca8   0x00000044   Code   RO          341    i.GetSysTime_us     delay.o
    0x08003cec   0x08003cec   0x00000004   Code   RO          112    i.HardFault_Handler  stm32f10x_it.o
    0x08003cf0   0x08003cf0   0x000001d4   Code   RO         4400    i.HeightPidControl  control.o
    0x08003ec4   0x08003ec4   0x00000284   Code   RO         4109    i.Height_Get        spl06.o
    0x08004148   0x08004148   0x00000114   Code   RO         4110    i.High_Data_Calc    spl06.o
    0x0800425c   0x0800425c   0x00000018   Code   RO         4111    i.High_Data_Reset   spl06.o
    0x08004274   0x08004274   0x000000cc   Code   RO         3500    i.I2c_Ack           iic_software.o
    0x08004340   0x08004340   0x000000cc   Code   RO         3501    i.I2c_NoAck         iic_software.o
    0x0800440c   0x0800440c   0x000000c0   Code   RO         3502    i.I2c_ReadByte      iic_software.o
    0x080044cc   0x080044cc   0x000000c0   Code   RO         3503    i.I2c_SendByte      iic_software.o
    0x0800458c   0x0800458c   0x00000094   Code   RO         3505    i.I2c_Start         iic_software.o
    0x08004620   0x08004620   0x0000009c   Code   RO         3506    i.I2c_Stop          iic_software.o
    0x080046bc   0x080046bc   0x000000b4   Code   RO         3507    i.I2c_WaitAck       iic_software.o
    0x08004770   0x08004770   0x0000002c   Code   RO         3508    i.IIC_Init          iic_software.o
    0x0800479c   0x0800479c   0x00000052   Code   RO         3509    i.IIC_Read_1Byte    iic_software.o
    0x080047ee   0x080047ee   0x00000064   Code   RO         3510    i.IIC_Read_One_Byte  iic_software.o
    0x08004852   0x08004852   0x00000044   Code   RO         3513    i.IIC_Write_One_Byte  iic_software.o
    0x08004896   0x08004896   0x00000080   Code   RO         3514    i.IIC_read_Bytes    iic_software.o
    0x08004916   0x08004916   0x00000002   PAD
    0x08004918   0x08004918   0x00000010   Code   RO         1987    i.IWDG_Enable       stm32f10x_iwdg.o
    0x08004928   0x08004928   0x00000008   Code   RO          192    i.IWDG_Feed         main.o
    0x08004930   0x08004930   0x00000024   Code   RO          193    i.IWDG_Init         main.o
    0x08004954   0x08004954   0x00000010   Code   RO         1989    i.IWDG_ReloadCounter  stm32f10x_iwdg.o
    0x08004964   0x08004964   0x0000000c   Code   RO         1990    i.IWDG_SetPrescaler  stm32f10x_iwdg.o
    0x08004970   0x08004970   0x0000000c   Code   RO         1991    i.IWDG_SetReload    stm32f10x_iwdg.o
    0x0800497c   0x0800497c   0x0000000c   Code   RO         1992    i.IWDG_WriteAccessCmd  stm32f10x_iwdg.o
    0x08004988   0x08004988   0x00000044   Code   RO         3820    i.LEDInit           led.o
    0x080049cc   0x080049cc   0x0000006c   Code   RO          406    i.Loop_check        scheduler.o
    0x08004a38   0x08004a38   0x00000004   Code   RO          113    i.MemManage_Handler  stm32f10x_it.o
    0x08004a3c   0x08004a3c   0x00000010   Code   RO         4401    i.Mode_Controler    control.o
    0x08004a4c   0x08004a4c   0x000002a4   Code   RO         4402    i.MotorControl      control.o
    0x08004cf0   0x08004cf0   0x000000a4   Code   RO         4611    i.Moving_Average    filter.o
    0x08004d94   0x08004d94   0x000000f4   Code   RO         4050    i.MpuGetData        mpu6050.o
    0x08004e88   0x08004e88   0x00000128   Code   RO         4051    i.MpuGetOffset      mpu6050.o
    0x08004fb0   0x08004fb0   0x000000a8   Code   RO         4052    i.MpuInit           mpu6050.o
    0x08005058   0x08005058   0x00000002   Code   RO          114    i.NMI_Handler       stm32f10x_it.o
    0x0800505a   0x0800505a   0x00000002   PAD
    0x0800505c   0x0800505c   0x0000004c   Code   RO         3848    i.NRF24L01_Check    nrf24l01.o
    0x080050a8   0x080050a8   0x00000090   Code   RO         3849    i.NRF24L01_Configuration  nrf24l01.o
    0x08005138   0x08005138   0x00000044   Code   RO         3850    i.NRF24L01_Read_Buf  nrf24l01.o
    0x0800517c   0x0800517c   0x0000002c   Code   RO         3851    i.NRF24L01_Read_Reg  nrf24l01.o
    0x080051a8   0x080051a8   0x00000044   Code   RO         3854    i.NRF24L01_Write_Buf  nrf24l01.o
    0x080051ec   0x080051ec   0x00000030   Code   RO         3855    i.NRF24L01_Write_Reg  nrf24l01.o
    0x0800521c   0x0800521c   0x00000064   Code   RO         3856    i.NRF24L01_init     nrf24l01.o
    0x08005280   0x08005280   0x00000060   Code   RO         3857    i.NRF_Connect       nrf24l01.o
    0x080052e0   0x080052e0   0x00000070   Code   RO          506    i.NVIC_Init         misc.o
    0x08005350   0x08005350   0x00000014   Code   RO          507    i.NVIC_PriorityGroupConfig  misc.o
    0x08005364   0x08005364   0x00000002   Code   RO          115    i.PendSV_Handler    stm32f10x_it.o
    0x08005366   0x08005366   0x00000002   PAD
    0x08005368   0x08005368   0x00000180   Code   RO         3821    i.PilotLED          led.o
    0x080054e8   0x080054e8   0x0000027c   Code   RO         4243    i.Pixel_Flow_Fix    flow.o
    0x08005764   0x08005764   0x00000050   Code   RO         4768    i.Q_rsqrt           mymath.o
    0x080057b4   0x080057b4   0x00000018   Code   RO         2095    i.RCC_ADCCLKConfig  stm32f10x_rcc.o
    0x080057cc   0x080057cc   0x00000020   Code   RO         2096    i.RCC_AHBPeriphClockCmd  stm32f10x_rcc.o
    0x080057ec   0x080057ec   0x00000020   Code   RO         2097    i.RCC_APB1PeriphClockCmd  stm32f10x_rcc.o
    0x0800580c   0x0800580c   0x00000020   Code   RO         2099    i.RCC_APB2PeriphClockCmd  stm32f10x_rcc.o
    0x0800582c   0x0800582c   0x000000d4   Code   RO         2107    i.RCC_GetClocksFreq  stm32f10x_rcc.o
    0x08005900   0x08005900   0x0000006c   Code   RO         4347    i.RC_Analy          remote.o
    0x0800596c   0x0800596c   0x0000000e   Code   RO         4348    i.Rc_Connect        remote.o
    0x0800597a   0x0800597a   0x00000018   Code   RO         2579    i.SPI_Cmd           stm32f10x_spi.o
    0x08005992   0x08005992   0x00000002   PAD
    0x08005994   0x08005994   0x00000094   Code   RO         3667    i.SPI_Config        spi.o
    0x08005a28   0x08005a28   0x00000012   Code   RO         2587    i.SPI_I2S_GetFlagStatus  stm32f10x_spi.o
    0x08005a3a   0x08005a3a   0x00000006   Code   RO         2590    i.SPI_I2S_ReceiveData  stm32f10x_spi.o
    0x08005a40   0x08005a40   0x00000004   Code   RO         2591    i.SPI_I2S_SendData  stm32f10x_spi.o
    0x08005a44   0x08005a44   0x0000003c   Code   RO         2592    i.SPI_Init          stm32f10x_spi.o
    0x08005a80   0x08005a80   0x00000038   Code   RO         3668    i.SPI_RW            spi.o
    0x08005ab8   0x08005ab8   0x00000002   Code   RO          116    i.SVC_Handler       stm32f10x_it.o
    0x08005aba   0x08005aba   0x00000008   Code   RO           17    i.SetSysClock       system_stm32f10x.o
    0x08005ac2   0x08005ac2   0x00000002   PAD
    0x08005ac4   0x08005ac4   0x000000e0   Code   RO           18    i.SetSysClockTo72   system_stm32f10x.o
    0x08005ba4   0x08005ba4   0x00000008   Code   RO          117    i.SysTick_Handler   stm32f10x_it.o
    0x08005bac   0x08005bac   0x00000048   Code   RO          342    i.SysTick_IRQ       delay.o
    0x08005bf4   0x08005bf4   0x00000060   Code   RO           20    i.SystemInit        system_stm32f10x.o
    0x08005c54   0x08005c54   0x000000e0   Code   RO         3611    i.TIM2_PWM_Config   tim.o
    0x08005d34   0x08005d34   0x000000f0   Code   RO         3612    i.TIM3_PWM_Config   tim.o
    0x08005e24   0x08005e24   0x00000018   Code   RO         2722    i.TIM_ARRPreloadConfig  stm32f10x_tim.o
    0x08005e3c   0x08005e3c   0x00000018   Code   RO         2734    i.TIM_Cmd           stm32f10x_tim.o
    0x08005e54   0x08005e54   0x00000012   Code   RO         2759    i.TIM_ITConfig      stm32f10x_tim.o
    0x08005e66   0x08005e66   0x00000002   PAD
    0x08005e68   0x08005e68   0x00000098   Code   RO         2763    i.TIM_OC1Init       stm32f10x_tim.o
    0x08005f00   0x08005f00   0x00000012   Code   RO         2766    i.TIM_OC1PreloadConfig  stm32f10x_tim.o
    0x08005f12   0x08005f12   0x00000002   PAD
    0x08005f14   0x08005f14   0x000000a4   Code   RO         2768    i.TIM_OC2Init       stm32f10x_tim.o
    0x08005fb8   0x08005fb8   0x0000001a   Code   RO         2771    i.TIM_OC2PreloadConfig  stm32f10x_tim.o
    0x08005fd2   0x08005fd2   0x00000002   PAD
    0x08005fd4   0x08005fd4   0x000000a0   Code   RO         2773    i.TIM_OC3Init       stm32f10x_tim.o
    0x08006074   0x08006074   0x00000012   Code   RO         2776    i.TIM_OC3PreloadConfig  stm32f10x_tim.o
    0x08006086   0x08006086   0x00000002   PAD
    0x08006088   0x08006088   0x0000007c   Code   RO         2778    i.TIM_OC4Init       stm32f10x_tim.o
    0x08006104   0x08006104   0x0000001a   Code   RO         2780    i.TIM_OC4PreloadConfig  stm32f10x_tim.o
    0x0800611e   0x0800611e   0x00000002   PAD
    0x08006120   0x08006120   0x000000a4   Code   RO         2805    i.TIM_TimeBaseInit  stm32f10x_tim.o
    0x080061c4   0x080061c4   0x000000c8   Code   RO         3777    i.UART2_Init        usart2.o
    0x0800628c   0x0800628c   0x00000088   Code   RO         3732    i.USART1_IRQHandler  uart1.o
    0x08006314   0x08006314   0x00000084   Code   RO         3781    i.USART2_IRQHandler  usart2.o
    0x08006398   0x08006398   0x000000cc   Code   RO         3692    i.USART3_Config     usart3.o
    0x08006464   0x08006464   0x00000078   Code   RO         4283    i.USART3_IRQHandler  ano_dt.o
    0x080064dc   0x080064dc   0x00000030   Code   RO         3694    i.USART3_SendByte   usart3.o
    0x0800650c   0x0800650c   0x00000022   Code   RO         3268    i.USART_ClockInit   stm32f10x_usart.o
    0x0800652e   0x0800652e   0x00000018   Code   RO         3270    i.USART_Cmd         stm32f10x_usart.o
    0x08006546   0x08006546   0x0000001a   Code   RO         3273    i.USART_GetFlagStatus  stm32f10x_usart.o
    0x08006560   0x08006560   0x0000004a   Code   RO         3276    i.USART_ITConfig    stm32f10x_usart.o
    0x080065aa   0x080065aa   0x00000002   PAD
    0x080065ac   0x080065ac   0x000000d8   Code   RO         3277    i.USART_Init        stm32f10x_usart.o
    0x08006684   0x08006684   0x0000000a   Code   RO         3284    i.USART_ReceiveData  stm32f10x_usart.o
    0x0800668e   0x0800668e   0x00000008   Code   RO         3287    i.USART_SendData    stm32f10x_usart.o
    0x08006696   0x08006696   0x00000004   Code   RO          118    i.UsageFault_Handler  stm32f10x_it.o
    0x0800669a   0x0800669a   0x00000002   PAD
    0x0800669c   0x0800669c   0x000000e8   Code   RO         3635    i.Voltage_Check     adc.o
    0x08006784   0x08006784   0x00000058   Code   RO         4464    i.WIFI_UFO_Connect  wifi_ufo.o
    0x080067dc   0x080067dc   0x000000f8   Code   RO         4465    i.WIFI_UFO_Data_Receive_Anl  wifi_ufo.o
    0x080068d4   0x080068d4   0x00000020   Code   RO         4982    i.__0printf$1       mc_w.l(printf1.o)
    0x080068f4   0x080068f4   0x00000028   Code   RO         5246    i.__ARM_fpclassify  m_ws.l(fpclassify.o)
    0x0800691c   0x0800691c   0x00000026   Code   RO         5248    i.__ARM_fpclassifyf  m_ws.l(fpclassifyf.o)
    0x08006942   0x08006942   0x00000002   PAD
    0x08006944   0x08006944   0x00000388   Code   RO         5266    i.__ieee754_rem_pio2  m_ws.l(rred.o)
    0x08006ccc   0x08006ccc   0x000000aa   Code   RO         5264    i.__kernel_poly     m_ws.l(poly.o)
    0x08006d76   0x08006d76   0x00000002   PAD
    0x08006d78   0x08006d78   0x0000027c   Code   RO         5287    i.__kernel_tan      m_ws.l(tan_i.o)
    0x08006ff4   0x08006ff4   0x00000006   Code   RO         5233    i.__mathlib_dbl_infnan  m_ws.l(dunder.o)
    0x08006ffa   0x08006ffa   0x0000000c   Code   RO         5235    i.__mathlib_dbl_invalid  m_ws.l(dunder.o)
    0x08007006   0x08007006   0x00000002   PAD
    0x08007008   0x08007008   0x00000010   Code   RO         5238    i.__mathlib_dbl_underflow  m_ws.l(dunder.o)
    0x08007018   0x08007018   0x00000004   Code   RO         5252    i.__mathlib_flt_infnan2  m_ws.l(funder.o)
    0x0800701c   0x0800701c   0x0000000a   Code   RO         5256    i.__mathlib_flt_underflow  m_ws.l(funder.o)
    0x08007026   0x08007026   0x0000000e   Code   RO         5350    i.__scatterload_copy  mc_w.l(handlers.o)
    0x08007034   0x08007034   0x00000002   Code   RO         5351    i.__scatterload_null  mc_w.l(handlers.o)
    0x08007036   0x08007036   0x0000000e   Code   RO         5352    i.__scatterload_zeroinit  mc_w.l(handlers.o)
    0x08007044   0x08007044   0x0000000c   Code   RO         5320    i.__set_errno       mc_w.l(errno.o)
    0x08007050   0x08007050   0x00000154   Code   RO         4989    i._printf_core      mc_w.l(printf1.o)
    0x080071a4   0x080071a4   0x00000270   Code   RO         4895    i.asin              m_ws.l(asin.o)
    0x08007414   0x08007414   0x0000025c   Code   RO         4913    i.atan2f            m_ws.l(atan2f.o)
    0x08007670   0x08007670   0x00000024   Code   RO          343    i.cycleCounterInit  delay.o
    0x08007694   0x08007694   0x00000030   Code   RO          344    i.delay_ms          delay.o
    0x080076c4   0x080076c4   0x0000006c   Code   RO         4112    i.fix_inte_filter   spl06.o
    0x08007730   0x08007730   0x00000024   Code   RO         3733    i.fputc             uart1.o
    0x08007754   0x08007754   0x00000058   Code   RO         4671    i.kalman_1          kalman.o
    0x080077ac   0x080077ac   0x00000084   Code   RO          194    i.main              main.o
    0x08007830   0x08007830   0x000000a4   Code   RO          407    i.main_loop         scheduler.o
    0x080078d4   0x080078d4   0x0000009c   Code   RO         4403    i.move_Controler    control.o
    0x08007970   0x08007970   0x0000002c   Code   RO         4868    i.pidRest           pid.o
    0x0800799c   0x0800799c   0x0000006a   Code   RO         4869    i.pidUpdate         pid.o
    0x08007a06   0x08007a06   0x00000002   PAD
    0x08007a08   0x08007a08   0x00000114   Code   RO          473    i.pid_param_Init    init.o
    0x08007b1c   0x08007b1c   0x000001e4   Code   RO         4113    i.spl0601_get_calib_param  spl06.o
    0x08007d00   0x08007d00   0x00000118   Code   RO         4115    i.spl0601_get_pressure1  spl06.o
    0x08007e18   0x08007e18   0x0000006c   Code   RO         4116    i.spl0601_get_raw_pressure  spl06.o
    0x08007e84   0x08007e84   0x00000070   Code   RO         4117    i.spl0601_get_raw_temp  spl06.o
    0x08007ef4   0x08007ef4   0x00000078   Code   RO         4118    i.spl0601_get_temperature  spl06.o
    0x08007f6c   0x08007f6c   0x00000058   Code   RO         4119    i.spl0601_init      spl06.o
    0x08007fc4   0x08007fc4   0x00000144   Code   RO         4120    i.spl0601_rateset   spl06.o
    0x08008108   0x08008108   0x00000016   Code   RO         4121    i.spl0601_read      spl06.o
    0x0800811e   0x0800811e   0x00000012   Code   RO         4122    i.spl0601_start_continuous  spl06.o
    0x08008130   0x08008130   0x00000014   Code   RO         4125    i.spl0601_write     spl06.o
    0x08008144   0x08008144   0x0000004c   Code   RO         5272    i.sqrt              m_ws.l(sqrt.o)
    0x08008190   0x08008190   0x00000064   Code   RO         4921    i.tan               m_ws.l(tan.o)
    0x080081f4   0x080081f4   0x0000000a   Data   RO         3861    .constdata          nrf24l01.o
    0x080081fe   0x080081fe   0x00000002   PAD
    0x08008200   0x08008200   0x00000018   Data   RO         4782    .constdata          mymath.o
    0x08008218   0x08008218   0x00000050   Data   RO         4896    .constdata          m_ws.l(asin.o)
    0x08008268   0x08008268   0x000000c8   Data   RO         5268    .constdata          m_ws.l(rred.o)
    0x08008330   0x08008330   0x00000060   Data   RO         5288    .constdata          m_ws.l(tan_i.o)
    0x08008390   0x08008390   0x00000020   Data   RO         5348    Region$$Table       anon$$obj.o


    Execution Region RW_IRAM1 (Exec base: 0x20000000, Load base: 0x080083b0, Size: 0x00001488, Max: 0x00005000, ABSOLUTE, COMPRESSED[0x00000090])

    Exec Addr    Load Addr    Size         Type   Attr      Idx    E Section Name        Object

    0x20000000   COMPRESSED   0x00000014   Data   RW           21    .data               system_stm32f10x.o
    0x20000014   COMPRESSED   0x0000000a   Data   RW          347    .data               delay.o
    0x2000001e   COMPRESSED   0x00000002   PAD
    0x20000020   COMPRESSED   0x00000008   Data   RW          409    .data               scheduler.o
    0x20000028   COMPRESSED   0x00000017   Data   RW          475    .data               init.o
    0x2000003f   COMPRESSED   0x00000014   Data   RW         2127    .data               stm32f10x_rcc.o
    0x20000053   COMPRESSED   0x00000001   PAD
    0x20000054   COMPRESSED   0x0000000e   Data   RW         3637    .data               adc.o
    0x20000062   COMPRESSED   0x00000002   PAD
    0x20000064   COMPRESSED   0x00000007   Data   RW         3735    .data               uart1.o
    0x2000006b   COMPRESSED   0x00000001   PAD
    0x2000006c   COMPRESSED   0x00000006   Data   RW         3783    .data               usart2.o
    0x20000072   COMPRESSED   0x00000002   PAD
    0x20000074   COMPRESSED   0x00000010   Data   RW         3823    .data               led.o
    0x20000084   COMPRESSED   0x0000000e   Data   RW         3862    .data               nrf24l01.o
    0x20000092   COMPRESSED   0x00000002   PAD
    0x20000094   COMPRESSED   0x00000050   Data   RW         4055    .data               mpu6050.o
    0x200000e4   COMPRESSED   0x000000ae   Data   RW         4129    .data               spl06.o
    0x20000192   COMPRESSED   0x00000002   PAD
    0x20000194   COMPRESSED   0x0000000a   Data   RW         4245    .data               flow.o
    0x2000019e   COMPRESSED   0x00000002   PAD
    0x200001a0   COMPRESSED   0x00000018   Data   RW         4285    .data               ano_dt.o
    0x200001b8   COMPRESSED   0x00000017   Data   RW         4351    .data               remote.o
    0x200001cf   COMPRESSED   0x00000001   PAD
    0x200001d0   COMPRESSED   0x0000006e   Data   RW         4405    .data               control.o
    0x2000023e   COMPRESSED   0x00000002   PAD
    0x20000240   COMPRESSED   0x00000016   Data   RW         4468    .data               wifi_ufo.o
    0x20000256   COMPRESSED   0x00000002   PAD
    0x20000258   COMPRESSED   0x00000007   Data   RW         4518    .data               ano_data_transfer.o
    0x2000025f   COMPRESSED   0x00000001   PAD
    0x20000260   COMPRESSED   0x0000001c   Data   RW         4742    .data               imu.o
    0x2000027c   COMPRESSED   0x00000004   Data   RW         5307    .data               mc_w.l(stdout.o)
    0x20000280   COMPRESSED   0x00000004   Data   RW         5321    .data               mc_w.l(errno.o)
    0x20000284        -       0x00000068   Zero   RW          408    .bss                scheduler.o
    0x200002ec        -       0x000006a0   Zero   RW          474    .bss                init.o
    0x2000098c        -       0x0000012c   Zero   RW         3734    .bss                uart1.o
    0x20000ab8        -       0x0000012c   Zero   RW         3782    .bss                usart2.o
    0x20000be4        -       0x0000006c   Zero   RW         3860    .bss                nrf24l01.o
    0x20000c50        -       0x00000044   Zero   RW         4054    .bss                mpu6050.o
    0x20000c94        -       0x000000e4   Zero   RW         4128    .bss                spl06.o
    0x20000d78        -       0x000000f0   Zero   RW         4244    .bss                flow.o
    0x20000e68        -       0x000001a6   Zero   RW         4284    .bss                ano_dt.o
    0x2000100e   COMPRESSED   0x00000002   PAD
    0x20001010        -       0x0000006c   Zero   RW         4517    .bss                ano_data_transfer.o
    0x2000107c        -       0x0000000c   Zero   RW         4741    .bss                imu.o
    0x20001088        -       0x00000400   Zero   RW          103    STACK               startup_stm32f10x_md.o


==============================================================================

Image component sizes


      Code (inc. data)   RO Data    RW Data    ZI Data      Debug   Object Name

       516         44          0         14          0       3485   adc.o
      3872        222          0          7        108      10673   ano_data_transfer.o
      2540        274          0         24        422       7852   ano_dt.o
      2380        336          0        110          0       7467   control.o
         0          0          0          0          0       4536   core_cm3.o
       224         36          0         10          0       3238   delay.o
       164          8          0          0          0       1945   filter.o
      1052         66          0         10        240       5106   flow.o
      1698         38          0          0          0       9718   iic_software.o
      1912         50          0         28         12       2633   imu.o
       456        132          0         23       1696       6457   init.o
        88          0          0          0          0       1847   kalman.o
       452         38          0         16          0       3894   led.o
       176         14          0          0          0     231542   main.o
       132         22          0          0          0       1731   misc.o
       708         46          0         80         68       4578   mpu6050.o
        80          6         24          0          0       1181   mymath.o
      1032        100         10         14        108     223559   nrf24l01.o
       180          0          0          0          0       2351   pid.o
       122         24          0         23          0       2961   remote.o
       796        124          0          8        104       6117   scheduler.o
       204         14          0          0          0       1294   spi.o
      2796        224          0        174        228      14557   spl06.o
        36          8        236          0       1024        872   startup_stm32f10x_md.o
       390         10          0          0          0       8053   stm32f10x_adc.o
       416          8          0          0          0       3690   stm32f10x_dma.o
       426          6          0          0          0       3585   stm32f10x_gpio.o
        32          0          0          0          0       6038   stm32f10x_it.o
        68         30          0          0          0       2834   stm32f10x_iwdg.o
       332         44          0         20          0       6045   stm32f10x_rcc.o
       112          0          0          0          0       4234   stm32f10x_spi.o
       918         92          0          0          0       8979   stm32f10x_tim.o
       392          6          0          0          0       6539   stm32f10x_usart.o
       328         28          0         20          0      63425   system_stm32f10x.o
       464         28          0          0          0       1584   tim.o
       384         30          0          7        300       3161   uart1.o
       332         26          0          6        300       2295   usart2.o
       252         12          0          0          0       1994   usart3.o
       336         84          0         22          0       2988   wifi_ufo.o

    ----------------------------------------------------------------------
     26832       2230        304        636       4612     685038   Object Totals
         0          0         32          0          0          0   (incl. Generated)
        34          0          2         20          2          0   (incl. Padding)

    ----------------------------------------------------------------------

      Code (inc. data)   RO Data    RW Data    ZI Data      Debug   Library Member Name

       624         52         80          0          0        168   asin.o
       604         76          0          0          0        116   atan2f.o
        34          6          0          0          0        204   dunder.o
        40          0          0          0          0         68   fpclassify.o
        38          0          0          0          0         68   fpclassifyf.o
        14          0          0          0          0        136   funder.o
       170          0          0          0          0         96   poly.o
       904         76        200          0          0        140   rred.o
        76          0          0          0          0         84   sqrt.o
       100         10          0          0          0         96   tan.o
       636         50         96          0          0        168   tan_i.o
        86          0          0          0          0          0   __dczerorl2.o
         0          0          0          0          0          0   entry.o
         0          0          0          0          0          0   entry10a.o
         0          0          0          0          0          0   entry11a.o
         8          4          0          0          0          0   entry2.o
         4          0          0          0          0          0   entry5.o
         0          0          0          0          0          0   entry7b.o
         0          0          0          0          0          0   entry8b.o
         8          4          0          0          0          0   entry9a.o
        12          6          0          4          0         68   errno.o
        30          0          0          0          0          0   handlers.o
        36          8          0          0          0         68   init.o
         0          0          0          0          0          0   iusefp.o
        30          0          0          0          0         68   llshl.o
        36          0          0          0          0         68   llsshr.o
        32          0          0          0          0         68   llushr.o
        36          0          0          0          0         68   memcpya.o
        36          0          0          0          0        108   memseta.o
       372         14          0          0          0        184   printf1.o
         0          0          0          4          0          0   stdout.o
        44          0          0          0          0         80   uidiv.o
        48          0          0          0          0         68   cdcmple.o
        48          0          0          0          0         68   cdrcmple.o
        20          0          0          0          0         68   cfcmple.o
        20          0          0          0          0         68   cfrcmple.o
        56          0          0          0          0         88   d2f.o
       334          0          0          0          0        148   dadd.o
       222          0          0          0          0        100   ddiv.o
       186          0          0          0          0        176   depilogue.o
        62          0          0          0          0         80   dfixi.o
        34          0          0          0          0         76   dflti.o
        26          0          0          0          0         76   dfltui.o
       228          0          0          0          0         96   dmul.o
        46          0          0          0          0         80   dscalb.o
       162          0          0          0          0        100   dsqrt.o
        38          0          0          0          0         68   f2d.o
       176          0          0          0          0        140   fadd.o
       124          0          0          0          0         88   fdiv.o
       110          0          0          0          0        168   fepilogue.o
        50          0          0          0          0         68   ffixi.o
        40          0          0          0          0         68   ffixui.o
        18          0          0          0          0         68   fflti.o
        10          0          0          0          0         68   ffltui.o
       100          0          0          0          0         76   fmul.o
        24          0          0          0          0         68   fscalb.o

    ----------------------------------------------------------------------
      6200        306        376          8          0       4296   Library Totals
         8          0          0          0          0          0   (incl. Padding)

    ----------------------------------------------------------------------

      Code (inc. data)   RO Data    RW Data    ZI Data      Debug   Library Name

      3240        270        376          0          0       1344   m_ws.l
       770         36          0          8          0        780   mc_w.l
      2182          0          0          0          0       2172   mf_w.l

    ----------------------------------------------------------------------
      6200        306        376          8          0       4296   Library Totals

    ----------------------------------------------------------------------

==============================================================================


      Code (inc. data)   RO Data    RW Data    ZI Data      Debug   

     33032       2536        680        644       4612     678178   Grand Totals
     33032       2536        680        144       4612     678178   ELF Image Totals (compressed)
     33032       2536        680        144          0          0   ROM Totals

==============================================================================

    Total RO  Size (Code + RO Data)                33712 (  32.92kB)
    Total RW  Size (RW Data + ZI Data)              5256 (   5.13kB)
    Total ROM Size (Code + RO Data + RW Data)      33856 (  33.06kB)

==============================================================================

